06-24 14:03:54.712 12517 12582 I TestRunner: started: pokemonDetailScreen_rendersWithoutCrashing_multipleIds(com.example.ud1_modularization_example_2.feature.pokemon_detail.PokemonDetailScreenTest)
06-24 14:03:54.713  1239  1239 I TopTaskTracker: onTaskRemoved: taskId=54
06-24 14:03:54.713  1239  1239 I TopTaskTracker: onTaskRemoved: taskId=54
06-24 14:03:54.714 12517 12582 D IdlingRegistry: Registering idling resources: [androidx.compose.ui.test.EspressoLink@c092ec8]
06-24 14:03:54.715 12517 12582 W Settings: Setting always_finish_activities has moved from android.provider.Settings.System to android.provider.Settings.Global, returning read-only value.
06-24 14:03:54.717   580  3138 V GrammaticalInflectionUtils: AttributionSource: android.content.AttributionSource@8eb50431 does not have READ_SYSTEM_GRAMMATICAL_GENDER permission.
06-24 14:03:54.723  1239  1239 W SplitSelectStateCtor: Missing session instanceIds
06-24 14:03:54.723  1239  1239 D StatsLog: LAUNCHER_SPLIT_SELECTION_EXIT_INTERRUPTED
06-24 14:03:54.725   580   600 W WindowOnBackDispatcher: sendCancelIfRunning: isInProgress=false callback=android.view.ViewRootImpl$$ExternalSyntheticLambda11@8670877
06-24 14:03:54.727  1239  1239 I TopTaskTracker: onTaskMovedToFront: (moved taskInfo to front) taskId=55, baseIntent=Intent { act=android.intent.action.MAIN cat=[android.intent.category.LAUNCHER] flg=0x10008000 cmp=com.example.ud1_modularization_example_2.feature.pokemon_detail.test/androidx.activity.ComponentActivity }
06-24 14:03:54.727 12517 12517 D LifecycleMonitor: Lifecycle status change: androidx.activity.ComponentActivity@3de2255 in: PRE_ON_CREATE
06-24 14:03:54.728 12517 12517 V ActivityScenario: Activity lifecycle changed event received but ignored because the reported transition was not ON_CREATE while the last known transition was PRE_ON_CREATE
06-24 14:03:54.729 12517 12517 D LifecycleMonitor: Lifecycle status change: androidx.activity.ComponentActivity@3de2255 in: CREATED
06-24 14:03:54.730 12517 12517 V ActivityScenario: Update currentActivityStage to CREATED, currentActivity=androidx.activity.ComponentActivity@3de2255
06-24 14:03:54.730   580   600 W InputManager-JNI: Input channel object '86f3d23 DeprecatedTargetSdkVersionDialog (client)' was disposed without first being removed with the input manager!
06-24 14:03:54.730 12517 12517 D LifecycleMonitor: Lifecycle status change: androidx.activity.ComponentActivity@3de2255 in: STARTED
06-24 14:03:54.730 12517 12517 V ActivityScenario: Update currentActivityStage to STARTED, currentActivity=androidx.activity.ComponentActivity@3de2255
06-24 14:03:54.731 12517 12517 D LifecycleMonitor: Lifecycle status change: androidx.activity.ComponentActivity@3de2255 in: RESUMED
06-24 14:03:54.732 12517 12517 V ActivityScenario: Update currentActivityStage to RESUMED, currentActivity=androidx.activity.ComponentActivity@3de2255
06-24 14:03:54.736   414   414 I BpBinder: onLastStrongRef automatically unlinking death recipients:
06-24 14:03:54.754   580   599 W ziparchive: Unable to open '/data/app/~~M0KCEW-bnOuKgUq7EXm2lg==/com.example.ud1_modularization_example_2.feature.pokemon_detail.test-KJbEV4Uqj0q9Gp4aJ1tdzQ==/base.dm': No such file or directory
06-24 14:03:54.755   580   599 I ActivityTaskManager: Displayed com.example.ud1_modularization_example_2.feature.pokemon_detail.test/androidx.activity.ComponentActivity for user 0: +36ms
06-24 14:03:55.057   972  1043 W WindowOnBackDispatcher: sendCancelIfRunning: isInProgress=false callback=android.view.ViewRootImpl$$ExternalSyntheticLambda11@edde1c7
06-24 14:03:55.057  1239  1239 D VRI[NexusLauncherActivity]: visibilityChanged oldVisibility=true newVisibility=false
06-24 14:03:55.058   580  3138 W InputManager-JNI: Input channel object '7204c3f Splash Screen com.example.ud1_modularization_example_2.feature.pokemon_detail.test (client)' was disposed without first being removed with the input manager!
06-24 14:03:55.070 12517 12582 W SurfaceComposerClient: Sync transaction timed out waiting for commit callback.
06-24 14:03:55.070  1239  1239 D NexusLauncherModelDelegate: notifySmartspaceEvent: SmartspaceTargetEvent{mSmartspaceTarget=null, mSmartspaceActionId='null', mEventType=7}
06-24 14:03:55.075  1239  1239 D BaseDepthController: setSurface:
06-24 14:03:55.075  1239  1239 D BaseDepthController: 	mWaitingOnSurfaceValidity: false
06-24 14:03:55.075  1239  1239 D BaseDepthController: 	mSurface: null
06-24 14:03:55.075  1239  1239 D BaseDepthController: mSurface is null and mCurrentBlur is: 0
06-24 14:03:55.075  1239  1239 D StateManager: goToState - fromState: Normal, toState: Normal, partial trace:
06-24 14:03:55.075  1239  1239 D StateManager: 	at com.android.launcher3.statemanager.StateManager.moveToRestState(go/retraceme 2855a437b73635ce9cad76b9289087e631bbb67fc90008a0da13d343a00e5041:4)
06-24 14:03:55.075  1239  1239 D StateManager: 	at com.android.launcher3.statemanager.StateManager.moveToRestState(go/retraceme 2855a437b73635ce9cad76b9289087e631bbb67fc90008a0da13d343a00e5041:1)
06-24 14:03:55.075  1239  1239 D StateManager: 	at com.android.launcher3.statemanager.StatefulActivity.onStop(go/retraceme 2855a437b73635ce9cad76b9289087e631bbb67fc90008a0da13d343a00e5041:34)
06-24 14:03:55.075  1239  1239 D StatsLog: LAUNCHER_ONSTOP
06-24 14:03:55.076  1239  2082 D OneSearchSuggestProvider: Shut down the binder channel
06-24 14:03:55.076  1239  1239 D StatsLog: LAUNCHER_GOOGLE_SEARCH_RESTORE_LIST_SIZE_AFTER_ACTIVITY_RESTART
06-24 14:03:55.076  1239  2803 I IPCThreadState: oneway function results for code 2 on binder at 0xb4000071e058e4e0 will be dropped but finished with status UNKNOWN_TRANSACTION
06-24 14:03:55.090   580   654 V GrammaticalInflectionUtils: AttributionSource: android.content.AttributionSource@8eb50431 does not have READ_SYSTEM_GRAMMATICAL_GENDER permission.
06-24 14:03:55.093 12517 12517 D LifecycleMonitor: Lifecycle status change: androidx.activity.ComponentActivity@3de2255 in: PAUSED
06-24 14:03:55.094 12517 12517 V ActivityScenario: Update currentActivityStage to PAUSED, currentActivity=androidx.activity.ComponentActivity@3de2255
06-24 14:03:55.095   580   600 W WindowOnBackDispatcher: sendCancelIfRunning: isInProgress=false callback=android.view.ViewRootImpl$$ExternalSyntheticLambda11@d8f5e04
06-24 14:03:55.098 12517 12517 D LifecycleMonitor: Lifecycle status change: androidx.test.core.app.InstrumentationActivityInvoker$EmptyActivity@101be04 in: PRE_ON_CREATE
06-24 14:03:55.098 12517 12517 V ActivityScenario: Activity lifecycle changed event received but ignored because the intent does not match. startActivityIntent=Intent { act=android.intent.action.MAIN cat=[android.intent.category.LAUNCHER] flg=0x10008000 cmp=com.example.ud1_modularization_example_2.feature.pokemon_detail.test/androidx.activity.ComponentActivity }, activity.getIntent()=Intent { act=android.intent.action.MAIN cat=[android.intent.category.LAUNCHER] flg=0x10000000 cmp=com.example.ud1_modularization_example_2.feature.pokemon_detail.test/androidx.test.core.app.InstrumentationActivityInvoker$EmptyActivity }, activity=androidx.test.core.app.InstrumentationActivityInvoker$EmptyActivity@101be04
06-24 14:03:55.099   580   600 W InputManager-JNI: Input channel object 'd5995be DeprecatedTargetSdkVersionDialog (client)' was disposed without first being removed with the input manager!
06-24 14:03:55.102   414   414 I BpBinder: onLastStrongRef automatically unlinking death recipients:
06-24 14:03:55.103 12517 12517 D LifecycleMonitor: Lifecycle status change: androidx.test.core.app.InstrumentationActivityInvoker$EmptyActivity@101be04 in: CREATED
06-24 14:03:55.103 12517 12517 V ActivityScenario: Activity lifecycle changed event received but ignored because the intent does not match. startActivityIntent=Intent { act=android.intent.action.MAIN cat=[android.intent.category.LAUNCHER] flg=0x10008000 cmp=com.example.ud1_modularization_example_2.feature.pokemon_detail.test/androidx.activity.ComponentActivity }, activity.getIntent()=Intent { act=android.intent.action.MAIN cat=[android.intent.category.LAUNCHER] flg=0x10000000 cmp=com.example.ud1_modularization_example_2.feature.pokemon_detail.test/androidx.test.core.app.InstrumentationActivityInvoker$EmptyActivity }, activity=androidx.test.core.app.InstrumentationActivityInvoker$EmptyActivity@101be04
06-24 14:03:55.103 12517 12517 D LifecycleMonitor: Lifecycle status change: androidx.test.core.app.InstrumentationActivityInvoker$EmptyActivity@101be04 in: STARTED
06-24 14:03:55.103 12517 12517 V ActivityScenario: Activity lifecycle changed event received but ignored because the intent does not match. startActivityIntent=Intent { act=android.intent.action.MAIN cat=[android.intent.category.LAUNCHER] flg=0x10008000 cmp=com.example.ud1_modularization_example_2.feature.pokemon_detail.test/androidx.activity.ComponentActivity }, activity.getIntent()=Intent { act=android.intent.action.MAIN cat=[android.intent.category.LAUNCHER] flg=0x10000000 cmp=com.example.ud1_modularization_example_2.feature.pokemon_detail.test/androidx.test.core.app.InstrumentationActivityInvoker$EmptyActivity }, activity=androidx.test.core.app.InstrumentationActivityInvoker$EmptyActivity@101be04
06-24 14:03:55.105 12517 12517 D LifecycleMonitor: Lifecycle status change: androidx.test.core.app.InstrumentationActivityInvoker$EmptyActivity@101be04 in: RESUMED
06-24 14:03:55.105 12517 12517 V ActivityScenario: Activity lifecycle changed event received but ignored because the intent does not match. startActivityIntent=Intent { act=android.intent.action.MAIN cat=[android.intent.category.LAUNCHER] flg=0x10008000 cmp=com.example.ud1_modularization_example_2.feature.pokemon_detail.test/androidx.activity.ComponentActivity }, activity.getIntent()=Intent { act=android.intent.action.MAIN cat=[android.intent.category.LAUNCHER] flg=0x10000000 cmp=com.example.ud1_modularization_example_2.feature.pokemon_detail.test/androidx.test.core.app.InstrumentationActivityInvoker$EmptyActivity }, activity=androidx.test.core.app.InstrumentationActivityInvoker$EmptyActivity@101be04
06-24 14:03:55.129   580   599 I ActivityTaskManager: Displayed com.example.ud1_modularization_example_2.feature.pokemon_detail.test/androidx.test.core.app.InstrumentationActivityInvoker$EmptyActivity for user 0: +38ms
06-24 14:03:55.132  1239  1239 I TopTaskTracker: onTaskMovedToFront: (moved taskInfo to front) taskId=7, baseIntent=Intent { act=android.intent.action.MAIN cat=[android.intent.category.HOME] flg=0x10000100 cmp=com.google.android.apps.nexuslauncher/.NexusLauncherActivity }
06-24 14:03:55.134 12517 12517 D LifecycleMonitor: Lifecycle status change: androidx.test.core.app.InstrumentationActivityInvoker$EmptyActivity@101be04 in: PAUSED
06-24 14:03:55.134 12517 12517 V ActivityScenario: Activity lifecycle changed event received but ignored because the intent does not match. startActivityIntent=Intent { act=android.intent.action.MAIN cat=[android.intent.category.LAUNCHER] flg=0x10008000 cmp=com.example.ud1_modularization_example_2.feature.pokemon_detail.test/androidx.activity.ComponentActivity }, activity.getIntent()=Intent { act=android.intent.action.MAIN cat=[android.intent.category.LAUNCHER] flg=0x10000000 cmp=com.example.ud1_modularization_example_2.feature.pokemon_detail.test/androidx.test.core.app.InstrumentationActivityInvoker$EmptyActivity }, activity=androidx.test.core.app.InstrumentationActivityInvoker$EmptyActivity@101be04
06-24 14:03:55.137 12517 12517 D VRI[ComponentActivity]: visibilityChanged oldVisibility=true newVisibility=false
06-24 14:03:55.139  1239  1239 D StatsLog: LAUNCHER_ONRESUME
06-24 14:03:55.141   580  1683 W AppSearchIcing: icing-search-engine.cc:321: Error: 5, Message: Document (com.google.android.googlequicksearchbox$OneSearchZeroStateGoogleSuggestions/default, zp) not found.
06-24 14:03:55.141  1239  2082 D OneSearchSuggestProvider: AppSearch 0-state cache not available, fallback to AGA
06-24 14:03:55.141  1239  2082 D OneSearchSuggestProvider: java.util.concurrent.CompletionException: java.util.NoSuchElementException: No value present
06-24 14:03:55.141  1239  2082 D OneSearchSuggestProvider: 	at java.util.concurrent.CompletableFuture.encodeThrowable(CompletableFuture.java:308)
06-24 14:03:55.141  1239  2082 D OneSearchSuggestProvider: 	at java.util.concurrent.CompletableFuture.completeThrowable(CompletableFuture.java:323)
06-24 14:03:55.141  1239  2082 D OneSearchSuggestProvider: 	at java.util.concurrent.CompletableFuture$UniAccept.tryFire(CompletableFuture.java:684)
06-24 14:03:55.141  1239  2082 D OneSearchSuggestProvider: 	at java.util.concurrent.CompletableFuture.postComplete(CompletableFuture.java:486)
06-24 14:03:55.141  1239  2082 D OneSearchSuggestProvider: 	at java.util.concurrent.CompletableFuture.completeExceptionally(CompletableFuture.java:2138)
06-24 14:03:55.141  1239  2082 D OneSearchSuggestProvider: 	at com.google.android.apps.nexuslauncher.allapps.E0.onResult(go/retraceme 2855a437b73635ce9cad76b9289087e631bbb67fc90008a0da13d343a00e5041:67)
06-24 14:03:55.141  1239  2082 D OneSearchSuggestProvider: 	at android.app.appsearch.SearchSessionUtil$1.lambda$onResult$0(go/retraceme 64eee9e9f568ff45978879ad2ff83146f2618ee8a88278736fbdf5fae931976e:144)
06-24 14:03:55.141  1239  2082 D OneSearchSuggestProvider: 	at android.app.appsearch.SearchSessionUtil$1.$r8$lambda$CEk3q8sDAQVhU3rQwVueB8FAj_M(go/retraceme 64eee9e9f568ff45978879ad2ff83146f2618ee8a88278736fbdf5fae931976e:1)
06-24 14:03:55.141  1239  2082 D OneSearchSuggestProvider: 	at android.app.appsearch.SearchSessionUtil$1$$ExternalSyntheticLambda0.run(go/retraceme 64eee9e9f568ff45978879ad2ff83146f2618ee8a88278736fbdf5fae931976e:22)
06-24 14:03:55.141  1239  2082 D OneSearchSuggestProvider: 	at android.os.Handler.handleCallback(Handler.java:959)
06-24 14:03:55.141  1239  2082 D OneSearchSuggestProvider: 	at android.os.Handler.dispatchMessage(Handler.java:100)
06-24 14:03:55.141  1239  2082 D OneSearchSuggestProvider: 	at android.os.Looper.loopOnce(Looper.java:232)
06-24 14:03:55.141  1239  2082 D OneSearchSuggestProvider: 	at android.os.Looper.loop(Looper.java:317)
06-24 14:03:55.141  1239  2082 D OneSearchSuggestProvider: 	at android.os.HandlerThread.run(HandlerThread.java:85)
06-24 14:03:55.141  1239  2082 D OneSearchSuggestProvider: Caused by: java.util.NoSuchElementException: No value present
06-24 14:03:55.141  1239  2082 D OneSearchSuggestProvider: 	at java.util.Optional.get(Optional.java:143)
06-24 14:03:55.141  1239  2082 D OneSearchSuggestProvider: 	at com.google.android.apps.nexuslauncher.allapps.E0.onResult(go/retraceme 2855a437b73635ce9cad76b9289087e631bbb67fc90008a0da13d343a00e5041:28)
06-24 14:03:55.141  1239  2082 D OneSearchSuggestProvider: 	... 8 more
06-24 14:03:55.142  1239  2082 D OneSearchSuggestProvider: Created the binder channel successfully for end point service =com.google.android.apps.search.googleapp.search.suggest.plugins.onesearch.server.OneSearchSuggestService , mChannel=i1{delegate=f{logId=205, target=directaddress:///AndroidComponentAddress%5BIntent%20%7B%20act=grpc.io.action.BIND%20cmp=com.google.android.googlequicksearchbox/com.google.android.apps.search.googleapp.search.suggest.plugins.onesearch.server.OneSearchSuggestService%20%7D%5D}} , mOneSearchConnection=l2.Z@dfc2552
06-24 14:03:55.143  1239  1268 D QuickstepModelDelegate: notifyAppTargetEvent action=1 launchLocation=workspace/0/[-1,-1]/[1,1]
06-24 14:03:55.144  7368  7368 I A       : (REDACTED) Created gRPC endpoint for service %s
06-24 14:03:55.145  1637  1714 I AiAiEcho: Predicting[0]:  [CONTEXT sampling_count=5 ]
06-24 14:03:55.145  1637  1714 I AiAiEcho: EchoTargets:
06-24 14:03:55.145  1637  1714 I AiAiEcho: Filtered by AiAi flag check:
06-24 14:03:55.145  1637  1714 I AiAiEcho: [CONTEXT ratelimit_period="10 SECONDS" ]
06-24 14:03:55.145  1637  1714 I AiAiEcho: Ranked targets strategy: SORT, count: 0, ranking metadata:  [CONTEXT ratelimit_period="10 SECONDS" ]
06-24 14:03:55.145  1637  1714 I AiAiEcho: #remoteViewsTwiddler: feature disabled.
06-24 14:03:55.146  1637  1714 I AiAiEcho: #postPredictionTargets: Sending updates to UISurface home with targets# 0 (types=[])
06-24 14:03:55.153  1239  1239 D NexusLauncherModelDelegate: notifySmartspaceEvent: SmartspaceTargetEvent{mSmartspaceTarget=null, mSmartspaceActionId='null', mEventType=6}
06-24 14:03:55.155  1239  1239 D BaseDepthController: setSurface:
06-24 14:03:55.155  1239  1239 D BaseDepthController: 	mWaitingOnSurfaceValidity: false
06-24 14:03:55.155  1239  1239 D BaseDepthController: 	mSurface: Surface(name=com.google.android.apps.nexuslauncher/com.google.android.apps.nexuslauncher.NexusLauncherActivity)/@0xa9cf4ae
06-24 14:03:55.162  1239  1239 D SsBaseTemplateCard: No text view can be set up
06-24 14:03:55.162  1239  1239 D SsBaseTemplateCard: Passed-in item info is null
06-24 14:03:55.162  1239  1239 D SsBaseTemplateCard: Passed-in item info is null
06-24 14:03:55.162  1239  1239 D SsBaseTemplateCard: Passed-in item info is null
06-24 14:03:55.162  1239  1239 I SsBaseTemplateCard: Secondary card pane is null
06-24 14:03:55.166  1239  1239 D StateManager: createAtomicAnimation - fromState: Background, toState: Normal, partial trace:
06-24 14:03:55.166  1239  1239 D StateManager: 	at com.android.quickstep.util.WorkspaceRevealAnim.prepareToAnimate(go/retraceme 2855a437b73635ce9cad76b9289087e631bbb67fc90008a0da13d343a00e5041:22)
06-24 14:03:55.166  1239  1239 D StateManager: 	at com.android.quickstep.util.WorkspaceRevealAnim.<init>(go/retraceme 2855a437b73635ce9cad76b9289087e631bbb67fc90008a0da13d343a00e5041:11)
06-24 14:03:55.166  1239  1239 D StateManager: 	at com.android.launcher3.QuickstepTransitionManager.createWallpaperOpenAnimations(go/retraceme 2855a437b73635ce9cad76b9289087e631bbb67fc90008a0da13d343a00e5041:735)
06-24 14:03:55.169   414   414 I BpBinder: onLastStrongRef automatically unlinking death recipients:
06-24 14:03:55.176  1239  1239 D SearchTargetUtil: queryLength=0 size=15
06-24 14:03:55.176  1239  1239 D SearchTargetUtil: layoutType=short_icon_row resultType=131072 packageName=com.google.android.googlequicksearchbox extras=Bundle{suggestion_type=33,suggest_truncate_start=false,is_answer=false,is_entity=false,is_personal=false,suggest_raw_text=benson boone american heart album review,input_query=android.app.search.Query@22e487b,group_id=web7306944,response_id=ce23d7b3-5ce6-4d72-a9c6-3841a5cd363c,support_query_builder=false,} searchAction=benson boone american heart album review searchActionExtras=Bundle{learn_more_url=https://support.google.com/websearch/answer/106230?hl=106230,suggestion_action_text=Report this,should_start_for_result=true,allow_pinning=true,skip_logging_in_target_handler=true,suggestion_action_rpc=2,}ParentID: null targetID: 5a73db9c-36d1-4f2b-a36a-2d181fd6844a
06-24 14:03:55.176  1239  1239 D SearchTargetUtil: layoutType=short_icon_row resultType=131072 packageName=com.google.android.googlequicksearchbox extras=Bundle{suggestion_type=33,suggest_truncate_start=false,is_answer=false,is_entity=false,is_personal=false,suggest_raw_text=inter miami fifa club world cup,input_query=android.app.search.Query@22e487b,group_id=web7306944,response_id=ce23d7b3-5ce6-4d72-a9c6-3841a5cd363c,support_query_builder=false,} searchAction=inter miami fifa club world cup searchActionExtras=Bundle{learn_more_url=https://support.google.com/websearch/answer/106230?hl=106230,suggestion_action_text=Report this,should_start_for_result=true,allow_pinning=true,skip_logging_in_target_handler=true,suggestion_action_rpc=2,}ParentID: null targetID: 1abcff12-74fd-45ed-a7f6-5cc3b46e6ad3
06-24 14:03:55.176  1239  1239 D SearchTargetUtil: layoutType=short_icon_row resultType=131072 packageName=com.google.android.googlequicksearchbox extras=Bundle{suggestion_type=33,suggest_truncate_start=false,is_answer=false,is_entity=false,is_personal=false,suggest_raw_text=morrissey cancels concert,input_query=android.app.search.Query@22e487b,group_id=web7306944,response_id=ce23d7b3-5ce6-4d72-a9c6-3841a5cd363c,support_query_builder=false,} searchAction=morrissey cancels concert searchActionExtras=Bundle{learn_more_url=https://support.google.com/websearch/answer/106230?hl=106230,suggestion_action_text=Report this,should_start_for_result=true,allow_pinning=true,skip_logging_in_target_handler=true,suggestion_action_rpc=2,}ParentID: null targetID: da467b8e-6bb3-47da-9cf7-22e92442e460
06-24 14:03:55.176  1239  1239 D SearchTargetUtil: layoutType=short_icon_row resultType=131072 packageName=com.google.android.googlequicksearchbox extras=Bundle{suggestion_type=33,suggest_truncate_start=false,is_answer=false,is_entity=false,is_personal=false,suggest_raw_text=paramount+ showtime rebranding,input_query=android.app.search.Query@22e487b,group_id=web7306944,response_id=ce23d7b3-5ce6-4d72-a9c6-3841a5cd363c,support_query_builder=false,} searchAction=paramount+ showtime rebranding searchActionExtras=Bundle{learn_more_url=https://support.google.com/websearch/answer/106230?hl=106230,suggestion_action_text=Report this,should_start_for_result=true,allow_pinning=true,skip_logging_in_target_handler=true,suggestion_action_rpc=2,}ParentID: null targetID: f57e57c4-371d-415c-89bc-f930db4fda0e
06-24 14:03:55.176  1239  1239 D SearchTargetUtil: layoutType=short_icon_row resultType=131072 packageName=com.google.android.googlequicksearchbox extras=Bundle{suggestion_type=33,suggest_truncate_start=false,is_answer=false,is_entity=false,is_personal=false,suggest_raw_text=kroger stores closing,input_query=android.app.search.Query@22e487b,group_id=web7306944,response_id=ce23d7b3-5ce6-4d72-a9c6-3841a5cd363c,support_query_builder=false,} searchAction=kroger stores closing searchActionExtras=Bundle{learn_more_url=https://support.google.com/websearch/answer/106230?hl=106230,suggestion_action_text=Report this,should_start_for_result=true,allow_pinning=true,skip_logging_in_target_handler=true,suggestion_action_rpc=2,}ParentID: null targetID: 3fbca5a1-bd4c-4a2a-b594-2863567c81e4
06-24 14:03:55.176  1239  1239 D SearchTargetUtil: layoutType=extra_tall_icon_row resultType=131072 packageName=com.google.android.googlequicksearchbox extras=Bundle{bitmap_url=data:image/jpeg;base64,/9j/4AAQSkZJRgABAQAAAQABAAD/2wCEAAkGBwgHBgkIBwgKCgkLDRYPDQwMDRsUFRAWIB0iIiAdHx8kKDQsJCYxJx8fLT0tMTU3Ojo6Iys/RD84QzQ5OjcBCgoKDQwNGg8PGjclHyU3Nzc3Nzc3Nzc3Nzc3Nzc3Nzc3Nzc3Nzc3Nzc3Nzc3Nzc3Nzc3Nzc3Nzc3Nzc3Nzc3N//AABEIAHwAfAMBIgACEQEDEQH/xAAcAAACAwEBAQEAAAAAAAAAAAAFBgMEBwIBAAj/xAA9EAACAQMCBAQDBgIJBQEAAAABAgMABBEFIQYSMUETIlFhcYGRBxRCobHBIzIVM1KCotHh8PEkYnJzwiX/xAAZAQADAQEBAAAAAAAAAAAAAAABAgMABAX/xAAnEQACAgICAAUEAwAAAAAAAAAAAQIRAyESMQQiQeHwBVFhcROBkf/aAAwDAQACEQMRAD8A1KzvLa8TME8Mp7+G4OKs4r866TxJf6HJm35om6b9PpTppX2qOkAF/EJmB3cYUn6bUwKNYFfcwHU0m6Nx/YapKIyngE9DJIADTXGySqGjYMD3BrAJi9eZrkLXu9Ax7XnyrwnAJOwFDZNRlLkW8IKD8T7ZoOSXY0YuXQlfbbCzaHZywhfFErArjzMvIT19j2/7qVpRbyQrpLzGPTtIs1Mr+IUD3UnKQ2em3Nj26dDWhcQ2llrsccGtaaLiOMkpiRgUyNyOUg0ncT8H+DaxR6Szm1nvI5boSsHKIFx/eXZdj3/KWTzLTKKLi9iJrWl3vD9ykdwOaGcFo5V6Pg4IPuPSqcAtzdRSgEkOOdNwOXO49tvSinEV1qllYWuianByR2xLWsp7oewP+yOnpS9CeQnqB8apjbcdsSWmbFd3Fvqg0/TOGuJNN0vT5AB4VuhSfnG+D/a3xkbH1zU32S2Ktqus38uPHj5YeUdBzElvzUD5VlXDN39312xuJmwsNzHK59FVwWPw5c5py+y2fUZdSv57LldWRMqZeQLuc5XuenyJpMcODaNKXI3Df4VC17aKcPeW6kdjKo/elaW01e6MsVw1pHbPlSDlmdD64xyn64qnBwhbGPmujb+KSS3hxnl9urZ6VSxTMzNHMCJkBPTpVSewhkH8I8p9qhjnEuG79qsq3k360EyjQPeC6gG2WX29KYeE+M73QblV5i9uxAeJ99vb0NUI5VdhzLkdc1FNFEx8ygqPqKNi0b3o3Eema0iGxuo2lYZ8EsA4/u0V3HWvzKFmt357KZ0Ofwtg0x6L9o2t6SRFO5uYx+GQ/v1oi0bRrF4LSFFyOaU8oycUFluhGuZJlB7YOc1nHEv2g6rrUMCWFmiFASzRq7HPpt8vWvtR0rXbvhaxuIp2hvXy88Yfw8Kfc7jHx71HInfZ04WlHoffv8ci+V1YA+ZkbJFXWMV/AyqxCPHjmHoRWd8Jabq9g8kt/dZRwByklz9T0+VMMkp5f4HixvzqOePOcHrt0qakouisoOaT6ESbiZoBPouv2pv7S3leJZpADICGIyezfHY0p6qLWK+f+jpBJZthoxvlfUHO+Qc/lWyraWT3T2Ou6fZ3X3mESxzlAjEnqC3qCD123HTc0Lfh3QJbe4tbrQopzGP+jubUtC8gKqQHxt1dRzYx7dAa44KLtKiE0+uzJUnC5wRuMbntTFwLrk+ja4s1pyr46mGRJFLIQSDkehBA/OmS4+zKBpZk0e/kR4nC+Hfcp5iQpADoevnUfy9SKFLw/qegahbPqtj4UZnCpLEwZCcZ3+lWeiDG1eMtdeRF5YkDMASsHTOPXPrVY8YcQk58dx7eFGP2qrFZWgMRVnJBXqPh/lVcaZFje6/w/wCtLoWxHguTGRj50SSctj1oKpD9Dg1NFMUYZoFwwk5H7VOkysN+poWjgjfpUyvjfrisAulebdOvcVG8LSg5GTjbNdROHww6/rVqNV5ck/KtZqItISewupJbcbshUA9j7Uah1SOOZTdXzCMDzQSXITt/ZzzEfLFDnnFugwA8smREh6e7H2H60XsmieNWL2aONm8aIMw+Bx0qUquzoxWlVnEF281y72xkjtTnlDAgE+2aNafez3LmCE+c+TAGSc9qo6hc2xROSUSODuQMCm7grR0sFfWb8eEAhdEbbkXG7N6bdqnGPOWik58I7AVzxFHd2pZSoaylWW2kGxdM7g++M49fj1Oas8bLNcALzpEzK2BkFRkEfD0+lZQNREl3NMnlWSRnUHpgkkD86ZtP1bxrJ4Z3k5gB1XmDJnfON8gZ9f3rtklRwRltWO8MKZFwrOkpw7IuACcLjoNweVR17Ch3FjtfvpllFOqzvIJhk45sDHyzk0IPFmmRE+NqMIYDmKDyk5645sde49dxih15qdtqkgvLxpI7FF5bZ4YVmaRuhJDYwuB8Pep5ZJRN26Da8M30ZEklzbhQcn+N2+ldnhe/7zW2f/ef8qX7C60621GDToZ9OmiuhyxXVrAIWR9iFkQbYJx8987V1dwW8k7C8s4HlTyHxIVYrjtuKSOVSdDPFWxH4g4X1Th4JLeLG9u7cqzRNkZ9x1HUUJVs71qfEKJe6baKbc3HPbtlF6gssB39P5T8xWa6rp02lXQhmKkMvMpU5+XxFNa6Ck6s9herccgI3OTQpGwKuWyTTAtDGzKOrdFHxJ2HzrBWy8HCDmXpVuCYCPxpQRF+Fc4Mh9vb3/2BiSQwHBYXEpP8q58NT7n8X6e5qRTLPL4kjEn37fCh2NpdliS6PitK+GmbbYbKOwFGOELW11m7v7S+cI33JpYZG/A4ZQNu/U7fGlYseZx38Q0y8FwN497d5IjjQRZA7nf9M1aMVVEJSd2OuhcLJpzQ3OpSR3EvKGjhi3UZ3z71T+0fiq4hsv6FgxG1yuZvUR56f3sfTPrR3Rry303h+TUNRn5kiVmz1IA6IPXtj4isd1O/n1TUbi+uj/FncsQDso7KPYDA+VNxUdG5uW2RqdqvWl48DBlYjFDV5ubc+XsK7L+lAAbgWzkkeQxojHzeWPJJojwnqtsmuNZyoLm1vlaMrcQLmM4JAG52PQ+u3pSotyydDjFSW16Y9Qt70rl4JkkIG3OAQSPjtXP4jD/JjlFeqK4p8JJsctX0vRtWivP6CXwNSseZpoFiZA4BIOB0yCNiP3BorpNqvFOnQal43JccgiuMfikXbm+Y5T86n0vTNNm1deJLDUGIuAeaLblORgg9wcgHHqKQL/UXsNUv4dJuZI7Q3DlAuw/42wPYCvF8NKea8eKTTjW36X3F/wB9HoZYxx+eaVP7ev2ZdjmaZ18LUrMnGRG0jAHI7jGD1/3tXN1YXF1EYrhbJUBxgRFSMHqMY6/mKH3t3PZzNcQXLeMw5GYbZxtRHg+8++6j4Wor48HV+YkHHfcEGvYjGtHNkbFm6kawumhFtEkkZyG5Ac+hGc1Xub25u3zcTSSHtzNnHw9KbOPrfSVn5dMiZGVQ6sZC2Qeo3+tJijcVTikyPNtFq1XJoxbqDih1quB0ojE3hr1wBvmiAHspSVweoc/rTrwJb82iXkhz/FusfRR/rSXI3M7N6mnjhu+TSeClvJRkh5GC/wBpixA/arQIzKfHWq4jh0WBsRxeecDux6L9MH5j0pQ6DJrqaV7iaSeduaSRizNjqTua536n6Vm7ClR4CRknv2r7m2qN5PNyivC3QepoBPS3aukPpUTsq9Oteof+7PwoGGbTNN06eBkRJLic4JXIORj8Ixn4kZ79Kil0u1cjEGowEbFI7cyjOT+IGo7G0e40+NzCGiyfNJIAu23fA2rs3RhCxxXlqiKNlWePA3/8q4fNydS+fPweu1CWJeRL589SnewPDYvcSJzIJCAp6YHKD+ZNMGgadbwxzT3cNxHGgGHt+VlIG5yD5s9N6GJMl5w8kLHLB51b1BY5
06-24 14:03:55.176  1239  1239 D SearchTargetUtil: layoutType=short_icon_row resultType=131072 packageName=com.google.android.googlequicksearchbox extras=Bundle{suggestion_type=33,suggest_truncate_start=false,is_answer=false,is_entity=false,is_personal=false,suggest_raw_text=nascar 23xi racing lawsuit,input_query=android.app.search.Query@22e487b,group_id=web7306944,response_id=ce23d7b3-5ce6-4d72-a9c6-3841a5cd363c,support_query_builder=false,} searchAction=nascar 23xi racing lawsuit searchActionExtras=Bundle{learn_more_url=https://support.google.com/websearch/answer/106230?hl=106230,suggestion_action_text=Report this,should_start_for_result=true,allow_pinning=true,skip_logging_in_target_handler=true,suggestion_action_rpc=2,}ParentID: null targetID: 50a7a8d4-3507-4bfc-8828-dca556d3b89a
06-24 14:03:55.176  1239  1239 D SearchTargetUtil: layoutType=short_icon_row resultType=131072 packageName=com.google.android.googlequicksearchbox extras=Bundle{suggestion_type=33,suggest_truncate_start=false,is_answer=false,is_entity=false,is_personal=false,suggest_raw_text=red lobster seafood boils,input_query=android.app.search.Query@22e487b,group_id=web7306944,response_id=ce23d7b3-5ce6-4d72-a9c6-3841a5cd363c,support_query_builder=false,} searchAction=red lobster seafood boils searchActionExtras=Bundle{learn_more_url=https://support.google.com/websearch/answer/106230?hl=106230,suggestion_action_text=Report this,should_start_for_result=true,allow_pinning=true,skip_logging_in_target_handler=true,suggestion_action_rpc=2,}ParentID: null targetID: 7e8e83ff-6793-49d7-b862-c8e93b1890b5
06-24 14:03:55.176  1239  1239 D SearchTargetUtil: layoutType=short_icon_row resultType=131072 packageName=com.google.android.googlequicksearchbox extras=Bundle{suggestion_type=33,suggest_truncate_start=false,is_answer=false,is_entity=false,is_personal=false,suggest_raw_text=alpha zombies,input_query=android.app.search.Query@22e487b,group_id=web7306944,response_id=ce23d7b3-5ce6-4d72-a9c6-3841a5cd363c,support_query_builder=false,} searchAction=alpha zombies searchActionExtras=Bundle{learn_more_url=https://support.google.com/websearch/answer/106230?hl=106230,suggestion_action_text=Report this,should_start_for_result=true,allow_pinning=true,skip_logging_in_target_handler=true,suggestion_action_rpc=2,}ParentID: null targetID: 58df60d2-4ece-4051-b6c4-084b0a7b0962
06-24 14:03:55.176  1239  1239 D SearchTargetUtil: layoutType=short_icon_row resultType=131072 packageName=com.google.android.googlequicksearchbox extras=Bundle{suggestion_type=33,suggest_truncate_start=false,is_answer=false,is_entity=false,is_personal=false,suggest_raw_text=madison woodmans roof collapse,input_query=android.app.search.Query@22e487b,group_id=web7306944,response_id=ce23d7b3-5ce6-4d72-a9c6-3841a5cd363c,support_query_builder=false,} searchAction=madison woodmans roof collapse searchActionExtras=Bundle{learn_more_url=https://support.google.com/websearch/answer/106230?hl=106230,suggestion_action_text=Report this,should_start_for_result=true,allow_pinning=true,skip_logging_in_target_handler=true,suggestion_action_rpc=2,}ParentID: null targetID: 0ed86e02-fdd4-4322-a653-94211b42a53a
06-24 14:03:55.176  1239  1239 D SearchTargetUtil: layoutType=short_icon_row resultType=131072 packageName=com.google.android.googlequicksearchbox extras=Bundle{suggestion_type=33,suggest_truncate_start=false,is_answer=false,is_entity=false,is_personal=false,suggest_raw_text=chinese satellite pulverizes starlink,input_query=android.app.search.Query@22e487b,group_id=web7306944,response_id=ce23d7b3-5ce6-4d72-a9c6-3841a5cd363c,support_query_builder=false,} searchAction=chinese satellite pulverizes starlink searchActionExtras=Bundle{learn_more_url=https://support.google.com/websearch/answer/106230?hl=106230,suggestion_action_text=Report this,should_start_for_result=true,allow_pinning=true,skip_logging_in_target_handler=true,suggestion_action_rpc=2,}ParentID: null targetID: bc5f1409-fcbd-4174-983a-261052ad0a15
06-24 14:03:55.176  1239  1239 D SearchTargetUtil: layoutType=short_icon_row resultType=131072 packageName=com.google.android.googlequicksearchbox extras=Bundle{suggestion_type=33,suggest_truncate_start=false,is_answer=false,is_entity=false,is_personal=false,suggest_raw_text=samsung galaxy z fold 7,input_query=android.app.search.Query@22e487b,group_id=web7306944,response_id=ce23d7b3-5ce6-4d72-a9c6-3841a5cd363c,support_query_builder=false,} searchAction=samsung galaxy z fold 7 searchActionExtras=Bundle{learn_more_url=https://support.google.com/websearch/answer/106230?hl=106230,suggestion_action_text=Report this,should_start_for_result=true,allow_pinning=true,skip_logging_in_target_handler=true,suggestion_action_rpc=2,}ParentID: null targetID: c28f3bc1-25d3-46ac-8589-ba5e4fff4613
06-24 14:03:55.176  1239  1239 D SearchTargetUtil: layoutType=short_icon_row resultType=131072 packageName=com.google.android.googlequicksearchbox extras=Bundle{suggestion_type=33,suggest_truncate_start=false,is_answer=false,is_entity=false,is_personal=false,suggest_raw_text=inert grenade tsa detroit airport,input_query=android.app.search.Query@22e487b,group_id=web7306944,response_id=ce23d7b3-5ce6-4d72-a9c6-3841a5cd363c,support_query_builder=false,} searchAction=inert grenade tsa detroit airport searchActionExtras=Bundle{learn_more_url=https://support.google.com/websearch/answer/106230?hl=106230,suggestion_action_text=Report this,should_start_for_result=true,allow_pinning=true,skip_logging_in_target_handler=true,suggestion_action_rpc=2,}ParentID: null targetID: 4208f472-fb23-43a5-9152-ab5f720dde50
06-24 14:03:55.176  1239  1239 D SearchTargetUtil: layoutType=short_icon_row resultType=131072 packageName=com.google.android.googlequicksearchbox extras=Bundle{suggestion_type=33,suggest_truncate_start=false,is_answer=false,is_entity=false,is_personal=false,suggest_raw_text=nyt crossword answers,input_query=android.app.search.Query@22e487b,group_id=web7306944,response_id=ce23d7b3-5ce6-4d72-a9c6-3841a5cd363c,support_query_builder=false,} searchAction=nyt crossword answers searchActionExtras=Bundle{learn_more_url=https://support.google.com/websearch/answer/106230?hl=106230,suggestion_action_text=Report this,should_start_for_result=true,allow_pinning=true,skip_logging_in_target_handler=true,suggestion_action_rpc=2,}ParentID: null targetID: 64dac6b4-a92d-459a-9714-11b9324acdc6
06-24 14:03:55.176  1239  1239 D SearchTargetUtil: layoutType=short_icon_row resultType=131072 packageName=com.google.android.googlequicksearchbox extras=Bundle{suggestion_type=33,suggest_truncate_start=false,is_answer=false,is_entity=false,is_personal=false,suggest_raw_text=south carolina driver's license redesign,input_query=android.app.search.Query@22e487b,group_id=web7306944,response_id=ce23d7b3-5ce6-4d72-a9c6-3841a5cd363c,support_query_builder=false,} searchAction=south carolina driver's license redesign searchActionExtras=Bundle{learn_more_url=https://support.google.com/websearch/answer/106230?hl=106230,suggestion_action_text=Report this,should_start_for_result=true,allow_pinning=true,skip_logging_in_target_handler=true,suggestion_action_rpc=2,}ParentID: null targetID: 6931e307-32ed-498c-864e-a9716aa4dda0
06-24 14:03:55.186   387   387 I RanchuHwc: logCompositionFallbackIfChanged: layer 468 CompositionType fallback from 2 to 1
06-24 14:03:55.186   387   387 I RanchuHwc: logCompositionFallbackIfChanged: layer 469 CompositionType fallback from 3 to 1
06-24 14:03:55.186   387   387 I RanchuHwc: logCompositionFallbackIfChanged: layer 461 CompositionType fallback from 2 to 1
06-24 14:03:55.186   387   387 I RanchuHwc: logCompositionFallbackIfChanged: layer 465 CompositionType fallback from 3 to 1
06-24 14:03:55.186   387   387 I RanchuHwc: logCompositionFallbackIfChanged: layer 470 CompositionType fallback from 2 to 1
06-24 14:03:55.186   387   387 I RanchuHwc: logCompositionFallbackIfChanged: layer 471 CompositionType fallback from 2 to 1
06-24 14:03:55.307  1239  1802 D EGL_emulation: app_time_stats: avg=18.98ms min=11.03ms max=117.54ms count=52
06-24 14:03:55.523 12517 12517 D VRI[InstrumentationActivityInvoker$EmptyActivity]: visibilityChanged oldVisibility=true newVisibility=false
06-24 14:03:55.540 12517 12517 D LifecycleMonitor: Lifecycle status change: androidx.activity.ComponentActivity@3de2255 in: STOPPED
06-24 14:03:55.540 12517 12517 V ActivityScenario: Update currentActivityStage to STOPPED, currentActivity=androidx.activity.ComponentActivity@3de2255
06-24 14:03:55.540 12517 12517 D LifecycleMonitor: Lifecycle status change: androidx.activity.ComponentActivity@3de2255 in: DESTROYED
06-24 14:03:55.540 12517 12517 V ActivityScenario: Update currentActivityStage to DESTROYED, currentActivity=null
06-24 14:03:55.541 12517 12517 W WindowOnBackDispatcher: sendCancelIfRunning: isInProgress=false callback=android.view.ViewRootImpl$$ExternalSyntheticLambda11@c904709
06-24 14:03:55.542 12517 12582 D IdlingRegistry: Unregistering idling resources: [androidx.compose.ui.test.EspressoLink@c092ec8]
06-24 14:03:55.543   580   654 W InputManager-JNI: Input channel object 'ec2d7d com.example.ud1_modularization_example_2.feature.pokemon_detail.test/androidx.activity.ComponentActivity (client)' was disposed without first being removed with the input manager!
06-24 14:03:55.544   580   600 W InputManager-JNI: Input channel object 'Letterbox_fullWindow_ActivityRecord{d723512 u0 com.example.ud1_modularization_example_2.feature.pokemon_detail.test/androidx.activity.ComponentActivity t55} (client)' was disposed without first being removed with the input manager!
06-24 14:03:55.545 12517 12517 D LifecycleMonitor: Lifecycle status change: androidx.test.core.app.InstrumentationActivityInvoker$EmptyActivity@101be04 in: STOPPED
06-24 14:03:55.546 12517 12517 D LifecycleMonitor: Lifecycle status change: androidx.test.core.app.InstrumentationActivityInvoker$EmptyActivity@101be04 in: DESTROYED
06-24 14:03:55.546 12517 12517 W WindowOnBackDispatcher: sendCancelIfRunning: isInProgress=false callback=android.view.ViewRootImpl$$ExternalSyntheticLambda11@2fe9f7a
06-24 14:03:55.546   580   654 W InputManager-JNI: Input channel object '42350f4 com.example.ud1_modularization_example_2.feature.pokemon_detail.test/androidx.test.core.app.InstrumentationActivityInvoker$EmptyActivity (client)' was disposed without first being removed with the input manager!
06-24 14:03:55.547 12517 12582 E TestRunner: failed: pokemonDetailScreen_rendersWithoutCrashing_multipleIds(com.example.ud1_modularization_example_2.feature.pokemon_detail.PokemonDetailScreenTest)
06-24 14:03:55.548   580   600 W InputManager-JNI: Input channel object 'Letterbox_fullWindow_ActivityRecord{4ae65e8 u0 com.example.ud1_modularization_example_2.feature.pokemon_detail.test/androidx.test.core.app.InstrumentationActivityInvoker$EmptyActivity t55} (client)' was disposed without first being removed with the input manager!
06-24 14:03:55.548 12517 12582 E TestRunner: ----- begin exception -----
06-24 14:03:55.548 12517 12582 E TestRunner: java.lang.IllegalStateException: Given component holder class androidx.activity.ComponentActivity does not implement interface dagger.hilt.internal.GeneratedComponent or interface dagger.hilt.internal.GeneratedComponentManager
06-24 14:03:55.548 12517 12582 E TestRunner: 	at dagger.hilt.EntryPoints.get(EntryPoints.java:62)
06-24 14:03:55.548 12517 12582 E TestRunner: 	at dagger.hilt.android.internal.lifecycle.HiltViewModelFactory.createInternal(HiltViewModelFactory.java:206)
06-24 14:03:55.548 12517 12582 E TestRunner: 	at androidx.hilt.navigation.HiltViewModelFactory.create(HiltNavBackStackEntry.kt:75)
06-24 14:03:55.548 12517 12582 E TestRunner: 	at androidx.hilt.navigation.compose.HiltViewModelKt.createHiltViewModelFactory(HiltViewModel.kt:95)
06-24 14:03:55.548 12517 12582 E TestRunner: 	at com.example.ud1_modularization_example_2.feature.pokemon_detail.PokemonDetailScreenKt.PokemonDetailScreen(PokemonDetailScreen.kt:536)
06-24 14:03:55.548 12517 12582 E TestRunner: 	at com.example.ud1_modularization_example_2.feature.pokemon_detail.PokemonDetailScreenTest$pokemonDetailScreen_rendersWithoutCrashing_multipleIds$1$1.invoke(PokemonDetailScreenTest.kt:86)
06-24 14:03:55.548 12517 12582 E TestRunner: 	at com.example.ud1_modularization_example_2.feature.pokemon_detail.PokemonDetailScreenTest$pokemonDetailScreen_rendersWithoutCrashing_multipleIds$1$1.invoke(PokemonDetailScreenTest.kt:85)
06-24 14:03:55.548 12517 12582 E TestRunner: 	at androidx.compose.runtime.internal.ComposableLambdaImpl.invoke(ComposableLambda.jvm.kt:109)
06-24 14:03:55.548 12517 12582 E TestRunner: 	at androidx.compose.runtime.internal.ComposableLambdaImpl.invoke(ComposableLambda.jvm.kt:35)
06-24 14:03:55.548 12517 12582 E TestRunner: 	at androidx.compose.ui.platform.ComposeView.Content(ComposeView.android.kt:441)
06-24 14:03:55.548 12517 12582 E TestRunner: 	at androidx.compose.ui.platform.AbstractComposeView$ensureCompositionCreated$1.invoke(ComposeView.android.kt:259)
06-24 14:03:55.548 12517 12582 E TestRunner: 	at androidx.compose.ui.platform.AbstractComposeView$ensureCompositionCreated$1.invoke(ComposeView.android.kt:258)
06-24 14:03:55.548 12517 12582 E TestRunner: 	at androidx.compose.runtime.internal.ComposableLambdaImpl.invoke(ComposableLambda.jvm.kt:109)
06-24 14:03:55.548 12517 12582 E TestRunner: 	at androidx.compose.runtime.internal.ComposableLambdaImpl.invoke(ComposableLambda.jvm.kt:35)
06-24 14:03:55.548 12517 12582 E TestRunner: 	at androidx.compose.runtime.CompositionLocalKt.CompositionLocalProvider(CompositionLocal.kt:380)
06-24 14:03:55.548 12517 12582 E TestRunner: 	at androidx.compose.ui.platform.CompositionLocalsKt.ProvideCommonCompositionLocals(CompositionLocals.kt:216)
06-24 14:03:55.548 12517 12582 E TestRunner: 	at androidx.compose.ui.platform.AndroidCompositionLocals_androidKt$ProvideAndroidCompositionLocals$3.invoke(AndroidCompositionLocals.android.kt:132)
06-24 14:03:55.548 12517 12582 E TestRunner: 	at androidx.compose.ui.platform.AndroidCompositionLocals_androidKt$ProvideAndroidCompositionLocals$3.invoke(AndroidCompositionLocals.android.kt:131)
06-24 14:03:55.548 12517 12582 E TestRunner: 	at androidx.compose.runtime.internal.ComposableLambdaImpl.invoke(ComposableLambda.jvm.kt:109)
06-24 14:03:55.548 12517 12582 E TestRunner: 	at androidx.compose.runtime.internal.ComposableLambdaImpl.invoke(ComposableLambda.jvm.kt:35)
06-24 14:03:55.548 12517 12582 E TestRunner: 	at androidx.compose.runtime.CompositionLocalKt.CompositionLocalProvider(CompositionLocal.kt:380)
06-24 14:03:55.548 12517 12582 E TestRunner: 	at androidx.compose.ui.platform.AndroidCompositionLocals_androidKt.ProvideAndroidCompositionLocals(AndroidCompositionLocals.android.kt:121)
06-24 14:03:55.548 12517 12582 E TestRunner: 	at androidx.compose.ui.platform.WrappedComposition$setContent$1$1$3.invoke(Wrapper.android.kt:155)
06-24 14:03:55.548 12517 12582 E TestRunner: 	at androidx.compose.ui.platform.WrappedComposition$setContent$1$1$3.invoke(Wrapper.android.kt:154)
06-24 14:03:55.548 12517 12582 E TestRunner: 	at androidx.compose.runtime.internal.ComposableLambdaImpl.invoke(ComposableLambda.jvm.kt:109)
06-24 14:03:55.548 12517 12582 E TestRunner: 	at androidx.compose.runtime.internal.ComposableLambdaImpl.invoke(ComposableLambda.jvm.kt:35)
06-24 14:03:55.548 12517 12582 E TestRunner: 	at androidx.compose.runtime.CompositionLocalKt.CompositionLocalProvider(CompositionLocal.kt:401)
06-24 14:03:55.548 12517 12582 E TestRunner: 	at androidx.compose.ui.platform.WrappedComposition$setContent$1$1.invoke(Wrapper.android.kt:154)
06-24 14:03:55.548 12517 12582 E TestRunner: 	at androidx.compose.ui.platform.WrappedComposition$setContent$1$1.invoke(Wrapper.android.kt:133)
06-24 14:03:55.548 12517 12582 E TestRunner: 	at androidx.compose.runtime.internal.ComposableLambdaImpl.invoke(ComposableLambda.jvm.kt:109)
06-24 14:03:55.548 12517 12582 E TestRunner: 	at androidx.compose.runtime.internal.ComposableLambdaImpl.invoke(ComposableLambda.jvm.kt:35)
06-24 14:03:55.548 12517 12582 E TestRunner: 	at androidx.compose.runtime.ActualJvm_jvmKt.invokeComposable(ActualJvm.jvm.kt:97)
06-24 14:03:55.548 12517 12582 E TestRunner: 	at androidx.compose.runtime.ComposerImpl.doCompose(Composer.kt:3595)
06-24 14:03:55.548 12517 12582 E TestRunner: 	at androidx.compose.runtime.ComposerImpl.composeContent$runtime_release(Composer.kt:3522)
06-24 14:03:55.548 12517 12582 E TestRunner: 	at androidx.compose.runtime.CompositionImpl.composeContent(Composition.kt:743)
06-24 14:03:55.548 12517 12582 E TestRunner: 	at androidx.compose.runtime.Recomposer.composeInitial$runtime_release(Recomposer.kt:1122)
06-24 14:03:55.548 12517 12582 E TestRunner: 	at androidx.compose.runtime.CompositionImpl.composeInitial(Composition.kt:649)
06-24 14:03:55.548 12517 12582 E TestRunner: 	at androidx.compose.runtime.CompositionImpl.setContent(Composition.kt:635)
06-24 14:03:55.548 12517 12582 E TestRunner: 	at androidx.compose.ui.platform.WrappedComposition$setContent$1.invoke(Wrapper.android.kt:133)
06-24 14:03:55.548 12517 12582 E TestRunner: 	at androidx.compose.ui.platform.WrappedComposition$setContent$1.invoke(Wrapper.android.kt:124)
06-24 14:03:55.548 12517 12582 E TestRunner: 	at androidx.compose.ui.platform.AndroidComposeView.setOnViewTreeOwnersAvailable(AndroidComposeView.android.kt:1626)
06-24 14:03:55.548 12517 12582 E TestRunner: 	at androidx.compose.ui.platform.WrappedComposition.setContent(Wrapper.android.kt:124)
06-24 14:03:55.548 12517 12582 E TestRunner: 	at androidx.compose.ui.platform.WrappedComposition.onStateChanged(Wrapper.android.kt:180)
06-24 14:03:55.548 12517 12582 E TestRunner: 	at androidx.lifecycle.LifecycleRegistry$ObserverWithState.dispatchEvent(LifecycleRegistry.jvm.kt:313)
06-24 14:03:55.548 12517 12582 E TestRunner: 	at androidx.lifecycle.LifecycleRegistry.addObserver(LifecycleRegistry.jvm.kt:191)
06-24 14:03:55.548 12517 12582 E TestRunner: 	at androidx.compose.ui.platform.WrappedComposition$setContent$1.invoke(Wrapper.android.kt:131)
06-24 14:03:55.548 12517 12582 E TestRunner: 	at androidx.compose.ui.platform.WrappedComposition$setContent$1.invoke(Wrapper.android.kt:124)
06-24 14:03:55.548 12517 12582 E TestRunner: 	at androidx.compose.ui.platform.AndroidComposeView.onAttachedToWindow(AndroidComposeView.android.kt:1707)
06-24 14:03:55.548 12517 12582 E TestRunner: 	at android.view.View.dispatchAttachedToWindow(View.java:22860)
06-24 14:03:55.548 12517 12582 E TestRunner: 	at android.view.ViewGroup.dispatchAttachedToWindow(ViewGroup.java:3492)
06-24 14:03:55.548 12517 12582 E TestRunner: 	at android.view.ViewGroup.dispatchAttachedToWindow(ViewGroup.java:3499)
06-24 14:03:55.548 12517 12582 E TestRunner: 	at android.view.ViewGroup.addViewInner(ViewGroup.java:5299)
06-24 14:03:55.548 12517 12582 E TestRunner: 	at android.view.ViewGroup.addView(ViewGroup.java:5085)
06-24 14:03:55.548 12517 12582 E TestRunner: 	at android.view.ViewGroup.addView(ViewGroup.java:5057)
06-24 14:03:55.548 12517 12582 E TestRunner: 	at com.android.internal.policy.PhoneWindow.setContentView(PhoneWindow.java:572)
06-24 14:03:55.548 12517 12582 E TestRunner: 	at android.app.Activity.setContentView(Activity.java:3857)
06-24 14:03:55.548 12517 12582 E TestRunner: 	at androidx.activity.ComponentActivity.setContentView(ComponentActivity.kt:402)
06-24 14:03:55.548 12517 12582 E TestRunner: 	at androidx.activity.compose.ComponentActivityKt.setContent(ComponentActivity.kt:72)
06-24 14:03:55.548 12517 12582 E TestRunner: 	at androidx.compose.ui.test.AndroidComposeUiTestEnvironment$AndroidComposeUiTestImpl$setContent$3.invoke(ComposeUiTest.android.kt:489)
06-24 14:03:55.548 12517 12582 E TestRunner: 	at androidx.compose.ui.test.AndroidComposeUiTestEnvironment$AndroidComposeUiTestImpl$setContent$3.invoke(ComposeUiTest.android.kt:488)
06-24 14:03:55.548 12517 12582 E TestRunner: 	at androidx.compose.ui.test.AndroidSynchronization_androidKt.runOnUiThread$lambda$0(AndroidSynchronization.android.kt:37)
06-24 14:03:55.548 12517 12582 E TestRunner: 	at androidx.compose.ui.test.AndroidSynchronization_androidKt.$r8$lambda$opyMdTZ52jorqLaIG4SKpPr_Zno(Unknown Source:0)
06-24 14:03:55.548 12517 12582 E TestRunner: 	at androidx.compose.ui.test.AndroidSynchronization_androidKt$$ExternalSyntheticLambda0.call(D8$$SyntheticClass:0)
06-24 14:03:55.548 12517 12582 E TestRunner: 	at java.util.concurrent.FutureTask.run(FutureTask.java:264)
06-24 14:03:55.548 12517 12582 E TestRunner: 	at java.util.concurrent.Executors$RunnableAdapter.call(Executors.java:487)
06-24 14:03:55.548 12517 12582 E TestRunner: 	at java.util.concurrent.FutureTask.run(FutureTask.java:264)
06-24 14:03:55.548 12517 12582 E TestRunner: 	at android.app.Instrumentation$SyncRunnable.run(Instrumentation.java:2612)
06-24 14:03:55.548 12517 12582 E TestRunner: 	at android.os.Handler.handleCallback(Handler.java:959)
06-24 14:03:55.548 12517 12582 E TestRunner: 	at android.os.Handler.dispatchMessage(Handler.java:100)
06-24 14:03:55.548 12517 12582 E TestRunner: 	at android.os.Looper.loopOnce(Looper.java:232)
06-24 14:03:55.548 12517 12582 E TestRunner: 	at android.os.Looper.loop(Looper.java:317)
06-24 14:03:55.548 12517 12582 E TestRunner: 	at android.app.ActivityThread.main(ActivityThread.java:8705)
06-24 14:03:55.548 12517 12582 E TestRunner: 	at java.lang.reflect.Method.invoke(Native Method)
06-24 14:03:55.548 12517 12582 E TestRunner: 	at com.android.internal.os.RuntimeInit$MethodAndArgsCaller.run(RuntimeInit.java:580)
06-24 14:03:55.548 12517 12582 E TestRunner: 	at com.android.internal.os.ZygoteInit.main(ZygoteInit.java:886)
06-24 14:03:55.548 12517 12582 E TestRunner: ----- end exception -----
06-24 14:03:55.549 12517 12582 I TestRunner: finished: pokemonDetailScreen_rendersWithoutCrashing_multipleIds(com.example.ud1_modularization_example_2.feature.pokemon_detail.PokemonDetailScreenTest)
