06-24 14:05:28.789 12832 12872 I TestRunner: started: pokedexScreen_showsLoadingIndicator_whenLoading(com.example.ud1_modularization_example_2.feature.pokedex.PokedexScreenTest)
06-24 14:05:28.790 12832 12872 D IdlingRegistry: Registering idling resources: [androidx.compose.ui.test.EspressoLink@d96c31d]
06-24 14:05:28.791 12832 12872 W Settings: Setting always_finish_activities has moved from android.provider.Settings.System to android.provider.Settings.Global, returning read-only value.
06-24 14:05:28.793   580  1739 V GrammaticalInflectionUtils: AttributionSource: android.content.AttributionSource@9069dcd0 does not have READ_SYSTEM_GRAMMATICAL_GENDER permission.
06-24 14:05:28.798  1239  1239 W SplitSelectStateCtor: Missing session instanceIds
06-24 14:05:28.798  1239  1239 D StatsLog: LAUNCHER_SPLIT_SELECTION_EXIT_INTERRUPTED
06-24 14:05:28.799   580   600 W WindowOnBackDispatcher: sendCancelIfRunning: isInProgress=false callback=android.view.ViewRootImpl$$ExternalSyntheticLambda11@f5d4249
06-24 14:05:28.801  1239  1239 I TopTaskTracker: onTaskMovedToFront: (moved taskInfo to front) taskId=62, baseIntent=Intent { act=android.intent.action.MAIN cat=[android.intent.category.LAUNCHER] flg=0x10008000 cmp=com.example.ud1_modularization_example_2.feature.pokedex.test/androidx.activity.ComponentActivity }
06-24 14:05:28.805 12832 12832 D LifecycleMonitor: Lifecycle status change: androidx.activity.ComponentActivity@7e5c278 in: PRE_ON_CREATE
06-24 14:05:28.805 12832 12832 V ActivityScenario: Activity lifecycle changed event received but ignored because the reported transition was not ON_CREATE while the last known transition was PRE_ON_CREATE
06-24 14:05:28.809 12832 12832 D LifecycleMonitor: Lifecycle status change: androidx.activity.ComponentActivity@7e5c278 in: CREATED
06-24 14:05:28.809 12832 12832 V ActivityScenario: Update currentActivityStage to CREATED, currentActivity=androidx.activity.ComponentActivity@7e5c278
06-24 14:05:28.810 12832 12832 D LifecycleMonitor: Lifecycle status change: androidx.activity.ComponentActivity@7e5c278 in: STARTED
06-24 14:05:28.810 12832 12832 V ActivityScenario: Update currentActivityStage to STARTED, currentActivity=androidx.activity.ComponentActivity@7e5c278
06-24 14:05:28.811 12832 12832 D LifecycleMonitor: Lifecycle status change: androidx.activity.ComponentActivity@7e5c278 in: RESUMED
06-24 14:05:28.811 12832 12832 V ActivityScenario: Update currentActivityStage to RESUMED, currentActivity=androidx.activity.ComponentActivity@7e5c278
06-24 14:05:28.814   580   600 W InputManager-JNI: Input channel object 'e29f238 DeprecatedTargetSdkVersionDialog (client)' was disposed without first being removed with the input manager!
06-24 14:05:28.830   580   599 W ziparchive: Unable to open '/data/app/~~-mWJtftXxdZ7r57Kw54WNQ==/com.example.ud1_modularization_example_2.feature.pokedex.test-ZpFtPZS3_rKuy1dCp76tBw==/base.dm': No such file or directory
06-24 14:05:28.831   580   599 I ActivityTaskManager: Displayed com.example.ud1_modularization_example_2.feature.pokedex.test/androidx.activity.ComponentActivity for user 0: +35ms
06-24 14:05:28.886   414   414 I BpBinder: onLastStrongRef automatically unlinking death recipients:
06-24 14:05:29.022 12832 12959 D ProfileInstaller: Installing profile for com.example.ud1_modularization_example_2.feature.pokedex.test
06-24 14:05:29.109   972  1043 W WindowOnBackDispatcher: sendCancelIfRunning: isInProgress=false callback=android.view.ViewRootImpl$$ExternalSyntheticLambda11@bc79ba
06-24 14:05:29.109  1239  1239 D VRI[NexusLauncherActivity]: visibilityChanged oldVisibility=true newVisibility=false
06-24 14:05:29.110   580  1739 W InputManager-JNI: Input channel object 'bb896f8 Splash Screen com.example.ud1_modularization_example_2.feature.pokedex.test (client)' was disposed without first being removed with the input manager!
06-24 14:05:29.119  1239  1239 D NexusLauncherModelDelegate: notifySmartspaceEvent: SmartspaceTargetEvent{mSmartspaceTarget=null, mSmartspaceActionId='null', mEventType=7}
06-24 14:05:29.125  1239  1239 D BaseDepthController: setSurface:
06-24 14:05:29.125  1239  1239 D BaseDepthController: 	mWaitingOnSurfaceValidity: false
06-24 14:05:29.125  1239  1239 D BaseDepthController: 	mSurface: null
06-24 14:05:29.125  1239  1239 D BaseDepthController: mSurface is null and mCurrentBlur is: 0
06-24 14:05:29.126  1239  1239 D StateManager: goToState - fromState: Normal, toState: Normal, partial trace:
06-24 14:05:29.126  1239  1239 D StateManager: 	at com.android.launcher3.statemanager.StateManager.moveToRestState(go/retraceme 2855a437b73635ce9cad76b9289087e631bbb67fc90008a0da13d343a00e5041:4)
06-24 14:05:29.126  1239  1239 D StateManager: 	at com.android.launcher3.statemanager.StateManager.moveToRestState(go/retraceme 2855a437b73635ce9cad76b9289087e631bbb67fc90008a0da13d343a00e5041:1)
06-24 14:05:29.126  1239  1239 D StateManager: 	at com.android.launcher3.statemanager.StatefulActivity.onStop(go/retraceme 2855a437b73635ce9cad76b9289087e631bbb67fc90008a0da13d343a00e5041:34)
06-24 14:05:29.126  1239  1239 D StatsLog: LAUNCHER_ONSTOP
06-24 14:05:29.126  1239  2082 D OneSearchSuggestProvider: Shut down the binder channel
06-24 14:05:29.127  1239  1239 D StatsLog: LAUNCHER_GOOGLE_SEARCH_RESTORE_LIST_SIZE_AFTER_ACTIVITY_RESTART
06-24 14:05:29.127  1239  2803 I IPCThreadState: oneway function results for code 2 on binder at 0xb4000071e0581430 will be dropped but finished with status UNKNOWN_TRANSACTION
06-24 14:05:29.169 12832 12845 I re.pokedex.test: Compiler allocated 6344KB to compile void com.example.ud1_modularization_example_2.feature.pokedex.PokedexScreenKt.PokedexScreenContent(androidx.compose.ui.Modifier, com.example.ud1_modularization_example_2.feature.pokedex.PokedexUiState, kotlin.jvm.functions.Function1, kotlin.jvm.functions.Function0, kotlin.jvm.functions.Function1, androidx.compose.runtime.Composer, int, int)
06-24 14:05:29.189   580  1792 V GrammaticalInflectionUtils: AttributionSource: android.content.AttributionSource@9069dcd0 does not have READ_SYSTEM_GRAMMATICAL_GENDER permission.
06-24 14:05:29.192 12832 12832 D LifecycleMonitor: Lifecycle status change: androidx.activity.ComponentActivity@7e5c278 in: PAUSED
06-24 14:05:29.193 12832 12832 V ActivityScenario: Update currentActivityStage to PAUSED, currentActivity=androidx.activity.ComponentActivity@7e5c278
06-24 14:05:29.193   580   600 W WindowOnBackDispatcher: sendCancelIfRunning: isInProgress=false callback=android.view.ViewRootImpl$$ExternalSyntheticLambda11@7d7fd34
06-24 14:05:29.195   580   600 W InputManager-JNI: Input channel object 'a64a60f DeprecatedTargetSdkVersionDialog (client)' was disposed without first being removed with the input manager!
06-24 14:05:29.198 12832 12832 D LifecycleMonitor: Lifecycle status change: androidx.test.core.app.InstrumentationActivityInvoker$EmptyActivity@45c6870 in: PRE_ON_CREATE
06-24 14:05:29.198 12832 12832 V ActivityScenario: Activity lifecycle changed event received but ignored because the intent does not match. startActivityIntent=Intent { act=android.intent.action.MAIN cat=[android.intent.category.LAUNCHER] flg=0x10008000 cmp=com.example.ud1_modularization_example_2.feature.pokedex.test/androidx.activity.ComponentActivity }, activity.getIntent()=Intent { act=android.intent.action.MAIN cat=[android.intent.category.LAUNCHER] flg=0x10000000 cmp=com.example.ud1_modularization_example_2.feature.pokedex.test/androidx.test.core.app.InstrumentationActivityInvoker$EmptyActivity }, activity=androidx.test.core.app.InstrumentationActivityInvoker$EmptyActivity@45c6870
06-24 14:05:29.200 12832 12832 D LifecycleMonitor: Lifecycle status change: androidx.test.core.app.InstrumentationActivityInvoker$EmptyActivity@45c6870 in: CREATED
06-24 14:05:29.200 12832 12832 V ActivityScenario: Activity lifecycle changed event received but ignored because the intent does not match. startActivityIntent=Intent { act=android.intent.action.MAIN cat=[android.intent.category.LAUNCHER] flg=0x10008000 cmp=com.example.ud1_modularization_example_2.feature.pokedex.test/androidx.activity.ComponentActivity }, activity.getIntent()=Intent { act=android.intent.action.MAIN cat=[android.intent.category.LAUNCHER] flg=0x10000000 cmp=com.example.ud1_modularization_example_2.feature.pokedex.test/androidx.test.core.app.InstrumentationActivityInvoker$EmptyActivity }, activity=androidx.test.core.app.InstrumentationActivityInvoker$EmptyActivity@45c6870
06-24 14:05:29.201 12832 12832 D LifecycleMonitor: Lifecycle status change: androidx.test.core.app.InstrumentationActivityInvoker$EmptyActivity@45c6870 in: STARTED
06-24 14:05:29.201 12832 12832 V ActivityScenario: Activity lifecycle changed event received but ignored because the intent does not match. startActivityIntent=Intent { act=android.intent.action.MAIN cat=[android.intent.category.LAUNCHER] flg=0x10008000 cmp=com.example.ud1_modularization_example_2.feature.pokedex.test/androidx.activity.ComponentActivity }, activity.getIntent()=Intent { act=android.intent.action.MAIN cat=[android.intent.category.LAUNCHER] flg=0x10000000 cmp=com.example.ud1_modularization_example_2.feature.pokedex.test/androidx.test.core.app.InstrumentationActivityInvoker$EmptyActivity }, activity=androidx.test.core.app.InstrumentationActivityInvoker$EmptyActivity@45c6870
06-24 14:05:29.202   414   414 I BpBinder: onLastStrongRef automatically unlinking death recipients:
06-24 14:05:29.204 12832 12832 D LifecycleMonitor: Lifecycle status change: androidx.test.core.app.InstrumentationActivityInvoker$EmptyActivity@45c6870 in: RESUMED
06-24 14:05:29.204 12832 12832 V ActivityScenario: Activity lifecycle changed event received but ignored because the intent does not match. startActivityIntent=Intent { act=android.intent.action.MAIN cat=[android.intent.category.LAUNCHER] flg=0x10008000 cmp=com.example.ud1_modularization_example_2.feature.pokedex.test/androidx.activity.ComponentActivity }, activity.getIntent()=Intent { act=android.intent.action.MAIN cat=[android.intent.category.LAUNCHER] flg=0x10000000 cmp=com.example.ud1_modularization_example_2.feature.pokedex.test/androidx.test.core.app.InstrumentationActivityInvoker$EmptyActivity }, activity=androidx.test.core.app.InstrumentationActivityInvoker$EmptyActivity@45c6870
06-24 14:05:29.229   580   599 I ActivityTaskManager: Displayed com.example.ud1_modularization_example_2.feature.pokedex.test/androidx.test.core.app.InstrumentationActivityInvoker$EmptyActivity for user 0: +39ms
06-24 14:05:29.233  1239  1239 I TopTaskTracker: onTaskMovedToFront: (moved taskInfo to front) taskId=7, baseIntent=Intent { act=android.intent.action.MAIN cat=[android.intent.category.HOME] flg=0x10000100 cmp=com.google.android.apps.nexuslauncher/.NexusLauncherActivity }
06-24 14:05:29.237 12832 12832 D LifecycleMonitor: Lifecycle status change: androidx.test.core.app.InstrumentationActivityInvoker$EmptyActivity@45c6870 in: PAUSED
06-24 14:05:29.237 12832 12832 V ActivityScenario: Activity lifecycle changed event received but ignored because the intent does not match. startActivityIntent=Intent { act=android.intent.action.MAIN cat=[android.intent.category.LAUNCHER] flg=0x10008000 cmp=com.example.ud1_modularization_example_2.feature.pokedex.test/androidx.activity.ComponentActivity }, activity.getIntent()=Intent { act=android.intent.action.MAIN cat=[android.intent.category.LAUNCHER] flg=0x10000000 cmp=com.example.ud1_modularization_example_2.feature.pokedex.test/androidx.test.core.app.InstrumentationActivityInvoker$EmptyActivity }, activity=androidx.test.core.app.InstrumentationActivityInvoker$EmptyActivity@45c6870
06-24 14:05:29.240 12832 12832 D VRI[ComponentActivity]: visibilityChanged oldVisibility=true newVisibility=false
06-24 14:05:29.241  1239  1239 D StatsLog: LAUNCHER_ONRESUME
06-24 14:05:29.242   580  1683 W AppSearchIcing: icing-search-engine.cc:321: Error: 5, Message: Document (com.google.android.googlequicksearchbox$OneSearchZeroStateGoogleSuggestions/default, zp) not found.
06-24 14:05:29.243  1239  2082 D OneSearchSuggestProvider: AppSearch 0-state cache not available, fallback to AGA
06-24 14:05:29.243  1239  2082 D OneSearchSuggestProvider: java.util.concurrent.CompletionException: java.util.NoSuchElementException: No value present
06-24 14:05:29.243  1239  2082 D OneSearchSuggestProvider: 	at java.util.concurrent.CompletableFuture.encodeThrowable(CompletableFuture.java:308)
06-24 14:05:29.243  1239  2082 D OneSearchSuggestProvider: 	at java.util.concurrent.CompletableFuture.completeThrowable(CompletableFuture.java:323)
06-24 14:05:29.243  1239  2082 D OneSearchSuggestProvider: 	at java.util.concurrent.CompletableFuture$UniAccept.tryFire(CompletableFuture.java:684)
06-24 14:05:29.243  1239  2082 D OneSearchSuggestProvider: 	at java.util.concurrent.CompletableFuture.postComplete(CompletableFuture.java:486)
06-24 14:05:29.243  1239  2082 D OneSearchSuggestProvider: 	at java.util.concurrent.CompletableFuture.completeExceptionally(CompletableFuture.java:2138)
06-24 14:05:29.243  1239  2082 D OneSearchSuggestProvider: 	at com.google.android.apps.nexuslauncher.allapps.E0.onResult(go/retraceme 2855a437b73635ce9cad76b9289087e631bbb67fc90008a0da13d343a00e5041:67)
06-24 14:05:29.243  1239  2082 D OneSearchSuggestProvider: 	at android.app.appsearch.SearchSessionUtil$1.lambda$onResult$0(go/retraceme 64eee9e9f568ff45978879ad2ff83146f2618ee8a88278736fbdf5fae931976e:144)
06-24 14:05:29.243  1239  2082 D OneSearchSuggestProvider: 	at android.app.appsearch.SearchSessionUtil$1.$r8$lambda$CEk3q8sDAQVhU3rQwVueB8FAj_M(go/retraceme 64eee9e9f568ff45978879ad2ff83146f2618ee8a88278736fbdf5fae931976e:1)
06-24 14:05:29.243  1239  2082 D OneSearchSuggestProvider: 	at android.app.appsearch.SearchSessionUtil$1$$ExternalSyntheticLambda0.run(go/retraceme 64eee9e9f568ff45978879ad2ff83146f2618ee8a88278736fbdf5fae931976e:22)
06-24 14:05:29.243  1239  2082 D OneSearchSuggestProvider: 	at android.os.Handler.handleCallback(Handler.java:959)
06-24 14:05:29.243  1239  2082 D OneSearchSuggestProvider: 	at android.os.Handler.dispatchMessage(Handler.java:100)
06-24 14:05:29.243  1239  2082 D OneSearchSuggestProvider: 	at android.os.Looper.loopOnce(Looper.java:232)
06-24 14:05:29.243  1239  2082 D OneSearchSuggestProvider: 	at android.os.Looper.loop(Looper.java:317)
06-24 14:05:29.243  1239  2082 D OneSearchSuggestProvider: 	at android.os.HandlerThread.run(HandlerThread.java:85)
06-24 14:05:29.243  1239  2082 D OneSearchSuggestProvider: Caused by: java.util.NoSuchElementException: No value present
06-24 14:05:29.243  1239  2082 D OneSearchSuggestProvider: 	at java.util.Optional.get(Optional.java:143)
06-24 14:05:29.243  1239  2082 D OneSearchSuggestProvider: 	at com.google.android.apps.nexuslauncher.allapps.E0.onResult(go/retraceme 2855a437b73635ce9cad76b9289087e631bbb67fc90008a0da13d343a00e5041:28)
06-24 14:05:29.243  1239  2082 D OneSearchSuggestProvider: 	... 8 more
06-24 14:05:29.243  1239  1268 D QuickstepModelDelegate: notifyAppTargetEvent action=1 launchLocation=workspace/0/[-1,-1]/[1,1]
06-24 14:05:29.243  1239  2082 D OneSearchSuggestProvider: Created the binder channel successfully for end point service =com.google.android.apps.search.googleapp.search.suggest.plugins.onesearch.server.OneSearchSuggestService , mChannel=i1{delegate=f{logId=233, target=directaddress:///AndroidComponentAddress%5BIntent%20%7B%20act=grpc.io.action.BIND%20cmp=com.google.android.googlequicksearchbox/com.google.android.apps.search.googleapp.search.suggest.plugins.onesearch.server.OneSearchSuggestService%20%7D%5D}} , mOneSearchConnection=l2.Z@617d390
06-24 14:05:29.245  7368  7368 I A       : (REDACTED) Created gRPC endpoint for service %s
06-24 14:05:29.247  1637  1714 I AiAiEcho: Predicting[0]:  [CONTEXT sampling_count=5 ]
06-24 14:05:29.247  1637  1714 I AiAiEcho: EchoTargets:
06-24 14:05:29.247  1637  1714 I AiAiEcho: Filtered by AiAi flag check:
06-24 14:05:29.247  1637  1714 I AiAiEcho: [CONTEXT ratelimit_period="10 SECONDS" ]
06-24 14:05:29.247  1637  1714 I AiAiEcho: Ranked targets strategy: SORT, count: 0, ranking metadata:  [CONTEXT ratelimit_period="10 SECONDS" ]
06-24 14:05:29.247  1637  1714 I AiAiEcho: #remoteViewsTwiddler: feature disabled.
06-24 14:05:29.247  1637  1714 I AiAiEcho: #postPredictionTargets: Sending updates to UISurface home with targets# 0 (types=[])
06-24 14:05:29.252  1239  1239 D NexusLauncherModelDelegate: notifySmartspaceEvent: SmartspaceTargetEvent{mSmartspaceTarget=null, mSmartspaceActionId='null', mEventType=6}
06-24 14:05:29.255  1239  1239 D BaseDepthController: setSurface:
06-24 14:05:29.255  1239  1239 D BaseDepthController: 	mWaitingOnSurfaceValidity: false
06-24 14:05:29.255  1239  1239 D BaseDepthController: 	mSurface: Surface(name=com.google.android.apps.nexuslauncher/com.google.android.apps.nexuslauncher.NexusLauncherActivity)/@0xa9cf4ae
06-24 14:05:29.260  1239  1239 D SsBaseTemplateCard: No text view can be set up
06-24 14:05:29.260  1239  1239 D SsBaseTemplateCard: Passed-in item info is null
06-24 14:05:29.260  1239  1239 D SsBaseTemplateCard: Passed-in item info is null
06-24 14:05:29.260  1239  1239 D SsBaseTemplateCard: Passed-in item info is null
06-24 14:05:29.260  1239  1239 I SsBaseTemplateCard: Secondary card pane is null
06-24 14:05:29.263  1239  1239 D StateManager: createAtomicAnimation - fromState: Background, toState: Normal, partial trace:
06-24 14:05:29.263  1239  1239 D StateManager: 	at com.android.quickstep.util.WorkspaceRevealAnim.prepareToAnimate(go/retraceme 2855a437b73635ce9cad76b9289087e631bbb67fc90008a0da13d343a00e5041:22)
06-24 14:05:29.263  1239  1239 D StateManager: 	at com.android.quickstep.util.WorkspaceRevealAnim.<init>(go/retraceme 2855a437b73635ce9cad76b9289087e631bbb67fc90008a0da13d343a00e5041:11)
06-24 14:05:29.263  1239  1239 D StateManager: 	at com.android.launcher3.QuickstepTransitionManager.createWallpaperOpenAnimations(go/retraceme 2855a437b73635ce9cad76b9289087e631bbb67fc90008a0da13d343a00e5041:735)
06-24 14:05:29.271  1239  1239 D SearchTargetUtil: queryLength=0 size=15
06-24 14:05:29.271  1239  1239 D SearchTargetUtil: layoutType=short_icon_row resultType=131072 packageName=com.google.android.googlequicksearchbox extras=Bundle{suggestion_type=33,suggest_truncate_start=false,is_answer=false,is_entity=false,is_personal=false,suggest_raw_text=benson boone american heart album review,input_query=android.app.search.Query@a884ea1,group_id=web7401046,response_id=05492eb9-d334-4ef6-8e98-5ee6f4d38ab5,support_query_builder=false,} searchAction=benson boone american heart album review searchActionExtras=Bundle{learn_more_url=https://support.google.com/websearch/answer/106230?hl=106230,suggestion_action_text=Report this,should_start_for_result=true,allow_pinning=true,skip_logging_in_target_handler=true,suggestion_action_rpc=2,}ParentID: null targetID: 73b42729-759d-4802-b792-0ce629c7b5a4
06-24 14:05:29.271  1239  1239 D SearchTargetUtil: layoutType=short_icon_row resultType=131072 packageName=com.google.android.googlequicksearchbox extras=Bundle{suggestion_type=33,suggest_truncate_start=false,is_answer=false,is_entity=false,is_personal=false,suggest_raw_text=inter miami fifa club world cup,input_query=android.app.search.Query@a884ea1,group_id=web7401046,response_id=05492eb9-d334-4ef6-8e98-5ee6f4d38ab5,support_query_builder=false,} searchAction=inter miami fifa club world cup searchActionExtras=Bundle{learn_more_url=https://support.google.com/websearch/answer/106230?hl=106230,suggestion_action_text=Report this,should_start_for_result=true,allow_pinning=true,skip_logging_in_target_handler=true,suggestion_action_rpc=2,}ParentID: null targetID: 7ec15d31-a93f-4f39-897b-85f5ba674278
06-24 14:05:29.271  1239  1239 D SearchTargetUtil: layoutType=short_icon_row resultType=131072 packageName=com.google.android.googlequicksearchbox extras=Bundle{suggestion_type=33,suggest_truncate_start=false,is_answer=false,is_entity=false,is_personal=false,suggest_raw_text=morrissey cancels concert,input_query=android.app.search.Query@a884ea1,group_id=web7401046,response_id=05492eb9-d334-4ef6-8e98-5ee6f4d38ab5,support_query_builder=false,} searchAction=morrissey cancels concert searchActionExtras=Bundle{learn_more_url=https://support.google.com/websearch/answer/106230?hl=106230,suggestion_action_text=Report this,should_start_for_result=true,allow_pinning=true,skip_logging_in_target_handler=true,suggestion_action_rpc=2,}ParentID: null targetID: 31151616-90f8-4b63-a724-6af6be44ee1c
06-24 14:05:29.271  1239  1239 D SearchTargetUtil: layoutType=short_icon_row resultType=131072 packageName=com.google.android.googlequicksearchbox extras=Bundle{suggestion_type=33,suggest_truncate_start=false,is_answer=false,is_entity=false,is_personal=false,suggest_raw_text=paramount+ showtime rebranding,input_query=android.app.search.Query@a884ea1,group_id=web7401046,response_id=05492eb9-d334-4ef6-8e98-5ee6f4d38ab5,support_query_builder=false,} searchAction=paramount+ showtime rebranding searchActionExtras=Bundle{learn_more_url=https://support.google.com/websearch/answer/106230?hl=106230,suggestion_action_text=Report this,should_start_for_result=true,allow_pinning=true,skip_logging_in_target_handler=true,suggestion_action_rpc=2,}ParentID: null targetID: f955ced1-074a-46f1-bfe1-26b517fb210a
06-24 14:05:29.271  1239  1239 D SearchTargetUtil: layoutType=short_icon_row resultType=131072 packageName=com.google.android.googlequicksearchbox extras=Bundle{suggestion_type=33,suggest_truncate_start=false,is_answer=false,is_entity=false,is_personal=false,suggest_raw_text=kroger stores closing,input_query=android.app.search.Query@a884ea1,group_id=web7401046,response_id=05492eb9-d334-4ef6-8e98-5ee6f4d38ab5,support_query_builder=false,} searchAction=kroger stores closing searchActionExtras=Bundle{learn_more_url=https://support.google.com/websearch/answer/106230?hl=106230,suggestion_action_text=Report this,should_start_for_result=true,allow_pinning=true,skip_logging_in_target_handler=true,suggestion_action_rpc=2,}ParentID: null targetID: 22e38bcf-42d7-4a36-bda9-e7c83748b71f
06-24 14:05:29.271  1239  1239 D SearchTargetUtil: layoutType=extra_tall_icon_row resultType=131072 packageName=com.google.android.googlequicksearchbox extras=Bundle{bitmap_url=data:image/jpeg;base64,/9j/4AAQSkZJRgABAQAAAQABAAD/2wCEAAkGBwgHBgkIBwgKCgkLDRYPDQwMDRsUFRAWIB0iIiAdHx8kKDQsJCYxJx8fLT0tMTU3Ojo6Iys/RD84QzQ5OjcBCgoKDQwNGg8PGjclHyU3Nzc3Nzc3Nzc3Nzc3Nzc3Nzc3Nzc3Nzc3Nzc3Nzc3Nzc3Nzc3Nzc3Nzc3Nzc3Nzc3N//AABEIAHwAfAMBIgACEQEDEQH/xAAcAAACAwEBAQEAAAAAAAAAAAAFBgMEBwIBAAj/xAA9EAACAQMCBAQDBgIJBQEAAAABAgMABBEFIQYSMUETIlFhcYGRBxRCobHBIzIVM1KCotHh8PEkYnJzwiX/xAAZAQADAQEBAAAAAAAAAAAAAAABAgMABAX/xAAnEQACAgICAAUEAwAAAAAAAAAAAQIRAyESMQQiQeHwBVFhcROBkf/aAAwDAQACEQMRAD8A1KzvLa8TME8Mp7+G4OKs4r866TxJf6HJm35om6b9PpTppX2qOkAF/EJmB3cYUn6bUwKNYFfcwHU0m6Nx/YapKIyngE9DJIADTXGySqGjYMD3BrAJi9eZrkLXu9Ax7XnyrwnAJOwFDZNRlLkW8IKD8T7ZoOSXY0YuXQlfbbCzaHZywhfFErArjzMvIT19j2/7qVpRbyQrpLzGPTtIs1Mr+IUD3UnKQ2em3Nj26dDWhcQ2llrsccGtaaLiOMkpiRgUyNyOUg0ncT8H+DaxR6Szm1nvI5boSsHKIFx/eXZdj3/KWTzLTKKLi9iJrWl3vD9ykdwOaGcFo5V6Pg4IPuPSqcAtzdRSgEkOOdNwOXO49tvSinEV1qllYWuianByR2xLWsp7oewP+yOnpS9CeQnqB8apjbcdsSWmbFd3Fvqg0/TOGuJNN0vT5AB4VuhSfnG+D/a3xkbH1zU32S2Ktqus38uPHj5YeUdBzElvzUD5VlXDN39312xuJmwsNzHK59FVwWPw5c5py+y2fUZdSv57LldWRMqZeQLuc5XuenyJpMcODaNKXI3Df4VC17aKcPeW6kdjKo/elaW01e6MsVw1pHbPlSDlmdD64xyn64qnBwhbGPmujb+KSS3hxnl9urZ6VSxTMzNHMCJkBPTpVSewhkH8I8p9qhjnEuG79qsq3k360EyjQPeC6gG2WX29KYeE+M73QblV5i9uxAeJ99vb0NUI5VdhzLkdc1FNFEx8ygqPqKNi0b3o3Eema0iGxuo2lYZ8EsA4/u0V3HWvzKFmt357KZ0Ofwtg0x6L9o2t6SRFO5uYx+GQ/v1oi0bRrF4LSFFyOaU8oycUFluhGuZJlB7YOc1nHEv2g6rrUMCWFmiFASzRq7HPpt8vWvtR0rXbvhaxuIp2hvXy88Yfw8Kfc7jHx71HInfZ04WlHoffv8ci+V1YA+ZkbJFXWMV/AyqxCPHjmHoRWd8Jabq9g8kt/dZRwByklz9T0+VMMkp5f4HixvzqOePOcHrt0qakouisoOaT6ESbiZoBPouv2pv7S3leJZpADICGIyezfHY0p6qLWK+f+jpBJZthoxvlfUHO+Qc/lWyraWT3T2Ou6fZ3X3mESxzlAjEnqC3qCD123HTc0Lfh3QJbe4tbrQopzGP+jubUtC8gKqQHxt1dRzYx7dAa44KLtKiE0+uzJUnC5wRuMbntTFwLrk+ja4s1pyr46mGRJFLIQSDkehBA/OmS4+zKBpZk0e/kR4nC+Hfcp5iQpADoevnUfy9SKFLw/qegahbPqtj4UZnCpLEwZCcZ3+lWeiDG1eMtdeRF5YkDMASsHTOPXPrVY8YcQk58dx7eFGP2qrFZWgMRVnJBXqPh/lVcaZFje6/w/wCtLoWxHguTGRj50SSctj1oKpD9Dg1NFMUYZoFwwk5H7VOkysN+poWjgjfpUyvjfrisAulebdOvcVG8LSg5GTjbNdROHww6/rVqNV5ck/KtZqItISewupJbcbshUA9j7Uah1SOOZTdXzCMDzQSXITt/ZzzEfLFDnnFugwA8smREh6e7H2H60XsmieNWL2aONm8aIMw+Bx0qUquzoxWlVnEF281y72xkjtTnlDAgE+2aNafez3LmCE+c+TAGSc9qo6hc2xROSUSODuQMCm7grR0sFfWb8eEAhdEbbkXG7N6bdqnGPOWik58I7AVzxFHd2pZSoaylWW2kGxdM7g++M49fj1Oas8bLNcALzpEzK2BkFRkEfD0+lZQNREl3NMnlWSRnUHpgkkD86ZtP1bxrJ4Z3k5gB1XmDJnfON8gZ9f3rtklRwRltWO8MKZFwrOkpw7IuACcLjoNweVR17Ch3FjtfvpllFOqzvIJhk45sDHyzk0IPFmmRE+NqMIYDmKDyk5645sde49dxih15qdtqkgvLxpI7FF5bZ4YVmaRuhJDYwuB8Pep5ZJRN26Da8M30ZEklzbhQcn+N2+ldnhe/7zW2f/ef8qX7C60621GDToZ9OmiuhyxXVrAIWR9iFkQbYJx8987V1dwW8k7C8s4HlTyHxIVYrjtuKSOVSdDPFWxH4g4X1Th4JLeLG9u7cqzRNkZ9x1HUUJVs71qfEKJe6baKbc3HPbtlF6gssB39P5T8xWa6rp02lXQhmKkMvMpU5+XxFNa6Ck6s9herccgI3OTQpGwKuWyTTAtDGzKOrdFHxJ2HzrBWy8HCDmXpVuCYCPxpQRF+Fc4Mh9vb3/2BiSQwHBYXEpP8q58NT7n8X6e5qRTLPL4kjEn37fCh2NpdliS6PitK+GmbbYbKOwFGOELW11m7v7S+cI33JpYZG/A4ZQNu/U7fGlYseZx38Q0y8FwN497d5IjjQRZA7nf9M1aMVVEJSd2OuhcLJpzQ3OpSR3EvKGjhi3UZ3z71T+0fiq4hsv6FgxG1yuZvUR56f3sfTPrR3Rry303h+TUNRn5kiVmz1IA6IPXtj4isd1O/n1TUbi+uj/FncsQDso7KPYDA+VNxUdG5uW2RqdqvWl48DBlYjFDV5ubc+XsK7L+lAAbgWzkkeQxojHzeWPJJojwnqtsmuNZyoLm1vlaMrcQLmM4JAG52PQ+u3pSotyydDjFSW16Y9Qt70rl4JkkIG3OAQSPjtXP4jD/JjlFeqK4p8JJsctX0vRtWivP6CXwNSseZpoFiZA4BIOB0yCNiP3BorpNqvFOnQal43JccgiuMfikXbm+Y5T86n0vTNNm1deJLDUGIuAeaLblORgg9wcgHHqKQL/UXsNUv4dJuZI7Q3DlAuw/42wPYCvF8NKea8eKTTjW36X3F/wB9HoZYxx+eaVP7ev2ZdjmaZ18LUrMnGRG0jAHI7jGD1/3tXN1YXF1EYrhbJUBxgRFSMHqMY6/mKH3t3PZzNcQXLeMw5GYbZxtRHg+8++6j4Wor48HV+YkHHfcEGvYjGtHNkbFm6kawumhFtEkkZyG5Ac+hGc1Xub25u3zcTSSHtzNnHw9KbOPrfSVn5dMiZGVQ6sZC2Qeo3+tJijcVTikyPNtFq1XJoxbqDih1quB0ojE3hr1wBvmiAHspSVweoc/rTrwJb82iXkhz/FusfRR/rSXI3M7N6mnjhu+TSeClvJRkh5GC/wBpixA/arQIzKfHWq4jh0WBsRxeecDux6L9MH5j0pQ6DJrqaV7iaSeduaSRizNjqTua536n6Vm7ClR4CRknv2r7m2qN5PNyivC3QepoBPS3aukPpUTsq9Oteof+7PwoGGbTNN06eBkRJLic4JXIORj8Ixn4kZ79Kil0u1cjEGowEbFI7cyjOT+IGo7G0e40+NzCGiyfNJIAu23fA2rs3RhCxxXlqiKNlWePA3/8q4fNydS+fPweu1CWJeRL589SnewPDYvcSJzIJCAp6YHKD+ZNMGgadbwxzT3cNxHGgGHt+VlIG5yD5s9N6GJMl5w8kLHLB51b1BY5
06-24 14:05:29.271  1239  1239 D SearchTargetUtil: layoutType=short_icon_row resultType=131072 packageName=com.google.android.googlequicksearchbox extras=Bundle{suggestion_type=33,suggest_truncate_start=false,is_answer=false,is_entity=false,is_personal=false,suggest_raw_text=nascar 23xi racing lawsuit,input_query=android.app.search.Query@a884ea1,group_id=web7401046,response_id=05492eb9-d334-4ef6-8e98-5ee6f4d38ab5,support_query_builder=false,} searchAction=nascar 23xi racing lawsuit searchActionExtras=Bundle{learn_more_url=https://support.google.com/websearch/answer/106230?hl=106230,suggestion_action_text=Report this,should_start_for_result=true,allow_pinning=true,skip_logging_in_target_handler=true,suggestion_action_rpc=2,}ParentID: null targetID: 6c0e0aa8-67ce-4094-b76c-4302d779633e
06-24 14:05:29.271  1239  1239 D SearchTargetUtil: layoutType=short_icon_row resultType=131072 packageName=com.google.android.googlequicksearchbox extras=Bundle{suggestion_type=33,suggest_truncate_start=false,is_answer=false,is_entity=false,is_personal=false,suggest_raw_text=red lobster seafood boils,input_query=android.app.search.Query@a884ea1,group_id=web7401046,response_id=05492eb9-d334-4ef6-8e98-5ee6f4d38ab5,support_query_builder=false,} searchAction=red lobster seafood boils searchActionExtras=Bundle{learn_more_url=https://support.google.com/websearch/answer/106230?hl=106230,suggestion_action_text=Report this,should_start_for_result=true,allow_pinning=true,skip_logging_in_target_handler=true,suggestion_action_rpc=2,}ParentID: null targetID: 108c5718-e5e6-4f16-84dc-8c1f119e6f31
06-24 14:05:29.271  1239  1239 D SearchTargetUtil: layoutType=short_icon_row resultType=131072 packageName=com.google.android.googlequicksearchbox extras=Bundle{suggestion_type=33,suggest_truncate_start=false,is_answer=false,is_entity=false,is_personal=false,suggest_raw_text=alpha zombies,input_query=android.app.search.Query@a884ea1,group_id=web7401046,response_id=05492eb9-d334-4ef6-8e98-5ee6f4d38ab5,support_query_builder=false,} searchAction=alpha zombies searchActionExtras=Bundle{learn_more_url=https://support.google.com/websearch/answer/106230?hl=106230,suggestion_action_text=Report this,should_start_for_result=true,allow_pinning=true,skip_logging_in_target_handler=true,suggestion_action_rpc=2,}ParentID: null targetID: a4b2ed91-1ca1-43b5-ae51-c59c7716f999
06-24 14:05:29.271  1239  1239 D SearchTargetUtil: layoutType=short_icon_row resultType=131072 packageName=com.google.android.googlequicksearchbox extras=Bundle{suggestion_type=33,suggest_truncate_start=false,is_answer=false,is_entity=false,is_personal=false,suggest_raw_text=madison woodmans roof collapse,input_query=android.app.search.Query@a884ea1,group_id=web7401046,response_id=05492eb9-d334-4ef6-8e98-5ee6f4d38ab5,support_query_builder=false,} searchAction=madison woodmans roof collapse searchActionExtras=Bundle{learn_more_url=https://support.google.com/websearch/answer/106230?hl=106230,suggestion_action_text=Report this,should_start_for_result=true,allow_pinning=true,skip_logging_in_target_handler=true,suggestion_action_rpc=2,}ParentID: null targetID: 7a32c0bd-fac7-4e2b-87b4-a1ea562427ac
06-24 14:05:29.271  1239  1239 D SearchTargetUtil: layoutType=short_icon_row resultType=131072 packageName=com.google.android.googlequicksearchbox extras=Bundle{suggestion_type=33,suggest_truncate_start=false,is_answer=false,is_entity=false,is_personal=false,suggest_raw_text=chinese satellite pulverizes starlink,input_query=android.app.search.Query@a884ea1,group_id=web7401046,response_id=05492eb9-d334-4ef6-8e98-5ee6f4d38ab5,support_query_builder=false,} searchAction=chinese satellite pulverizes starlink searchActionExtras=Bundle{learn_more_url=https://support.google.com/websearch/answer/106230?hl=106230,suggestion_action_text=Report this,should_start_for_result=true,allow_pinning=true,skip_logging_in_target_handler=true,suggestion_action_rpc=2,}ParentID: null targetID: 7471c088-79b6-4021-9376-fb40fe1bf6da
06-24 14:05:29.271  1239  1239 D SearchTargetUtil: layoutType=short_icon_row resultType=131072 packageName=com.google.android.googlequicksearchbox extras=Bundle{suggestion_type=33,suggest_truncate_start=false,is_answer=false,is_entity=false,is_personal=false,suggest_raw_text=samsung galaxy z fold 7,input_query=android.app.search.Query@a884ea1,group_id=web7401046,response_id=05492eb9-d334-4ef6-8e98-5ee6f4d38ab5,support_query_builder=false,} searchAction=samsung galaxy z fold 7 searchActionExtras=Bundle{learn_more_url=https://support.google.com/websearch/answer/106230?hl=106230,suggestion_action_text=Report this,should_start_for_result=true,allow_pinning=true,skip_logging_in_target_handler=true,suggestion_action_rpc=2,}ParentID: null targetID: 0cba7e3a-a00e-4905-9a51-c545d56c88c9
06-24 14:05:29.271  1239  1239 D SearchTargetUtil: layoutType=short_icon_row resultType=131072 packageName=com.google.android.googlequicksearchbox extras=Bundle{suggestion_type=33,suggest_truncate_start=false,is_answer=false,is_entity=false,is_personal=false,suggest_raw_text=inert grenade tsa detroit airport,input_query=android.app.search.Query@a884ea1,group_id=web7401046,response_id=05492eb9-d334-4ef6-8e98-5ee6f4d38ab5,support_query_builder=false,} searchAction=inert grenade tsa detroit airport searchActionExtras=Bundle{learn_more_url=https://support.google.com/websearch/answer/106230?hl=106230,suggestion_action_text=Report this,should_start_for_result=true,allow_pinning=true,skip_logging_in_target_handler=true,suggestion_action_rpc=2,}ParentID: null targetID: eb43de1e-702e-4b8e-9f04-05ba1c017740
06-24 14:05:29.272  1239  1239 D SearchTargetUtil: layoutType=short_icon_row resultType=131072 packageName=com.google.android.googlequicksearchbox extras=Bundle{suggestion_type=33,suggest_truncate_start=false,is_answer=false,is_entity=false,is_personal=false,suggest_raw_text=nyt crossword answers,input_query=android.app.search.Query@a884ea1,group_id=web7401046,response_id=05492eb9-d334-4ef6-8e98-5ee6f4d38ab5,support_query_builder=false,} searchAction=nyt crossword answers searchActionExtras=Bundle{learn_more_url=https://support.google.com/websearch/answer/106230?hl=106230,suggestion_action_text=Report this,should_start_for_result=true,allow_pinning=true,skip_logging_in_target_handler=true,suggestion_action_rpc=2,}ParentID: null targetID: b931619a-ef0f-4bc6-91a8-39d2ef116708
06-24 14:05:29.272  1239  1239 D SearchTargetUtil: layoutType=short_icon_row resultType=131072 packageName=com.google.android.googlequicksearchbox extras=Bundle{suggestion_type=33,suggest_truncate_start=false,is_answer=false,is_entity=false,is_personal=false,suggest_raw_text=south carolina driver's license redesign,input_query=android.app.search.Query@a884ea1,group_id=web7401046,response_id=05492eb9-d334-4ef6-8e98-5ee6f4d38ab5,support_query_builder=false,} searchAction=south carolina driver's license redesign searchActionExtras=Bundle{learn_more_url=https://support.google.com/websearch/answer/106230?hl=106230,suggestion_action_text=Report this,should_start_for_result=true,allow_pinning=true,skip_logging_in_target_handler=true,suggestion_action_rpc=2,}ParentID: null targetID: 1ad76ba2-39c9-4b8a-a49d-b9fc1272cd1c
06-24 14:05:29.286   414   414 I BpBinder: onLastStrongRef automatically unlinking death recipients:
06-24 14:05:29.286   387   387 I RanchuHwc: logCompositionFallbackIfChanged: layer 543 CompositionType fallback from 2 to 1
06-24 14:05:29.286   387   387 I RanchuHwc: logCompositionFallbackIfChanged: layer 540 CompositionType fallback from 3 to 1
06-24 14:05:29.286   387   387 I RanchuHwc: logCompositionFallbackIfChanged: layer 539 CompositionType fallback from 2 to 1
06-24 14:05:29.286   387   387 I RanchuHwc: logCompositionFallbackIfChanged: layer 545 CompositionType fallback from 2 to 1
06-24 14:05:29.286   387   387 I RanchuHwc: logCompositionFallbackIfChanged: layer 544 CompositionType fallback from 3 to 1
06-24 14:05:29.286   387   387 I RanchuHwc: logCompositionFallbackIfChanged: layer 546 CompositionType fallback from 2 to 1
06-24 14:05:29.407  1239  1802 D EGL_emulation: app_time_stats: avg=20.28ms min=13.95ms max=152.07ms count=49
06-24 14:05:29.622 12832 12832 D VRI[InstrumentationActivityInvoker$EmptyActivity]: visibilityChanged oldVisibility=true newVisibility=false
06-24 14:05:29.640 12832 12832 D LifecycleMonitor: Lifecycle status change: androidx.activity.ComponentActivity@7e5c278 in: STOPPED
06-24 14:05:29.640 12832 12832 V ActivityScenario: Update currentActivityStage to STOPPED, currentActivity=androidx.activity.ComponentActivity@7e5c278
06-24 14:05:29.642 12832 12832 D LifecycleMonitor: Lifecycle status change: androidx.activity.ComponentActivity@7e5c278 in: DESTROYED
06-24 14:05:29.643 12832 12832 V ActivityScenario: Update currentActivityStage to DESTROYED, currentActivity=null
06-24 14:05:29.643 12832 12832 W WindowOnBackDispatcher: sendCancelIfRunning: isInProgress=false callback=android.view.ViewRootImpl$$ExternalSyntheticLambda11@f057dbc
06-24 14:05:29.644   580  1741 W InputManager-JNI: Input channel object '27184d4 com.example.ud1_modularization_example_2.feature.pokedex.test/androidx.activity.ComponentActivity (client)' was disposed without first being removed with the input manager!
06-24 14:05:29.645   580   600 W InputManager-JNI: Input channel object 'Letterbox_fullWindow_ActivityRecord{b37d55e u0 com.example.ud1_modularization_example_2.feature.pokedex.test/androidx.activity.ComponentActivity t62} (client)' was disposed without first being removed with the input manager!
06-24 14:05:29.645 12832 12832 D LifecycleMonitor: Lifecycle status change: androidx.test.core.app.InstrumentationActivityInvoker$EmptyActivity@45c6870 in: STOPPED
06-24 14:05:29.646 12832 12832 D LifecycleMonitor: Lifecycle status change: androidx.test.core.app.InstrumentationActivityInvoker$EmptyActivity@45c6870 in: DESTROYED
06-24 14:05:29.646 12832 12832 W WindowOnBackDispatcher: sendCancelIfRunning: isInProgress=false callback=android.view.ViewRootImpl$$ExternalSyntheticLambda11@e77b46
06-24 14:05:29.647   580  1741 W InputManager-JNI: Input channel object 'b5f97b6 com.example.ud1_modularization_example_2.feature.pokedex.test/androidx.test.core.app.InstrumentationActivityInvoker$EmptyActivity (client)' was disposed without first being removed with the input manager!
06-24 14:05:29.648   580   600 W InputManager-JNI: Input channel object 'Letterbox_fullWindow_ActivityRecord{4af57e u0 com.example.ud1_modularization_example_2.feature.pokedex.test/androidx.test.core.app.InstrumentationActivityInvoker$EmptyActivity t62} (client)' was disposed without first being removed with the input manager!
06-24 14:05:29.649  1239  1239 I TopTaskTracker: onTaskRemoved: taskId=62
06-24 14:05:29.649  1239  1239 I TopTaskTracker: onTaskRemoved: taskId=62
06-24 14:05:29.649 12832 12872 D IdlingRegistry: Unregistering idling resources: [androidx.compose.ui.test.EspressoLink@d96c31d]
06-24 14:05:29.650 12832 12872 I TestRunner: finished: pokedexScreen_showsLoadingIndicator_whenLoading(com.example.ud1_modularization_example_2.feature.pokedex.PokedexScreenTest)
