06-24 14:05:27.851 12832 12872 I TestRunner: started: pokedexScreen_callsSearchCallback_whenSearchQueryChanged(com.example.ud1_modularization_example_2.feature.pokedex.PokedexScreenTest)
06-24 14:05:27.854 12832 12872 D IdlingRegistry: Registering idling resources: [androidx.compose.ui.test.EspressoLink@c8baf6b]
06-24 14:05:27.856 12832 12872 W Settings: Setting always_finish_activities has moved from android.provider.Settings.System to android.provider.Settings.Global, returning read-only value.
06-24 14:05:27.858   580  3138 V GrammaticalInflectionUtils: AttributionSource: android.content.AttributionSource@9069dcd0 does not have READ_SYSTEM_GRAMMATICAL_GENDER permission.
06-24 14:05:27.862  1239  1239 W SplitSelectStateCtor: Missing session instanceIds
06-24 14:05:27.862  1239  1239 D StatsLog: LAUNCHER_SPLIT_SELECTION_EXIT_INTERRUPTED
06-24 14:05:27.864   580   600 W WindowOnBackDispatcher: sendCancelIfRunning: isInProgress=false callback=android.view.ViewRootImpl$$ExternalSyntheticLambda11@3efa61a
06-24 14:05:27.865  1239  1239 I TopTaskTracker: onTaskMovedToFront: (moved taskInfo to front) taskId=61, baseIntent=Intent { act=android.intent.action.MAIN cat=[android.intent.category.LAUNCHER] flg=0x10008000 cmp=com.example.ud1_modularization_example_2.feature.pokedex.test/androidx.activity.ComponentActivity }
06-24 14:05:27.868 12832 12832 D LifecycleMonitor: Lifecycle status change: androidx.activity.ComponentActivity@32f9c5e in: PRE_ON_CREATE
06-24 14:05:27.868 12832 12832 V ActivityScenario: Activity lifecycle changed event received but ignored because the reported transition was not ON_CREATE while the last known transition was PRE_ON_CREATE
06-24 14:05:27.869   414   414 I BpBinder: onLastStrongRef automatically unlinking death recipients:
06-24 14:05:27.871   580   600 W InputManager-JNI: Input channel object 'e836736 DeprecatedTargetSdkVersionDialog (client)' was disposed without first being removed with the input manager!
06-24 14:05:27.875 12832 12832 D LifecycleMonitor: Lifecycle status change: androidx.activity.ComponentActivity@32f9c5e in: CREATED
06-24 14:05:27.875 12832 12832 V ActivityScenario: Update currentActivityStage to CREATED, currentActivity=androidx.activity.ComponentActivity@32f9c5e
06-24 14:05:27.876 12832 12832 D LifecycleMonitor: Lifecycle status change: androidx.activity.ComponentActivity@32f9c5e in: STARTED
06-24 14:05:27.876 12832 12832 V ActivityScenario: Update currentActivityStage to STARTED, currentActivity=androidx.activity.ComponentActivity@32f9c5e
06-24 14:05:27.876 12832 12832 D LifecycleMonitor: Lifecycle status change: androidx.activity.ComponentActivity@32f9c5e in: RESUMED
06-24 14:05:27.876 12832 12832 V ActivityScenario: Update currentActivityStage to RESUMED, currentActivity=androidx.activity.ComponentActivity@32f9c5e
06-24 14:05:27.898   580   599 W ziparchive: Unable to open '/data/app/~~-mWJtftXxdZ7r57Kw54WNQ==/com.example.ud1_modularization_example_2.feature.pokedex.test-ZpFtPZS3_rKuy1dCp76tBw==/base.dm': No such file or directory
06-24 14:05:27.899   580   599 I ActivityTaskManager: Displayed com.example.ud1_modularization_example_2.feature.pokedex.test/androidx.activity.ComponentActivity for user 0: +38ms
06-24 14:05:27.911   580   594 W system_server: ApkAssets: Deleting an ApkAssets object '<empty> and /data/app/~~5zYqBng-4E8_gTmd2yAl3Q==/com.google.android.gms-WiJhpqfRbidPxdqCZVs2Ug==/base.apk' with 1 weak references
06-24 14:05:27.911   580   594 W system_server: ApkAssets: Deleting an ApkAssets object '<empty> and /data/app/~~5zYqBng-4E8_gTmd2yAl3Q==/com.google.android.gms-WiJhpqfRbidPxdqCZVs2Ug==/split_AdsDynamite_installtime.apk' with 1 weak references
06-24 14:05:27.912   580   594 W system_server: ApkAssets: Deleting an ApkAssets object '<empty> and /data/app/~~5zYqBng-4E8_gTmd2yAl3Q==/com.google.android.gms-WiJhpqfRbidPxdqCZVs2Ug==/split_CronetDynamite_installtime.apk' with 1 weak references
06-24 14:05:27.912   580   594 W system_server: ApkAssets: Deleting an ApkAssets object '<empty> and /data/app/~~5zYqBng-4E8_gTmd2yAl3Q==/com.google.android.gms-WiJhpqfRbidPxdqCZVs2Ug==/split_DynamiteLoader_installtime.apk' with 1 weak references
06-24 14:05:27.912   580   594 W system_server: ApkAssets: Deleting an ApkAssets object '<empty> and /data/app/~~5zYqBng-4E8_gTmd2yAl3Q==/com.google.android.gms-WiJhpqfRbidPxdqCZVs2Ug==/split_DynamiteModulesA_installtime.apk' with 1 weak references
06-24 14:05:27.912   580   594 W system_server: ApkAssets: Deleting an ApkAssets object '<empty> and /data/app/~~5zYqBng-4E8_gTmd2yAl3Q==/com.google.android.gms-WiJhpqfRbidPxdqCZVs2Ug==/split_DynamiteModulesC_installtime.apk' with 1 weak references
06-24 14:05:27.912   580   594 W system_server: ApkAssets: Deleting an ApkAssets object '<empty> and /data/app/~~5zYqBng-4E8_gTmd2yAl3Q==/com.google.android.gms-WiJhpqfRbidPxdqCZVs2Ug==/split_GoogleCertificates_installtime.apk' with 1 weak references
06-24 14:05:27.912   580   594 W system_server: ApkAssets: Deleting an ApkAssets object '<empty> and /data/app/~~5zYqBng-4E8_gTmd2yAl3Q==/com.google.android.gms-WiJhpqfRbidPxdqCZVs2Ug==/split_MapsDynamite_installtime.apk' with 1 weak references
06-24 14:05:27.912   580   594 W system_server: ApkAssets: Deleting an ApkAssets object '<empty> and /data/app/~~5zYqBng-4E8_gTmd2yAl3Q==/com.google.android.gms-WiJhpqfRbidPxdqCZVs2Ug==/split_MeasurementDynamite_installtime.apk' with 1 weak references
06-24 14:05:27.912   580   594 W system_server: ApkAssets: Deleting an ApkAssets object '<empty> and /data/app/~~5zYqBng-4E8_gTmd2yAl3Q==/com.google.android.gms-WiJhpqfRbidPxdqCZVs2Ug==/split_all_locale_splits.apk' with 1 weak references
06-24 14:05:27.912   580   594 W system_server: ApkAssets: Deleting an ApkAssets object '<empty> and /data/app/~~5zYqBng-4E8_gTmd2yAl3Q==/com.google.android.gms-WiJhpqfRbidPxdqCZVs2Ug==/split_config.en.apk' with 1 weak references
06-24 14:05:27.912   580   594 W system_server: ApkAssets: Deleting an ApkAssets object '<empty> and /data/app/~~5zYqBng-4E8_gTmd2yAl3Q==/com.google.android.gms-WiJhpqfRbidPxdqCZVs2Ug==/split_config.xxhdpi.apk' with 1 weak references
06-24 14:05:27.912   580   594 W system_server: ApkAssets: Deleting an ApkAssets object '<empty> and /product/app/PrebuiltGmail/PrebuiltGmail.apk' with 1 weak references
06-24 14:05:27.912   580   594 W system_server: ApkAssets: Deleting an ApkAssets object '<empty> and /product/app/Drive/Drive.apk' with 1 weak references
06-24 14:05:27.912   580   594 W system_server: ApkAssets: Deleting an ApkAssets object '<empty> and /product/app/CalendarGooglePrebuilt/CalendarGooglePrebuilt.apk' with 1 weak references
06-24 14:05:27.912   580   594 W system_server: ApkAssets: Deleting an ApkAssets object '<empty> and /product/app/LatinIMEGooglePrebuilt/LatinIMEGooglePrebuilt.apk' with 1 weak references
06-24 14:05:27.913   580   594 W system_server: ApkAssets: Deleting an ApkAssets object '<empty> and /product/app/GoogleTTS/GoogleTTS.apk' with 1 weak references
06-24 14:05:27.913   580   594 W System  : A resource failed to call release.
06-24 14:05:27.913   580   594 W System  : A resource failed to call HardwareBuffer.close.
06-24 14:05:27.913   580   594 W System  : A resource failed to call release.
06-24 14:05:27.913   580   594 W System  : A resource failed to call HardwareBuffer.close.
06-24 14:05:27.913   580   594 W System  : A resource failed to call release.
06-24 14:05:27.913   580   594 W System  : A resource failed to call HardwareBuffer.close.
06-24 14:05:27.914   580   594 W System  : A resource failed to call release.
06-24 14:05:28.173   972  1043 W WindowOnBackDispatcher: sendCancelIfRunning: isInProgress=false callback=android.view.ViewRootImpl$$ExternalSyntheticLambda11@42abb76
06-24 14:05:28.173  1239  1239 D VRI[NexusLauncherActivity]: visibilityChanged oldVisibility=true newVisibility=false
06-24 14:05:28.175   580  1126 W InputManager-JNI: Input channel object '6dbff82 Splash Screen com.example.ud1_modularization_example_2.feature.pokedex.test (client)' was disposed without first being removed with the input manager!
06-24 14:05:28.186  1239  1239 D NexusLauncherModelDelegate: notifySmartspaceEvent: SmartspaceTargetEvent{mSmartspaceTarget=null, mSmartspaceActionId='null', mEventType=7}
06-24 14:05:28.191  1239  1239 D BaseDepthController: setSurface:
06-24 14:05:28.191  1239  1239 D BaseDepthController: 	mWaitingOnSurfaceValidity: false
06-24 14:05:28.191  1239  1239 D BaseDepthController: 	mSurface: null
06-24 14:05:28.191  1239  1239 D BaseDepthController: mSurface is null and mCurrentBlur is: 0
06-24 14:05:28.191  1239  1239 D StateManager: goToState - fromState: Normal, toState: Normal, partial trace:
06-24 14:05:28.191  1239  1239 D StateManager: 	at com.android.launcher3.statemanager.StateManager.moveToRestState(go/retraceme 2855a437b73635ce9cad76b9289087e631bbb67fc90008a0da13d343a00e5041:4)
06-24 14:05:28.191  1239  1239 D StateManager: 	at com.android.launcher3.statemanager.StateManager.moveToRestState(go/retraceme 2855a437b73635ce9cad76b9289087e631bbb67fc90008a0da13d343a00e5041:1)
06-24 14:05:28.191  1239  1239 D StateManager: 	at com.android.launcher3.statemanager.StatefulActivity.onStop(go/retraceme 2855a437b73635ce9cad76b9289087e631bbb67fc90008a0da13d343a00e5041:34)
06-24 14:05:28.191  1239  1239 D StatsLog: LAUNCHER_ONSTOP
06-24 14:05:28.192  1239  2082 D OneSearchSuggestProvider: Shut down the binder channel
06-24 14:05:28.192  1239  1248 I IPCThreadState: oneway function results for code 2 on binder at 0xb4000071e0597900 will be dropped but finished with status UNKNOWN_TRANSACTION
06-24 14:05:28.192  1239  1239 D StatsLog: LAUNCHER_GOOGLE_SEARCH_RESTORE_LIST_SIZE_AFTER_ACTIVITY_RESTART
06-24 14:05:28.302 12832 12832 D InsetsController: show(ime(), fromIme=false)
06-24 14:05:28.303 12832 12832 I ImeTracker: com.example.ud1_modularization_example_2.feature.pokedex.test:b4df17c0: onRequestShow at ORIGIN_CLIENT reason SHOW_SOFT_INPUT_BY_INSETS_API fromUser false
06-24 14:05:28.304 12832 12832 I ImeTracker: com.example.ud1_modularization_example_2.feature.pokedex.test:b4df17c0: onFailed at PHASE_CLIENT_REQUEST_IME_SHOW
06-24 14:05:28.341   580  3138 V GrammaticalInflectionUtils: AttributionSource: android.content.AttributionSource@9069dcd0 does not have READ_SYSTEM_GRAMMATICAL_GENDER permission.
06-24 14:05:28.343 12832 12832 D LifecycleMonitor: Lifecycle status change: androidx.activity.ComponentActivity@32f9c5e in: PAUSED
06-24 14:05:28.343 12832 12832 V ActivityScenario: Update currentActivityStage to PAUSED, currentActivity=androidx.activity.ComponentActivity@32f9c5e
06-24 14:05:28.344   580   600 W WindowOnBackDispatcher: sendCancelIfRunning: isInProgress=false callback=android.view.ViewRootImpl$$ExternalSyntheticLambda11@9da24c7
06-24 14:05:28.346 12832 12832 D LifecycleMonitor: Lifecycle status change: androidx.test.core.app.InstrumentationActivityInvoker$EmptyActivity@91c6ffb in: PRE_ON_CREATE
06-24 14:05:28.346 12832 12832 V ActivityScenario: Activity lifecycle changed event received but ignored because the intent does not match. startActivityIntent=Intent { act=android.intent.action.MAIN cat=[android.intent.category.LAUNCHER] flg=0x10008000 cmp=com.example.ud1_modularization_example_2.feature.pokedex.test/androidx.activity.ComponentActivity }, activity.getIntent()=Intent { act=android.intent.action.MAIN cat=[android.intent.category.LAUNCHER] flg=0x10000000 cmp=com.example.ud1_modularization_example_2.feature.pokedex.test/androidx.test.core.app.InstrumentationActivityInvoker$EmptyActivity }, activity=androidx.test.core.app.InstrumentationActivityInvoker$EmptyActivity@91c6ffb
06-24 14:05:28.347   580   600 W InputManager-JNI: Input channel object '76f3d30 DeprecatedTargetSdkVersionDialog (client)' was disposed without first being removed with the input manager!
06-24 14:05:28.348 12832 12832 D LifecycleMonitor: Lifecycle status change: androidx.test.core.app.InstrumentationActivityInvoker$EmptyActivity@91c6ffb in: CREATED
06-24 14:05:28.348 12832 12832 V ActivityScenario: Activity lifecycle changed event received but ignored because the intent does not match. startActivityIntent=Intent { act=android.intent.action.MAIN cat=[android.intent.category.LAUNCHER] flg=0x10008000 cmp=com.example.ud1_modularization_example_2.feature.pokedex.test/androidx.activity.ComponentActivity }, activity.getIntent()=Intent { act=android.intent.action.MAIN cat=[android.intent.category.LAUNCHER] flg=0x10000000 cmp=com.example.ud1_modularization_example_2.feature.pokedex.test/androidx.test.core.app.InstrumentationActivityInvoker$EmptyActivity }, activity=androidx.test.core.app.InstrumentationActivityInvoker$EmptyActivity@91c6ffb
06-24 14:05:28.348 12832 12832 D LifecycleMonitor: Lifecycle status change: androidx.test.core.app.InstrumentationActivityInvoker$EmptyActivity@91c6ffb in: STARTED
06-24 14:05:28.348 12832 12832 V ActivityScenario: Activity lifecycle changed event received but ignored because the intent does not match. startActivityIntent=Intent { act=android.intent.action.MAIN cat=[android.intent.category.LAUNCHER] flg=0x10008000 cmp=com.example.ud1_modularization_example_2.feature.pokedex.test/androidx.activity.ComponentActivity }, activity.getIntent()=Intent { act=android.intent.action.MAIN cat=[android.intent.category.LAUNCHER] flg=0x10000000 cmp=com.example.ud1_modularization_example_2.feature.pokedex.test/androidx.test.core.app.InstrumentationActivityInvoker$EmptyActivity }, activity=androidx.test.core.app.InstrumentationActivityInvoker$EmptyActivity@91c6ffb
06-24 14:05:28.349 12832 12832 D LifecycleMonitor: Lifecycle status change: androidx.test.core.app.InstrumentationActivityInvoker$EmptyActivity@91c6ffb in: RESUMED
06-24 14:05:28.349 12832 12832 V ActivityScenario: Activity lifecycle changed event received but ignored because the intent does not match. startActivityIntent=Intent { act=android.intent.action.MAIN cat=[android.intent.category.LAUNCHER] flg=0x10008000 cmp=com.example.ud1_modularization_example_2.feature.pokedex.test/androidx.activity.ComponentActivity }, activity.getIntent()=Intent { act=android.intent.action.MAIN cat=[android.intent.category.LAUNCHER] flg=0x10000000 cmp=com.example.ud1_modularization_example_2.feature.pokedex.test/androidx.test.core.app.InstrumentationActivityInvoker$EmptyActivity }, activity=androidx.test.core.app.InstrumentationActivityInvoker$EmptyActivity@91c6ffb
06-24 14:05:28.363   580   599 I ActivityTaskManager: Displayed com.example.ud1_modularization_example_2.feature.pokedex.test/androidx.test.core.app.InstrumentationActivityInvoker$EmptyActivity for user 0: +22ms
06-24 14:05:28.366 12832 12832 D LifecycleMonitor: Lifecycle status change: androidx.test.core.app.InstrumentationActivityInvoker$EmptyActivity@91c6ffb in: PAUSED
06-24 14:05:28.366 12832 12832 V ActivityScenario: Activity lifecycle changed event received but ignored because the intent does not match. startActivityIntent=Intent { act=android.intent.action.MAIN cat=[android.intent.category.LAUNCHER] flg=0x10008000 cmp=com.example.ud1_modularization_example_2.feature.pokedex.test/androidx.activity.ComponentActivity }, activity.getIntent()=Intent { act=android.intent.action.MAIN cat=[android.intent.category.LAUNCHER] flg=0x10000000 cmp=com.example.ud1_modularization_example_2.feature.pokedex.test/androidx.test.core.app.InstrumentationActivityInvoker$EmptyActivity }, activity=androidx.test.core.app.InstrumentationActivityInvoker$EmptyActivity@91c6ffb
06-24 14:05:28.367  1239  1239 I TopTaskTracker: onTaskMovedToFront: (moved taskInfo to front) taskId=7, baseIntent=Intent { act=android.intent.action.MAIN cat=[android.intent.category.HOME] flg=0x10000100 cmp=com.google.android.apps.nexuslauncher/.NexusLauncherActivity }
06-24 14:05:28.369 12832 12832 D VRI[ComponentActivity]: visibilityChanged oldVisibility=true newVisibility=false
06-24 14:05:28.372  1239  1239 D NexusLauncherModelDelegate: notifySmartspaceEvent: SmartspaceTargetEvent{mSmartspaceTarget=null, mSmartspaceActionId='null', mEventType=6}
06-24 14:05:28.374  1239  1239 D BaseDepthController: setSurface:
06-24 14:05:28.374  1239  1239 D BaseDepthController: 	mWaitingOnSurfaceValidity: false
06-24 14:05:28.374  1239  1239 D BaseDepthController: 	mSurface: Surface(name=com.google.android.apps.nexuslauncher/com.google.android.apps.nexuslauncher.NexusLauncherActivity)/@0xa9cf4ae
06-24 14:05:28.379  1239  1239 D StatsLog: LAUNCHER_ONRESUME
06-24 14:05:28.380   580  1683 W AppSearchIcing: icing-search-engine.cc:321: Error: 5, Message: Document (com.google.android.googlequicksearchbox$OneSearchZeroStateGoogleSuggestions/default, zp) not found.
06-24 14:05:28.381  1239  2082 D OneSearchSuggestProvider: AppSearch 0-state cache not available, fallback to AGA
06-24 14:05:28.381  1239  2082 D OneSearchSuggestProvider: java.util.concurrent.CompletionException: java.util.NoSuchElementException: No value present
06-24 14:05:28.381  1239  2082 D OneSearchSuggestProvider: 	at java.util.concurrent.CompletableFuture.encodeThrowable(CompletableFuture.java:308)
06-24 14:05:28.381  1239  2082 D OneSearchSuggestProvider: 	at java.util.concurrent.CompletableFuture.completeThrowable(CompletableFuture.java:323)
06-24 14:05:28.381  1239  2082 D OneSearchSuggestProvider: 	at java.util.concurrent.CompletableFuture$UniAccept.tryFire(CompletableFuture.java:684)
06-24 14:05:28.381  1239  2082 D OneSearchSuggestProvider: 	at java.util.concurrent.CompletableFuture.postComplete(CompletableFuture.java:486)
06-24 14:05:28.381  1239  2082 D OneSearchSuggestProvider: 	at java.util.concurrent.CompletableFuture.completeExceptionally(CompletableFuture.java:2138)
06-24 14:05:28.381  1239  2082 D OneSearchSuggestProvider: 	at com.google.android.apps.nexuslauncher.allapps.E0.onResult(go/retraceme 2855a437b73635ce9cad76b9289087e631bbb67fc90008a0da13d343a00e5041:67)
06-24 14:05:28.381  1239  2082 D OneSearchSuggestProvider: 	at android.app.appsearch.SearchSessionUtil$1.lambda$onResult$0(go/retraceme 64eee9e9f568ff45978879ad2ff83146f2618ee8a88278736fbdf5fae931976e:144)
06-24 14:05:28.381  1239  2082 D OneSearchSuggestProvider: 	at android.app.appsearch.SearchSessionUtil$1.$r8$lambda$CEk3q8sDAQVhU3rQwVueB8FAj_M(go/retraceme 64eee9e9f568ff45978879ad2ff83146f2618ee8a88278736fbdf5fae931976e:1)
06-24 14:05:28.381  1239  2082 D OneSearchSuggestProvider: 	at android.app.appsearch.SearchSessionUtil$1$$ExternalSyntheticLambda0.run(go/retraceme 64eee9e9f568ff45978879ad2ff83146f2618ee8a88278736fbdf5fae931976e:22)
06-24 14:05:28.381  1239  2082 D OneSearchSuggestProvider: 	at android.os.Handler.handleCallback(Handler.java:959)
06-24 14:05:28.381  1239  2082 D OneSearchSuggestProvider: 	at android.os.Handler.dispatchMessage(Handler.java:100)
06-24 14:05:28.381  1239  2082 D OneSearchSuggestProvider: 	at android.os.Looper.loopOnce(Looper.java:232)
06-24 14:05:28.381  1239  2082 D OneSearchSuggestProvider: 	at android.os.Looper.loop(Looper.java:317)
06-24 14:05:28.381  1239  2082 D OneSearchSuggestProvider: 	at android.os.HandlerThread.run(HandlerThread.java:85)
06-24 14:05:28.381  1239  2082 D OneSearchSuggestProvider: Caused by: java.util.NoSuchElementException: No value present
06-24 14:05:28.381  1239  2082 D OneSearchSuggestProvider: 	at java.util.Optional.get(Optional.java:143)
06-24 14:05:28.381  1239  2082 D OneSearchSuggestProvider: 	at com.google.android.apps.nexuslauncher.allapps.E0.onResult(go/retraceme 2855a437b73635ce9cad76b9289087e631bbb67fc90008a0da13d343a00e5041:28)
06-24 14:05:28.381  1239  2082 D OneSearchSuggestProvider: 	... 8 more
06-24 14:05:28.381  1239  2082 D OneSearchSuggestProvider: Created the binder channel successfully for end point service =com.google.android.apps.search.googleapp.search.suggest.plugins.onesearch.server.OneSearchSuggestService , mChannel=i1{delegate=f{logId=229, target=directaddress:///AndroidComponentAddress%5BIntent%20%7B%20act=grpc.io.action.BIND%20cmp=com.google.android.googlequicksearchbox/com.google.android.apps.search.googleapp.search.suggest.plugins.onesearch.server.OneSearchSuggestService%20%7D%5D}} , mOneSearchConnection=l2.Z@b6eafe8
06-24 14:05:28.381  1239  1268 D QuickstepModelDelegate: notifyAppTargetEvent action=1 launchLocation=workspace/0/[-1,-1]/[1,1]
06-24 14:05:28.385  7368  7368 I A       : (REDACTED) Created gRPC endpoint for service %s
06-24 14:05:28.389  1637  1714 I AiAiEcho: Predicting[0]:  [CONTEXT sampling_count=5 ]
06-24 14:05:28.389  1637  1714 I AiAiEcho: EchoTargets:
06-24 14:05:28.389  1637  1714 I AiAiEcho: Filtered by AiAi flag check:
06-24 14:05:28.389  1637  1714 I AiAiEcho: [CONTEXT ratelimit_period="10 SECONDS" ]
06-24 14:05:28.389  1637  1714 I AiAiEcho: Ranked targets strategy: SORT, count: 0, ranking metadata:  [CONTEXT ratelimit_period="10 SECONDS" ]
06-24 14:05:28.389  1637  1714 I AiAiEcho: #remoteViewsTwiddler: feature disabled.
06-24 14:05:28.390  1637  1714 I AiAiEcho: #postPredictionTargets: Sending updates to UISurface home with targets# 0 (types=[])
06-24 14:05:28.390  1239  1239 D StateManager: createAtomicAnimation - fromState: Background, toState: Normal, partial trace:
06-24 14:05:28.390  1239  1239 D StateManager: 	at com.android.quickstep.util.WorkspaceRevealAnim.prepareToAnimate(go/retraceme 2855a437b73635ce9cad76b9289087e631bbb67fc90008a0da13d343a00e5041:22)
06-24 14:05:28.390  1239  1239 D StateManager: 	at com.android.quickstep.util.WorkspaceRevealAnim.<init>(go/retraceme 2855a437b73635ce9cad76b9289087e631bbb67fc90008a0da13d343a00e5041:11)
06-24 14:05:28.390  1239  1239 D StateManager: 	at com.android.launcher3.QuickstepTransitionManager.createWallpaperOpenAnimations(go/retraceme 2855a437b73635ce9cad76b9289087e631bbb67fc90008a0da13d343a00e5041:735)
06-24 14:05:28.405  1239  1239 D SsBaseTemplateCard: No text view can be set up
06-24 14:05:28.405  1239  1239 D SsBaseTemplateCard: Passed-in item info is null
06-24 14:05:28.405  1239  1239 D SsBaseTemplateCard: Passed-in item info is null
06-24 14:05:28.405  1239  1239 D SsBaseTemplateCard: Passed-in item info is null
06-24 14:05:28.405  1239  1239 I SsBaseTemplateCard: Secondary card pane is null
06-24 14:05:28.405  1239  1239 D SearchTargetUtil: queryLength=0 size=15
06-24 14:05:28.405  1239  1239 D SearchTargetUtil: layoutType=short_icon_row resultType=131072 packageName=com.google.android.googlequicksearchbox extras=Bundle{suggestion_type=33,suggest_truncate_start=false,is_answer=false,is_entity=false,is_personal=false,suggest_raw_text=benson boone american heart album review,input_query=android.app.search.Query@6f40663,group_id=web7400184,response_id=e9028761-678a-4020-8438-eaaa4e205075,support_query_builder=false,} searchAction=benson boone american heart album review searchActionExtras=Bundle{learn_more_url=https://support.google.com/websearch/answer/106230?hl=106230,suggestion_action_text=Report this,should_start_for_result=true,allow_pinning=true,skip_logging_in_target_handler=true,suggestion_action_rpc=2,}ParentID: null targetID: fd9f801d-1dd3-4bdc-b36e-b2251cd94b95
06-24 14:05:28.405  1239  1239 D SearchTargetUtil: layoutType=short_icon_row resultType=131072 packageName=com.google.android.googlequicksearchbox extras=Bundle{suggestion_type=33,suggest_truncate_start=false,is_answer=false,is_entity=false,is_personal=false,suggest_raw_text=inter miami fifa club world cup,input_query=android.app.search.Query@6f40663,group_id=web7400184,response_id=e9028761-678a-4020-8438-eaaa4e205075,support_query_builder=false,} searchAction=inter miami fifa club world cup searchActionExtras=Bundle{learn_more_url=https://support.google.com/websearch/answer/106230?hl=106230,suggestion_action_text=Report this,should_start_for_result=true,allow_pinning=true,skip_logging_in_target_handler=true,suggestion_action_rpc=2,}ParentID: null targetID: f87c2e2a-efea-427a-8cbe-e0ddd5314446
06-24 14:05:28.405  1239  1239 D SearchTargetUtil: layoutType=short_icon_row resultType=131072 packageName=com.google.android.googlequicksearchbox extras=Bundle{suggestion_type=33,suggest_truncate_start=false,is_answer=false,is_entity=false,is_personal=false,suggest_raw_text=morrissey cancels concert,input_query=android.app.search.Query@6f40663,group_id=web7400184,response_id=e9028761-678a-4020-8438-eaaa4e205075,support_query_builder=false,} searchAction=morrissey cancels concert searchActionExtras=Bundle{learn_more_url=https://support.google.com/websearch/answer/106230?hl=106230,suggestion_action_text=Report this,should_start_for_result=true,allow_pinning=true,skip_logging_in_target_handler=true,suggestion_action_rpc=2,}ParentID: null targetID: fffd5878-c8e7-4c53-aa83-1f65b10d723a
06-24 14:05:28.405  1239  1239 D SearchTargetUtil: layoutType=short_icon_row resultType=131072 packageName=com.google.android.googlequicksearchbox extras=Bundle{suggestion_type=33,suggest_truncate_start=false,is_answer=false,is_entity=false,is_personal=false,suggest_raw_text=paramount+ showtime rebranding,input_query=android.app.search.Query@6f40663,group_id=web7400184,response_id=e9028761-678a-4020-8438-eaaa4e205075,support_query_builder=false,} searchAction=paramount+ showtime rebranding searchActionExtras=Bundle{learn_more_url=https://support.google.com/websearch/answer/106230?hl=106230,suggestion_action_text=Report this,should_start_for_result=true,allow_pinning=true,skip_logging_in_target_handler=true,suggestion_action_rpc=2,}ParentID: null targetID: 0d741cc0-945d-4c91-995f-789f661c741e
06-24 14:05:28.405  1239  1239 D SearchTargetUtil: layoutType=short_icon_row resultType=131072 packageName=com.google.android.googlequicksearchbox extras=Bundle{suggestion_type=33,suggest_truncate_start=false,is_answer=false,is_entity=false,is_personal=false,suggest_raw_text=kroger stores closing,input_query=android.app.search.Query@6f40663,group_id=web7400184,response_id=e9028761-678a-4020-8438-eaaa4e205075,support_query_builder=false,} searchAction=kroger stores closing searchActionExtras=Bundle{learn_more_url=https://support.google.com/websearch/answer/106230?hl=106230,suggestion_action_text=Report this,should_start_for_result=true,allow_pinning=true,skip_logging_in_target_handler=true,suggestion_action_rpc=2,}ParentID: null targetID: 5b0744f0-f1aa-41d4-b670-2538bfee85d4
06-24 14:05:28.406  1239  1239 D SearchTargetUtil: layoutType=extra_tall_icon_row resultType=131072 packageName=com.google.android.googlequicksearchbox extras=Bundle{bitmap_url=data:image/jpeg;base64,/9j/4AAQSkZJRgABAQAAAQABAAD/2wCEAAkGBwgHBgkIBwgKCgkLDRYPDQwMDRsUFRAWIB0iIiAdHx8kKDQsJCYxJx8fLT0tMTU3Ojo6Iys/RD84QzQ5OjcBCgoKDQwNGg8PGjclHyU3Nzc3Nzc3Nzc3Nzc3Nzc3Nzc3Nzc3Nzc3Nzc3Nzc3Nzc3Nzc3Nzc3Nzc3Nzc3Nzc3N//AABEIAHwAfAMBIgACEQEDEQH/xAAcAAACAwEBAQEAAAAAAAAAAAAFBgMEBwIBAAj/xAA9EAACAQMCBAQDBgIJBQEAAAABAgMABBEFIQYSMUETIlFhcYGRBxRCobHBIzIVM1KCotHh8PEkYnJzwiX/xAAZAQADAQEBAAAAAAAAAAAAAAABAgMABAX/xAAnEQACAgICAAUEAwAAAAAAAAAAAQIRAyESMQQiQeHwBVFhcROBkf/aAAwDAQACEQMRAD8A1KzvLa8TME8Mp7+G4OKs4r866TxJf6HJm35om6b9PpTppX2qOkAF/EJmB3cYUn6bUwKNYFfcwHU0m6Nx/YapKIyngE9DJIADTXGySqGjYMD3BrAJi9eZrkLXu9Ax7XnyrwnAJOwFDZNRlLkW8IKD8T7ZoOSXY0YuXQlfbbCzaHZywhfFErArjzMvIT19j2/7qVpRbyQrpLzGPTtIs1Mr+IUD3UnKQ2em3Nj26dDWhcQ2llrsccGtaaLiOMkpiRgUyNyOUg0ncT8H+DaxR6Szm1nvI5boSsHKIFx/eXZdj3/KWTzLTKKLi9iJrWl3vD9ykdwOaGcFo5V6Pg4IPuPSqcAtzdRSgEkOOdNwOXO49tvSinEV1qllYWuianByR2xLWsp7oewP+yOnpS9CeQnqB8apjbcdsSWmbFd3Fvqg0/TOGuJNN0vT5AB4VuhSfnG+D/a3xkbH1zU32S2Ktqus38uPHj5YeUdBzElvzUD5VlXDN39312xuJmwsNzHK59FVwWPw5c5py+y2fUZdSv57LldWRMqZeQLuc5XuenyJpMcODaNKXI3Df4VC17aKcPeW6kdjKo/elaW01e6MsVw1pHbPlSDlmdD64xyn64qnBwhbGPmujb+KSS3hxnl9urZ6VSxTMzNHMCJkBPTpVSewhkH8I8p9qhjnEuG79qsq3k360EyjQPeC6gG2WX29KYeE+M73QblV5i9uxAeJ99vb0NUI5VdhzLkdc1FNFEx8ygqPqKNi0b3o3Eema0iGxuo2lYZ8EsA4/u0V3HWvzKFmt357KZ0Ofwtg0x6L9o2t6SRFO5uYx+GQ/v1oi0bRrF4LSFFyOaU8oycUFluhGuZJlB7YOc1nHEv2g6rrUMCWFmiFASzRq7HPpt8vWvtR0rXbvhaxuIp2hvXy88Yfw8Kfc7jHx71HInfZ04WlHoffv8ci+V1YA+ZkbJFXWMV/AyqxCPHjmHoRWd8Jabq9g8kt/dZRwByklz9T0+VMMkp5f4HixvzqOePOcHrt0qakouisoOaT6ESbiZoBPouv2pv7S3leJZpADICGIyezfHY0p6qLWK+f+jpBJZthoxvlfUHO+Qc/lWyraWT3T2Ou6fZ3X3mESxzlAjEnqC3qCD123HTc0Lfh3QJbe4tbrQopzGP+jubUtC8gKqQHxt1dRzYx7dAa44KLtKiE0+uzJUnC5wRuMbntTFwLrk+ja4s1pyr46mGRJFLIQSDkehBA/OmS4+zKBpZk0e/kR4nC+Hfcp5iQpADoevnUfy9SKFLw/qegahbPqtj4UZnCpLEwZCcZ3+lWeiDG1eMtdeRF5YkDMASsHTOPXPrVY8YcQk58dx7eFGP2qrFZWgMRVnJBXqPh/lVcaZFje6/w/wCtLoWxHguTGRj50SSctj1oKpD9Dg1NFMUYZoFwwk5H7VOkysN+poWjgjfpUyvjfrisAulebdOvcVG8LSg5GTjbNdROHww6/rVqNV5ck/KtZqItISewupJbcbshUA9j7Uah1SOOZTdXzCMDzQSXITt/ZzzEfLFDnnFugwA8smREh6e7H2H60XsmieNWL2aONm8aIMw+Bx0qUquzoxWlVnEF281y72xkjtTnlDAgE+2aNafez3LmCE+c+TAGSc9qo6hc2xROSUSODuQMCm7grR0sFfWb8eEAhdEbbkXG7N6bdqnGPOWik58I7AVzxFHd2pZSoaylWW2kGxdM7g++M49fj1Oas8bLNcALzpEzK2BkFRkEfD0+lZQNREl3NMnlWSRnUHpgkkD86ZtP1bxrJ4Z3k5gB1XmDJnfON8gZ9f3rtklRwRltWO8MKZFwrOkpw7IuACcLjoNweVR17Ch3FjtfvpllFOqzvIJhk45sDHyzk0IPFmmRE+NqMIYDmKDyk5645sde49dxih15qdtqkgvLxpI7FF5bZ4YVmaRuhJDYwuB8Pep5ZJRN26Da8M30ZEklzbhQcn+N2+ldnhe/7zW2f/ef8qX7C60621GDToZ9OmiuhyxXVrAIWR9iFkQbYJx8987V1dwW8k7C8s4HlTyHxIVYrjtuKSOVSdDPFWxH4g4X1Th4JLeLG9u7cqzRNkZ9x1HUUJVs71qfEKJe6baKbc3HPbtlF6gssB39P5T8xWa6rp02lXQhmKkMvMpU5+XxFNa6Ck6s9herccgI3OTQpGwKuWyTTAtDGzKOrdFHxJ2HzrBWy8HCDmXpVuCYCPxpQRF+Fc4Mh9vb3/2BiSQwHBYXEpP8q58NT7n8X6e5qRTLPL4kjEn37fCh2NpdliS6PitK+GmbbYbKOwFGOELW11m7v7S+cI33JpYZG/A4ZQNu/U7fGlYseZx38Q0y8FwN497d5IjjQRZA7nf9M1aMVVEJSd2OuhcLJpzQ3OpSR3EvKGjhi3UZ3z71T+0fiq4hsv6FgxG1yuZvUR56f3sfTPrR3Rry303h+TUNRn5kiVmz1IA6IPXtj4isd1O/n1TUbi+uj/FncsQDso7KPYDA+VNxUdG5uW2RqdqvWl48DBlYjFDV5ubc+XsK7L+lAAbgWzkkeQxojHzeWPJJojwnqtsmuNZyoLm1vlaMrcQLmM4JAG52PQ+u3pSotyydDjFSW16Y9Qt70rl4JkkIG3OAQSPjtXP4jD/JjlFeqK4p8JJsctX0vRtWivP6CXwNSseZpoFiZA4BIOB0yCNiP3BorpNqvFOnQal43JccgiuMfikXbm+Y5T86n0vTNNm1deJLDUGIuAeaLblORgg9wcgHHqKQL/UXsNUv4dJuZI7Q3DlAuw/42wPYCvF8NKea8eKTTjW36X3F/wB9HoZYxx+eaVP7ev2ZdjmaZ18LUrMnGRG0jAHI7jGD1/3tXN1YXF1EYrhbJUBxgRFSMHqMY6/mKH3t3PZzNcQXLeMw5GYbZxtRHg+8++6j4Wor48HV+YkHHfcEGvYjGtHNkbFm6kawumhFtEkkZyG5Ac+hGc1Xub25u3zcTSSHtzNnHw9KbOPrfSVn5dMiZGVQ6sZC2Qeo3+tJijcVTikyPNtFq1XJoxbqDih1quB0ojE3hr1wBvmiAHspSVweoc/rTrwJb82iXkhz/FusfRR/rSXI3M7N6mnjhu+TSeClvJRkh5GC/wBpixA/arQIzKfHWq4jh0WBsRxeecDux6L9MH5j0pQ6DJrqaV7iaSeduaSRizNjqTua536n6Vm7ClR4CRknv2r7m2qN5PNyivC3QepoBPS3aukPpUTsq9Oteof+7PwoGGbTNN06eBkRJLic4JXIORj8Ixn4kZ79Kil0u1cjEGowEbFI7cyjOT+IGo7G0e40+NzCGiyfNJIAu23fA2rs3RhCxxXlqiKNlWePA3/8q4fNydS+fPweu1CWJeRL589SnewPDYvcSJzIJCAp6YHKD+ZNMGgadbwxzT3cNxHGgGHt+VlIG5yD5s9N6GJMl5w8kLHLB51b1BY5
06-24 14:05:28.406  1239  1239 D SearchTargetUtil: layoutType=short_icon_row resultType=131072 packageName=com.google.android.googlequicksearchbox extras=Bundle{suggestion_type=33,suggest_truncate_start=false,is_answer=false,is_entity=false,is_personal=false,suggest_raw_text=nascar 23xi racing lawsuit,input_query=android.app.search.Query@6f40663,group_id=web7400184,response_id=e9028761-678a-4020-8438-eaaa4e205075,support_query_builder=false,} searchAction=nascar 23xi racing lawsuit searchActionExtras=Bundle{learn_more_url=https://support.google.com/websearch/answer/106230?hl=106230,suggestion_action_text=Report this,should_start_for_result=true,allow_pinning=true,skip_logging_in_target_handler=true,suggestion_action_rpc=2,}ParentID: null targetID: ff6f3fbc-6d8e-4adf-a4ad-33e0cbd86536
06-24 14:05:28.406  1239  1239 D SearchTargetUtil: layoutType=short_icon_row resultType=131072 packageName=com.google.android.googlequicksearchbox extras=Bundle{suggestion_type=33,suggest_truncate_start=false,is_answer=false,is_entity=false,is_personal=false,suggest_raw_text=red lobster seafood boils,input_query=android.app.search.Query@6f40663,group_id=web7400184,response_id=e9028761-678a-4020-8438-eaaa4e205075,support_query_builder=false,} searchAction=red lobster seafood boils searchActionExtras=Bundle{learn_more_url=https://support.google.com/websearch/answer/106230?hl=106230,suggestion_action_text=Report this,should_start_for_result=true,allow_pinning=true,skip_logging_in_target_handler=true,suggestion_action_rpc=2,}ParentID: null targetID: 4b5e747a-f7d5-46b1-b08d-9b4851984254
06-24 14:05:28.406  1239  1239 D SearchTargetUtil: layoutType=short_icon_row resultType=131072 packageName=com.google.android.googlequicksearchbox extras=Bundle{suggestion_type=33,suggest_truncate_start=false,is_answer=false,is_entity=false,is_personal=false,suggest_raw_text=alpha zombies,input_query=android.app.search.Query@6f40663,group_id=web7400184,response_id=e9028761-678a-4020-8438-eaaa4e205075,support_query_builder=false,} searchAction=alpha zombies searchActionExtras=Bundle{learn_more_url=https://support.google.com/websearch/answer/106230?hl=106230,suggestion_action_text=Report this,should_start_for_result=true,allow_pinning=true,skip_logging_in_target_handler=true,suggestion_action_rpc=2,}ParentID: null targetID: e0490ae9-72e3-4f12-9bfa-ee0e453bb912
06-24 14:05:28.406  1239  1239 D SearchTargetUtil: layoutType=short_icon_row resultType=131072 packageName=com.google.android.googlequicksearchbox extras=Bundle{suggestion_type=33,suggest_truncate_start=false,is_answer=false,is_entity=false,is_personal=false,suggest_raw_text=madison woodmans roof collapse,input_query=android.app.search.Query@6f40663,group_id=web7400184,response_id=e9028761-678a-4020-8438-eaaa4e205075,support_query_builder=false,} searchAction=madison woodmans roof collapse searchActionExtras=Bundle{learn_more_url=https://support.google.com/websearch/answer/106230?hl=106230,suggestion_action_text=Report this,should_start_for_result=true,allow_pinning=true,skip_logging_in_target_handler=true,suggestion_action_rpc=2,}ParentID: null targetID: f800e007-0458-4523-a0db-3deb0a1aede6
06-24 14:05:28.406  1239  1239 D SearchTargetUtil: layoutType=short_icon_row resultType=131072 packageName=com.google.android.googlequicksearchbox extras=Bundle{suggestion_type=33,suggest_truncate_start=false,is_answer=false,is_entity=false,is_personal=false,suggest_raw_text=chinese satellite pulverizes starlink,input_query=android.app.search.Query@6f40663,group_id=web7400184,response_id=e9028761-678a-4020-8438-eaaa4e205075,support_query_builder=false,} searchAction=chinese satellite pulverizes starlink searchActionExtras=Bundle{learn_more_url=https://support.google.com/websearch/answer/106230?hl=106230,suggestion_action_text=Report this,should_start_for_result=true,allow_pinning=true,skip_logging_in_target_handler=true,suggestion_action_rpc=2,}ParentID: null targetID: 4438cbd2-8587-4226-a579-26d656a94143
06-24 14:05:28.406  1239  1239 D SearchTargetUtil: layoutType=short_icon_row resultType=131072 packageName=com.google.android.googlequicksearchbox extras=Bundle{suggestion_type=33,suggest_truncate_start=false,is_answer=false,is_entity=false,is_personal=false,suggest_raw_text=samsung galaxy z fold 7,input_query=android.app.search.Query@6f40663,group_id=web7400184,response_id=e9028761-678a-4020-8438-eaaa4e205075,support_query_builder=false,} searchAction=samsung galaxy z fold 7 searchActionExtras=Bundle{learn_more_url=https://support.google.com/websearch/answer/106230?hl=106230,suggestion_action_text=Report this,should_start_for_result=true,allow_pinning=true,skip_logging_in_target_handler=true,suggestion_action_rpc=2,}ParentID: null targetID: 387df600-495b-4345-af7e-bc3d405f1b69
06-24 14:05:28.406  1239  1239 D SearchTargetUtil: layoutType=short_icon_row resultType=131072 packageName=com.google.android.googlequicksearchbox extras=Bundle{suggestion_type=33,suggest_truncate_start=false,is_answer=false,is_entity=false,is_personal=false,suggest_raw_text=inert grenade tsa detroit airport,input_query=android.app.search.Query@6f40663,group_id=web7400184,response_id=e9028761-678a-4020-8438-eaaa4e205075,support_query_builder=false,} searchAction=inert grenade tsa detroit airport searchActionExtras=Bundle{learn_more_url=https://support.google.com/websearch/answer/106230?hl=106230,suggestion_action_text=Report this,should_start_for_result=true,allow_pinning=true,skip_logging_in_target_handler=true,suggestion_action_rpc=2,}ParentID: null targetID: 16f32ed5-00f8-406c-b333-7d787483baf7
06-24 14:05:28.406  1239  1239 D SearchTargetUtil: layoutType=short_icon_row resultType=131072 packageName=com.google.android.googlequicksearchbox extras=Bundle{suggestion_type=33,suggest_truncate_start=false,is_answer=false,is_entity=false,is_personal=false,suggest_raw_text=nyt crossword answers,input_query=android.app.search.Query@6f40663,group_id=web7400184,response_id=e9028761-678a-4020-8438-eaaa4e205075,support_query_builder=false,} searchAction=nyt crossword answers searchActionExtras=Bundle{learn_more_url=https://support.google.com/websearch/answer/106230?hl=106230,suggestion_action_text=Report this,should_start_for_result=true,allow_pinning=true,skip_logging_in_target_handler=true,suggestion_action_rpc=2,}ParentID: null targetID: 0e471350-7e33-409e-9abf-c530476a441f
06-24 14:05:28.406  1239  1239 D SearchTargetUtil: layoutType=short_icon_row resultType=131072 packageName=com.google.android.googlequicksearchbox extras=Bundle{suggestion_type=33,suggest_truncate_start=false,is_answer=false,is_entity=false,is_personal=false,suggest_raw_text=south carolina driver's license redesign,input_query=android.app.search.Query@6f40663,group_id=web7400184,response_id=e9028761-678a-4020-8438-eaaa4e205075,support_query_builder=false,} searchAction=south carolina driver's license redesign searchActionExtras=Bundle{learn_more_url=https://support.google.com/websearch/answer/106230?hl=106230,suggestion_action_text=Report this,should_start_for_result=true,allow_pinning=true,skip_logging_in_target_handler=true,suggestion_action_rpc=2,}ParentID: null targetID: c8a83596-31b8-4373-b6c6-4a7c97705780
06-24 14:05:28.406  1239  1802 D EGL_emulation: app_time_stats: avg=20.38ms min=11.07ms max=118.17ms count=52
06-24 14:05:28.419   387   387 I RanchuHwc: logCompositionFallbackIfChanged: layer 532 CompositionType fallback from 2 to 1
06-24 14:05:28.419   387   387 I RanchuHwc: logCompositionFallbackIfChanged: layer 533 CompositionType fallback from 3 to 1
06-24 14:05:28.419   387   387 I RanchuHwc: logCompositionFallbackIfChanged: layer 528 CompositionType fallback from 2 to 1
06-24 14:05:28.419   387   387 I RanchuHwc: logCompositionFallbackIfChanged: layer 535 CompositionType fallback from 2 to 1
06-24 14:05:28.419   387   387 I RanchuHwc: logCompositionFallbackIfChanged: layer 529 CompositionType fallback from 3 to 1
06-24 14:05:28.419   387   387 I RanchuHwc: logCompositionFallbackIfChanged: layer 534 CompositionType fallback from 2 to 1
06-24 14:05:28.452   414   414 I BpBinder: onLastStrongRef automatically unlinking death recipients:
06-24 14:05:28.740 12832 12832 D VRI[InstrumentationActivityInvoker$EmptyActivity]: visibilityChanged oldVisibility=true newVisibility=false
06-24 14:05:28.758 12832 12832 D LifecycleMonitor: Lifecycle status change: androidx.activity.ComponentActivity@32f9c5e in: STOPPED
06-24 14:05:28.758 12832 12832 V ActivityScenario: Update currentActivityStage to STOPPED, currentActivity=androidx.activity.ComponentActivity@32f9c5e
06-24 14:05:28.771 12832 12832 D LifecycleMonitor: Lifecycle status change: androidx.activity.ComponentActivity@32f9c5e in: DESTROYED
06-24 14:05:28.771 12832 12832 V ActivityScenario: Update currentActivityStage to DESTROYED, currentActivity=null
06-24 14:05:28.772 12832 12832 W WindowOnBackDispatcher: sendCancelIfRunning: isInProgress=false callback=android.view.ViewRootImpl$$ExternalSyntheticLambda11@9d552c2
06-24 14:05:28.773   580  1739 W InputManager-JNI: Input channel object '83358c4 com.example.ud1_modularization_example_2.feature.pokedex.test/androidx.activity.ComponentActivity (client)' was disposed without first being removed with the input manager!
06-24 14:05:28.775   580   600 W InputManager-JNI: Input channel object 'Letterbox_fullWindow_ActivityRecord{4c4e8b8 u0 com.example.ud1_modularization_example_2.feature.pokedex.test/androidx.activity.ComponentActivity t61} (client)' was disposed without first being removed with the input manager!
06-24 14:05:28.776 12832 12832 D LifecycleMonitor: Lifecycle status change: androidx.test.core.app.InstrumentationActivityInvoker$EmptyActivity@91c6ffb in: STOPPED
06-24 14:05:28.777 12832 12832 D LifecycleMonitor: Lifecycle status change: androidx.test.core.app.InstrumentationActivityInvoker$EmptyActivity@91c6ffb in: DESTROYED
06-24 14:05:28.777 12832 12832 W WindowOnBackDispatcher: sendCancelIfRunning: isInProgress=false callback=android.view.ViewRootImpl$$ExternalSyntheticLambda11@6a48ea9
06-24 14:05:28.778   580  1739 W InputManager-JNI: Input channel object 'daf4d4c com.example.ud1_modularization_example_2.feature.pokedex.test/androidx.test.core.app.InstrumentationActivityInvoker$EmptyActivity (client)' was disposed without first being removed with the input manager!
06-24 14:05:28.781   580   600 W InputManager-JNI: Input channel object 'Letterbox_fullWindow_ActivityRecord{345974a u0 com.example.ud1_modularization_example_2.feature.pokedex.test/androidx.test.core.app.InstrumentationActivityInvoker$EmptyActivity t61} (client)' was disposed without first being removed with the input manager!
06-24 14:05:28.781 12832 12832 I ImeTracker: com.example.ud1_modularization_example_2.feature.pokedex.test:732c42b6: onRequestHide at ORIGIN_CLIENT reason HIDE_SOFT_INPUT fromUser false
06-24 14:05:28.783  1239  1239 I TopTaskTracker: onTaskRemoved: taskId=61
06-24 14:05:28.783  1239  1239 I TopTaskTracker: onTaskRemoved: taskId=61
06-24 14:05:28.783 12832 12832 I ImeTracker: com.example.ud1_modularization_example_2.feature.pokedex.test:732c42b6: onFailed at PHASE_CLIENT_VIEW_SERVED
06-24 14:05:28.785 12832 12872 D IdlingRegistry: Unregistering idling resources: [androidx.compose.ui.test.EspressoLink@c8baf6b]
06-24 14:05:28.787 12832 12872 I TestRunner: finished: pokedexScreen_callsSearchCallback_whenSearchQueryChanged(com.example.ud1_modularization_example_2.feature.pokedex.PokedexScreenTest)
