06-24 14:05:33.123 12832 12872 I TestRunner: started: pokedexScreen_callsRetryCallback_whenRetryButtonClicked(com.example.ud1_modularization_example_2.feature.pokedex.PokedexScreenTest)
06-24 14:05:33.125  1239  1239 I TopTaskTracker: onTaskRemoved: taskId=66
06-24 14:05:33.125  1239  1239 I TopTaskTracker: onTaskRemoved: taskId=66
06-24 14:05:33.125 12832 12872 D IdlingRegistry: Registering idling resources: [androidx.compose.ui.test.EspressoLink@e4c228]
06-24 14:05:33.127 12832 12872 W Settings: Setting always_finish_activities has moved from android.provider.Settings.System to android.provider.Settings.Global, returning read-only value.
06-24 14:05:33.130   580  1739 V GrammaticalInflectionUtils: AttributionSource: android.content.AttributionSource@9069dcd0 does not have READ_SYSTEM_GRAMMATICAL_GENDER permission.
06-24 14:05:33.135  1239  1239 W SplitSelectStateCtor: Missing session instanceIds
06-24 14:05:33.135  1239  1239 D StatsLog: LAUNCHER_SPLIT_SELECTION_EXIT_INTERRUPTED
06-24 14:05:33.136   414   414 I BpBinder: onLastStrongRef automatically unlinking death recipients:
06-24 14:05:33.140   580   600 W WindowOnBackDispatcher: sendCancelIfRunning: isInProgress=false callback=android.view.ViewRootImpl$$ExternalSyntheticLambda11@e7e64c4
06-24 14:05:33.143 12832 12832 D LifecycleMonitor: Lifecycle status change: androidx.activity.ComponentActivity@4155b1f in: PRE_ON_CREATE
06-24 14:05:33.143 12832 12832 V ActivityScenario: Activity lifecycle changed event received but ignored because the reported transition was not ON_CREATE while the last known transition was PRE_ON_CREATE
06-24 14:05:33.143  1239  1239 I TopTaskTracker: onTaskMovedToFront: (moved taskInfo to front) taskId=67, baseIntent=Intent { act=android.intent.action.MAIN cat=[android.intent.category.LAUNCHER] flg=0x10008000 cmp=com.example.ud1_modularization_example_2.feature.pokedex.test/androidx.activity.ComponentActivity }
06-24 14:05:33.147   580   600 W InputManager-JNI: Input channel object '23a000 DeprecatedTargetSdkVersionDialog (client)' was disposed without first being removed with the input manager!
06-24 14:05:33.147 12832 12832 D LifecycleMonitor: Lifecycle status change: androidx.activity.ComponentActivity@4155b1f in: CREATED
06-24 14:05:33.148 12832 12832 V ActivityScenario: Update currentActivityStage to CREATED, currentActivity=androidx.activity.ComponentActivity@4155b1f
06-24 14:05:33.148 12832 12832 D LifecycleMonitor: Lifecycle status change: androidx.activity.ComponentActivity@4155b1f in: STARTED
06-24 14:05:33.148 12832 12832 V ActivityScenario: Update currentActivityStage to STARTED, currentActivity=androidx.activity.ComponentActivity@4155b1f
06-24 14:05:33.149 12832 12832 D LifecycleMonitor: Lifecycle status change: androidx.activity.ComponentActivity@4155b1f in: RESUMED
06-24 14:05:33.149 12832 12832 V ActivityScenario: Update currentActivityStage to RESUMED, currentActivity=androidx.activity.ComponentActivity@4155b1f
06-24 14:05:33.176   580   599 W ziparchive: Unable to open '/data/app/~~-mWJtftXxdZ7r57Kw54WNQ==/com.example.ud1_modularization_example_2.feature.pokedex.test-ZpFtPZS3_rKuy1dCp76tBw==/base.dm': No such file or directory
06-24 14:05:33.177   580   599 I ActivityTaskManager: Displayed com.example.ud1_modularization_example_2.feature.pokedex.test/androidx.activity.ComponentActivity for user 0: +47ms
06-24 14:05:33.455   972  1043 W WindowOnBackDispatcher: sendCancelIfRunning: isInProgress=false callback=android.view.ViewRootImpl$$ExternalSyntheticLambda11@8b32175
06-24 14:05:33.455  1239  1239 D VRI[NexusLauncherActivity]: visibilityChanged oldVisibility=true newVisibility=false
06-24 14:05:33.456   580  1741 W InputManager-JNI: Input channel object 'ddbf3d8 Splash Screen com.example.ud1_modularization_example_2.feature.pokedex.test (client)' was disposed without first being removed with the input manager!
06-24 14:05:33.469  1239  1239 D NexusLauncherModelDelegate: notifySmartspaceEvent: SmartspaceTargetEvent{mSmartspaceTarget=null, mSmartspaceActionId='null', mEventType=7}
06-24 14:05:33.473  1239  1802 D EGL_emulation: app_time_stats: avg=19.77ms min=12.58ms max=154.16ms count=51
06-24 14:05:33.473  1239  1239 D BaseDepthController: setSurface:
06-24 14:05:33.473  1239  1239 D BaseDepthController: 	mWaitingOnSurfaceValidity: false
06-24 14:05:33.473  1239  1239 D BaseDepthController: 	mSurface: null
06-24 14:05:33.473  1239  1239 D BaseDepthController: mSurface is null and mCurrentBlur is: 0
06-24 14:05:33.473  1239  1239 D StateManager: goToState - fromState: Normal, toState: Normal, partial trace:
06-24 14:05:33.473  1239  1239 D StateManager: 	at com.android.launcher3.statemanager.StateManager.moveToRestState(go/retraceme 2855a437b73635ce9cad76b9289087e631bbb67fc90008a0da13d343a00e5041:4)
06-24 14:05:33.473  1239  1239 D StateManager: 	at com.android.launcher3.statemanager.StateManager.moveToRestState(go/retraceme 2855a437b73635ce9cad76b9289087e631bbb67fc90008a0da13d343a00e5041:1)
06-24 14:05:33.473  1239  1239 D StateManager: 	at com.android.launcher3.statemanager.StatefulActivity.onStop(go/retraceme 2855a437b73635ce9cad76b9289087e631bbb67fc90008a0da13d343a00e5041:34)
06-24 14:05:33.473  1239  1239 D StatsLog: LAUNCHER_ONSTOP
06-24 14:05:33.473  1239  2082 D OneSearchSuggestProvider: Shut down the binder channel
06-24 14:05:33.474  1239  1239 D StatsLog: LAUNCHER_GOOGLE_SEARCH_RESTORE_LIST_SIZE_AFTER_ACTIVITY_RESTART
06-24 14:05:33.474  1239  5742 I IPCThreadState: oneway function results for code 2 on binder at 0xb4000071e0587ee0 will be dropped but finished with status UNKNOWN_TRANSACTION
06-24 14:05:33.544   580  1741 V GrammaticalInflectionUtils: AttributionSource: android.content.AttributionSource@9069dcd0 does not have READ_SYSTEM_GRAMMATICAL_GENDER permission.
06-24 14:05:33.550 12832 12832 D LifecycleMonitor: Lifecycle status change: androidx.activity.ComponentActivity@4155b1f in: PAUSED
06-24 14:05:33.550 12832 12832 V ActivityScenario: Update currentActivityStage to PAUSED, currentActivity=androidx.activity.ComponentActivity@4155b1f
06-24 14:05:33.552   580   600 W WindowOnBackDispatcher: sendCancelIfRunning: isInProgress=false callback=android.view.ViewRootImpl$$ExternalSyntheticLambda11@e0756b2
06-24 14:05:33.552   414   414 I BpBinder: onLastStrongRef automatically unlinking death recipients:
06-24 14:05:33.557   580   600 W InputManager-JNI: Input channel object 'c092d7c DeprecatedTargetSdkVersionDialog (client)' was disposed without first being removed with the input manager!
06-24 14:05:33.559 12832 12832 D LifecycleMonitor: Lifecycle status change: androidx.test.core.app.InstrumentationActivityInvoker$EmptyActivity@d429975 in: PRE_ON_CREATE
06-24 14:05:33.559 12832 12832 V ActivityScenario: Activity lifecycle changed event received but ignored because the intent does not match. startActivityIntent=Intent { act=android.intent.action.MAIN cat=[android.intent.category.LAUNCHER] flg=0x10008000 cmp=com.example.ud1_modularization_example_2.feature.pokedex.test/androidx.activity.ComponentActivity }, activity.getIntent()=Intent { act=android.intent.action.MAIN cat=[android.intent.category.LAUNCHER] flg=0x10000000 cmp=com.example.ud1_modularization_example_2.feature.pokedex.test/androidx.test.core.app.InstrumentationActivityInvoker$EmptyActivity }, activity=androidx.test.core.app.InstrumentationActivityInvoker$EmptyActivity@d429975
06-24 14:05:33.561 12832 12832 D LifecycleMonitor: Lifecycle status change: androidx.test.core.app.InstrumentationActivityInvoker$EmptyActivity@d429975 in: CREATED
06-24 14:05:33.561 12832 12832 V ActivityScenario: Activity lifecycle changed event received but ignored because the intent does not match. startActivityIntent=Intent { act=android.intent.action.MAIN cat=[android.intent.category.LAUNCHER] flg=0x10008000 cmp=com.example.ud1_modularization_example_2.feature.pokedex.test/androidx.activity.ComponentActivity }, activity.getIntent()=Intent { act=android.intent.action.MAIN cat=[android.intent.category.LAUNCHER] flg=0x10000000 cmp=com.example.ud1_modularization_example_2.feature.pokedex.test/androidx.test.core.app.InstrumentationActivityInvoker$EmptyActivity }, activity=androidx.test.core.app.InstrumentationActivityInvoker$EmptyActivity@d429975
06-24 14:05:33.561 12832 12832 D LifecycleMonitor: Lifecycle status change: androidx.test.core.app.InstrumentationActivityInvoker$EmptyActivity@d429975 in: STARTED
06-24 14:05:33.561 12832 12832 V ActivityScenario: Activity lifecycle changed event received but ignored because the intent does not match. startActivityIntent=Intent { act=android.intent.action.MAIN cat=[android.intent.category.LAUNCHER] flg=0x10008000 cmp=com.example.ud1_modularization_example_2.feature.pokedex.test/androidx.activity.ComponentActivity }, activity.getIntent()=Intent { act=android.intent.action.MAIN cat=[android.intent.category.LAUNCHER] flg=0x10000000 cmp=com.example.ud1_modularization_example_2.feature.pokedex.test/androidx.test.core.app.InstrumentationActivityInvoker$EmptyActivity }, activity=androidx.test.core.app.InstrumentationActivityInvoker$EmptyActivity@d429975
06-24 14:05:33.561 12832 12832 D LifecycleMonitor: Lifecycle status change: androidx.test.core.app.InstrumentationActivityInvoker$EmptyActivity@d429975 in: RESUMED
06-24 14:05:33.561 12832 12832 V ActivityScenario: Activity lifecycle changed event received but ignored because the intent does not match. startActivityIntent=Intent { act=android.intent.action.MAIN cat=[android.intent.category.LAUNCHER] flg=0x10008000 cmp=com.example.ud1_modularization_example_2.feature.pokedex.test/androidx.activity.ComponentActivity }, activity.getIntent()=Intent { act=android.intent.action.MAIN cat=[android.intent.category.LAUNCHER] flg=0x10000000 cmp=com.example.ud1_modularization_example_2.feature.pokedex.test/androidx.test.core.app.InstrumentationActivityInvoker$EmptyActivity }, activity=androidx.test.core.app.InstrumentationActivityInvoker$EmptyActivity@d429975
06-24 14:05:33.593   580   599 I ActivityTaskManager: Displayed com.example.ud1_modularization_example_2.feature.pokedex.test/androidx.test.core.app.InstrumentationActivityInvoker$EmptyActivity for user 0: +50ms
06-24 14:05:33.607 12832 12832 D VRI[ComponentActivity]: visibilityChanged oldVisibility=true newVisibility=false
06-24 14:05:33.607  1239  1239 I TopTaskTracker: onTaskMovedToFront: (moved taskInfo to front) taskId=7, baseIntent=Intent { act=android.intent.action.MAIN cat=[android.intent.category.HOME] flg=0x10000100 cmp=com.google.android.apps.nexuslauncher/.NexusLauncherActivity }
06-24 14:05:33.622 12832 12832 D LifecycleMonitor: Lifecycle status change: androidx.activity.ComponentActivity@4155b1f in: STOPPED
06-24 14:05:33.622 12832 12832 V ActivityScenario: Update currentActivityStage to STOPPED, currentActivity=androidx.activity.ComponentActivity@4155b1f
06-24 14:05:33.623 12832 12832 D LifecycleMonitor: Lifecycle status change: androidx.activity.ComponentActivity@4155b1f in: DESTROYED
06-24 14:05:33.623 12832 12832 V ActivityScenario: Update currentActivityStage to DESTROYED, currentActivity=null
06-24 14:05:33.623 12832 12832 W WindowOnBackDispatcher: sendCancelIfRunning: isInProgress=false callback=android.view.ViewRootImpl$$ExternalSyntheticLambda11@20605b3
06-24 14:05:33.624 12832 12875 D HWUI    : endAllActiveAnimators on 0x72405c26d0 (UnprojectedRipple) with handle 0x71e0568d40
06-24 14:05:33.625   580  1741 W InputManager-JNI: Input channel object '1a00308 com.example.ud1_modularization_example_2.feature.pokedex.test/androidx.activity.ComponentActivity (client)' was disposed without first being removed with the input manager!
06-24 14:05:33.626 12832 12832 D LifecycleMonitor: Lifecycle status change: androidx.test.core.app.InstrumentationActivityInvoker$EmptyActivity@d429975 in: PAUSED
06-24 14:05:33.626 12832 12832 V ActivityScenario: Activity lifecycle changed event received but ignored because the intent does not match. startActivityIntent=Intent { act=android.intent.action.MAIN cat=[android.intent.category.LAUNCHER] flg=0x10008000 cmp=com.example.ud1_modularization_example_2.feature.pokedex.test/androidx.activity.ComponentActivity }, activity.getIntent()=Intent { act=android.intent.action.MAIN cat=[android.intent.category.LAUNCHER] flg=0x10000000 cmp=com.example.ud1_modularization_example_2.feature.pokedex.test/androidx.test.core.app.InstrumentationActivityInvoker$EmptyActivity }, activity=androidx.test.core.app.InstrumentationActivityInvoker$EmptyActivity@d429975
06-24 14:05:33.628  1239  1239 D StatsLog: LAUNCHER_ONRESUME
06-24 14:05:33.629   580  1683 W AppSearchIcing: icing-search-engine.cc:321: Error: 5, Message: Document (com.google.android.googlequicksearchbox$OneSearchZeroStateGoogleSuggestions/default, zp) not found.
06-24 14:05:33.629  1239  2082 D OneSearchSuggestProvider: AppSearch 0-state cache not available, fallback to AGA
06-24 14:05:33.629  1239  2082 D OneSearchSuggestProvider: java.util.concurrent.CompletionException: java.util.NoSuchElementException: No value present
06-24 14:05:33.629  1239  2082 D OneSearchSuggestProvider: 	at java.util.concurrent.CompletableFuture.encodeThrowable(CompletableFuture.java:308)
06-24 14:05:33.629  1239  2082 D OneSearchSuggestProvider: 	at java.util.concurrent.CompletableFuture.completeThrowable(CompletableFuture.java:323)
06-24 14:05:33.629  1239  2082 D OneSearchSuggestProvider: 	at java.util.concurrent.CompletableFuture$UniAccept.tryFire(CompletableFuture.java:684)
06-24 14:05:33.629  1239  2082 D OneSearchSuggestProvider: 	at java.util.concurrent.CompletableFuture.postComplete(CompletableFuture.java:486)
06-24 14:05:33.629  1239  2082 D OneSearchSuggestProvider: 	at java.util.concurrent.CompletableFuture.completeExceptionally(CompletableFuture.java:2138)
06-24 14:05:33.629  1239  2082 D OneSearchSuggestProvider: 	at com.google.android.apps.nexuslauncher.allapps.E0.onResult(go/retraceme 2855a437b73635ce9cad76b9289087e631bbb67fc90008a0da13d343a00e5041:67)
06-24 14:05:33.629  1239  2082 D OneSearchSuggestProvider: 	at android.app.appsearch.SearchSessionUtil$1.lambda$onResult$0(go/retraceme 64eee9e9f568ff45978879ad2ff83146f2618ee8a88278736fbdf5fae931976e:144)
06-24 14:05:33.629  1239  2082 D OneSearchSuggestProvider: 	at android.app.appsearch.SearchSessionUtil$1.$r8$lambda$CEk3q8sDAQVhU3rQwVueB8FAj_M(go/retraceme 64eee9e9f568ff45978879ad2ff83146f2618ee8a88278736fbdf5fae931976e:1)
06-24 14:05:33.629  1239  2082 D OneSearchSuggestProvider: 	at android.app.appsearch.SearchSessionUtil$1$$ExternalSyntheticLambda0.run(go/retraceme 64eee9e9f568ff45978879ad2ff83146f2618ee8a88278736fbdf5fae931976e:22)
06-24 14:05:33.629  1239  2082 D OneSearchSuggestProvider: 	at android.os.Handler.handleCallback(Handler.java:959)
06-24 14:05:33.629  1239  2082 D OneSearchSuggestProvider: 	at android.os.Handler.dispatchMessage(Handler.java:100)
06-24 14:05:33.629  1239  2082 D OneSearchSuggestProvider: 	at android.os.Looper.loopOnce(Looper.java:232)
06-24 14:05:33.629  1239  2082 D OneSearchSuggestProvider: 	at android.os.Looper.loop(Looper.java:317)
06-24 14:05:33.629  1239  2082 D OneSearchSuggestProvider: 	at android.os.HandlerThread.run(HandlerThread.java:85)
06-24 14:05:33.629  1239  2082 D OneSearchSuggestProvider: Caused by: java.util.NoSuchElementException: No value present
06-24 14:05:33.629  1239  2082 D OneSearchSuggestProvider: 	at java.util.Optional.get(Optional.java:143)
06-24 14:05:33.629  1239  2082 D OneSearchSuggestProvider: 	at com.google.android.apps.nexuslauncher.allapps.E0.onResult(go/retraceme 2855a437b73635ce9cad76b9289087e631bbb67fc90008a0da13d343a00e5041:28)
06-24 14:05:33.629  1239  2082 D OneSearchSuggestProvider: 	... 8 more
06-24 14:05:33.630  1239  2082 D OneSearchSuggestProvider: Created the binder channel successfully for end point service =com.google.android.apps.search.googleapp.search.suggest.plugins.onesearch.server.OneSearchSuggestService , mChannel=i1{delegate=f{logId=253, target=directaddress:///AndroidComponentAddress%5BIntent%20%7B%20act=grpc.io.action.BIND%20cmp=com.google.android.googlequicksearchbox/com.google.android.apps.search.googleapp.search.suggest.plugins.onesearch.server.OneSearchSuggestService%20%7D%5D}} , mOneSearchConnection=l2.Z@bf71269
06-24 14:05:33.630  1239  1268 D QuickstepModelDelegate: notifyAppTargetEvent action=1 launchLocation=workspace/0/[-1,-1]/[1,1]
06-24 14:05:33.630 12832 12872 D IdlingRegistry: Unregistering idling resources: [androidx.compose.ui.test.EspressoLink@e4c228]
06-24 14:05:33.630 12832 12872 I TestRunner: finished: pokedexScreen_callsRetryCallback_whenRetryButtonClicked(com.example.ud1_modularization_example_2.feature.pokedex.PokedexScreenTest)
