06-24 14:05:24.177 12832 12872 I TestRunner: started: pokedexScreen_displaysPokemonIds_whenDataLoaded(com.example.ud1_modularization_example_2.feature.pokedex.PokedexScreenTest)
06-24 14:05:24.192 12832 12872 W FileTestStorage: Output properties is not supported.
06-24 14:05:24.192 12832 12872 I Tracing : Tracer added: class androidx.test.platform.tracing.AndroidXTracer
06-24 14:05:24.194 12832 12832 D EventInjectionStrategy: Creating injection strategy with input manager.
06-24 14:05:24.194 12832 12832 W re.pokedex.test: Accessing hidden method Landroid/hardware/input/InputManager;->getInstance()Landroid/hardware/input/InputManager; (unsupported, reflection, allowed)
06-24 14:05:24.195 12832 12832 W re.pokedex.test: Accessing hidden method Landroid/hardware/input/InputManager;->injectInputEvent(Landroid/view/InputEvent;I)Z (unsupported, reflection, allowed)
06-24 14:05:24.195 12832 12832 W re.pokedex.test: Accessing hidden field Landroid/hardware/input/InputManager;->INJECT_INPUT_EVENT_MODE_WAIT_FOR_FINISH:I (unsupported, reflection, allowed)
06-24 14:05:24.200 12832 12832 W re.pokedex.test: Accessing hidden method Landroid/os/MessageQueue;->next()Landroid/os/Message; (unsupported, reflection, allowed)
06-24 14:05:24.200 12832 12832 W re.pokedex.test: Accessing hidden field Landroid/os/MessageQueue;->mMessages:Landroid/os/Message; (unsupported, reflection, allowed)
06-24 14:05:24.200 12832 12832 W re.pokedex.test: Accessing hidden method Landroid/os/Message;->recycleUnchecked()V (unsupported, reflection, allowed)
06-24 14:05:24.201 12832 12872 D IdlingRegistry: Registering idling resources: [androidx.compose.ui.test.EspressoLink@30d2e8f]
06-24 14:05:24.209 12832 12872 W Settings: Setting always_finish_activities has moved from android.provider.Settings.System to android.provider.Settings.Global, returning read-only value.
06-24 14:05:24.214   580  1739 V GrammaticalInflectionUtils: AttributionSource: android.content.AttributionSource@9069dcd0 does not have READ_SYSTEM_GRAMMATICAL_GENDER permission.
06-24 14:05:24.218  1239  1239 W SplitSelectStateCtor: Missing session instanceIds
06-24 14:05:24.218  1239  1239 D StatsLog: LAUNCHER_SPLIT_SELECTION_EXIT_INTERRUPTED
06-24 14:05:24.223  1239  1239 I TopTaskTracker: onTaskMovedToFront: (moved taskInfo to front) taskId=57, baseIntent=Intent { act=android.intent.action.MAIN cat=[android.intent.category.LAUNCHER] flg=0x10008000 cmp=com.example.ud1_modularization_example_2.feature.pokedex.test/androidx.activity.ComponentActivity }
06-24 14:05:24.235   414   414 I BpBinder: onLastStrongRef automatically unlinking death recipients:
06-24 14:05:24.241 12832 12832 D LifecycleMonitor: Lifecycle status change: androidx.activity.ComponentActivity@d877d4c in: PRE_ON_CREATE
06-24 14:05:24.241   580  4965 I EGL_emulation: Opening libGLESv1_CM_emulation.so
06-24 14:05:24.241 12832 12832 V ActivityScenario: Activity lifecycle changed event received but ignored because the reported transition was not ON_CREATE while the last known transition was PRE_ON_CREATE
06-24 14:05:24.241   580  4965 I EGL_emulation: Opening libGLESv2_emulation.so
06-24 14:05:24.245   580  4965 W HWUI    : Failed to choose config with EGL_SWAP_BEHAVIOR_PRESERVED, retrying without...
06-24 14:05:24.246   580  4965 W HWUI    : Failed to initialize 101010-2 format, error = EGL_SUCCESS
06-24 14:05:24.272 12832 12832 D LifecycleMonitor: Lifecycle status change: androidx.activity.ComponentActivity@d877d4c in: CREATED
06-24 14:05:24.272 12832 12832 V ActivityScenario: Update currentActivityStage to CREATED, currentActivity=androidx.activity.ComponentActivity@d877d4c
06-24 14:05:24.273 12832 12832 D LifecycleMonitor: Lifecycle status change: androidx.activity.ComponentActivity@d877d4c in: STARTED
06-24 14:05:24.273 12832 12832 V ActivityScenario: Update currentActivityStage to STARTED, currentActivity=androidx.activity.ComponentActivity@d877d4c
06-24 14:05:24.278  1239  1802 D EGL_emulation: app_time_stats: avg=24230.07ms min=24230.07ms max=24230.07ms count=1
06-24 14:05:24.280 12832 12832 D LifecycleMonitor: Lifecycle status change: androidx.activity.ComponentActivity@d877d4c in: RESUMED
06-24 14:05:24.280 12832 12832 V ActivityScenario: Update currentActivityStage to RESUMED, currentActivity=androidx.activity.ComponentActivity@d877d4c
06-24 14:05:24.284 12832 12832 W HWUI    : Unknown dataspace 0
06-24 14:05:24.306  1239  1802 D EGL_emulation: app_time_stats: avg=87916.84ms min=87916.84ms max=87916.84ms count=1
06-24 14:05:24.311   414   514 W ServiceManagerCppClient: Permission failure: android.permission.ACCESS_SURFACE_FLINGER from uid=10212 pid=0
06-24 14:05:24.311   414   514 D PermissionCache: checking android.permission.ACCESS_SURFACE_FLINGER for uid=10212 => denied (183 us)
06-24 14:05:24.311   414   515 W ServiceManagerCppClient: Permission failure: android.permission.ACCESS_SURFACE_FLINGER from uid=10212 pid=12832
06-24 14:05:24.311   414   515 D PermissionCache: checking android.permission.ACCESS_SURFACE_FLINGER for uid=10212 => denied (126 us)
06-24 14:05:24.311   414   514 W ServiceManagerCppClient: Permission failure: android.permission.ROTATE_SURFACE_FLINGER from uid=10212 pid=0
06-24 14:05:24.311   414   514 D PermissionCache: checking android.permission.ROTATE_SURFACE_FLINGER for uid=10212 => denied (110 us)
06-24 14:05:24.311   414   515 W ServiceManagerCppClient: Permission failure: android.permission.ROTATE_SURFACE_FLINGER from uid=10212 pid=12832
06-24 14:05:24.311   414   515 D PermissionCache: checking android.permission.ROTATE_SURFACE_FLINGER for uid=10212 => denied (79 us)
06-24 14:05:24.311   414   515 W ServiceManagerCppClient: Permission failure: android.permission.INTERNAL_SYSTEM_WINDOW from uid=10212 pid=12832
06-24 14:05:24.311   414   515 D PermissionCache: checking android.permission.INTERNAL_SYSTEM_WINDOW for uid=10212 => denied (141 us)
06-24 14:05:24.311   414   514 W ServiceManagerCppClient: Permission failure: android.permission.INTERNAL_SYSTEM_WINDOW from uid=10212 pid=0
06-24 14:05:24.311   414   514 D PermissionCache: checking android.permission.INTERNAL_SYSTEM_WINDOW for uid=10212 => denied (190 us)
06-24 14:05:24.312 12832 12875 I EGL_emulation: Opening libGLESv1_CM_emulation.so
06-24 14:05:24.312 12832 12875 I EGL_emulation: Opening libGLESv2_emulation.so
06-24 14:05:24.314 12832 12875 W HWUI    : Failed to choose config with EGL_SWAP_BEHAVIOR_PRESERVED, retrying without...
06-24 14:05:24.314 12832 12875 W HWUI    : Failed to initialize 101010-2 format, error = EGL_SUCCESS
06-24 14:05:24.319   160   160 I hwservicemanager: getTransport: Cannot find entry android.hardware.graphics.mapper@4.0::IMapper/default in either framework or device VINTF manifest.
06-24 14:05:24.319 12832 12875 I Gralloc4: mapper 4.x is not supported
06-24 14:05:24.338   580  1739 W ServiceManagerCppClient: Permission failure: android.permission.ACCESS_SURFACE_FLINGER from uid=10212 pid=0
06-24 14:05:24.338   580  1739 D PermissionCache: checking android.permission.ACCESS_SURFACE_FLINGER for uid=10212 => denied (47 us)
06-24 14:05:24.338   580  1739 W ServiceManagerCppClient: Permission failure: android.permission.ROTATE_SURFACE_FLINGER from uid=10212 pid=0
06-24 14:05:24.338   580  1739 D PermissionCache: checking android.permission.ROTATE_SURFACE_FLINGER for uid=10212 => denied (6 us)
06-24 14:05:24.338   580  1739 W ServiceManagerCppClient: Permission failure: android.permission.INTERNAL_SYSTEM_WINDOW from uid=10212 pid=0
06-24 14:05:24.338   580  1739 D PermissionCache: checking android.permission.INTERNAL_SYSTEM_WINDOW for uid=10212 => denied (4 us)
06-24 14:05:24.342   580   599 W ziparchive: Unable to open '/data/app/~~-mWJtftXxdZ7r57Kw54WNQ==/com.example.ud1_modularization_example_2.feature.pokedex.test-ZpFtPZS3_rKuy1dCp76tBw==/base.dm': No such file or directory
06-24 14:05:24.342   580   599 I ActivityTaskManager: Displayed com.example.ud1_modularization_example_2.feature.pokedex.test/androidx.activity.ComponentActivity for user 0: +126ms
06-24 14:05:24.388 12832 12845 I re.pokedex.test: Compiler allocated 4206KB to compile void android.widget.TextView.<init>(android.content.Context, android.util.AttributeSet, int, int)
06-24 14:05:24.431 12832 12845 I re.pokedex.test: Compiler allocated 5250KB to compile void android.view.ViewRootImpl.performTraversals()
06-24 14:05:24.553  1239  1239 D VRI[NexusLauncherActivity]: visibilityChanged oldVisibility=true newVisibility=false
06-24 14:05:24.571  1239  1239 D NexusLauncherModelDelegate: notifySmartspaceEvent: SmartspaceTargetEvent{mSmartspaceTarget=null, mSmartspaceActionId='null', mEventType=7}
06-24 14:05:24.575  1239  1239 D BaseDepthController: setSurface:
06-24 14:05:24.575  1239  1239 D BaseDepthController: 	mWaitingOnSurfaceValidity: false
06-24 14:05:24.575  1239  1239 D BaseDepthController: 	mSurface: null
06-24 14:05:24.575  1239  1239 D BaseDepthController: mSurface is null and mCurrentBlur is: 0
06-24 14:05:24.575  1239  1239 D StateManager: goToState - fromState: Normal, toState: Normal, partial trace:
06-24 14:05:24.575  1239  1239 D StateManager: 	at com.android.launcher3.statemanager.StateManager.moveToRestState(go/retraceme 2855a437b73635ce9cad76b9289087e631bbb67fc90008a0da13d343a00e5041:4)
06-24 14:05:24.575  1239  1239 D StateManager: 	at com.android.launcher3.statemanager.StateManager.moveToRestState(go/retraceme 2855a437b73635ce9cad76b9289087e631bbb67fc90008a0da13d343a00e5041:1)
06-24 14:05:24.575  1239  1239 D StateManager: 	at com.android.launcher3.statemanager.StatefulActivity.onStop(go/retraceme 2855a437b73635ce9cad76b9289087e631bbb67fc90008a0da13d343a00e5041:34)
06-24 14:05:24.576  1239  1239 D StatsLog: LAUNCHER_ONSTOP
06-24 14:05:24.576  1239  2082 D OneSearchSuggestProvider: Shut down the binder channel
06-24 14:05:24.576  1239  1239 D StatsLog: LAUNCHER_GOOGLE_SEARCH_RESTORE_LIST_SIZE_AFTER_ACTIVITY_RESTART
06-24 14:05:24.621   972  1043 W WindowOnBackDispatcher: sendCancelIfRunning: isInProgress=false callback=android.view.ViewRootImpl$$ExternalSyntheticLambda11@7f2a340
06-24 14:05:24.622   580  1792 W InputManager-JNI: Input channel object '6476963 Splash Screen com.example.ud1_modularization_example_2.feature.pokedex.test (client)' was disposed without first being removed with the input manager!
06-24 14:05:24.789  7205  7223 I FontLog : (REDACTED) Received query %s, URI %s
06-24 14:05:24.789  7205  7223 I FontLog : (REDACTED) Query [%s] resolved to %s
06-24 14:05:24.789  7205  7223 I FontLog : (REDACTED) Fetch %s end status %s
06-24 14:05:24.794  7205  7223 I FontLog : (REDACTED) Pulling font file for id = %d, cache size = %d
06-24 14:05:24.795 12832 12891 D TrafficStats: tagSocket(126) with statsTag=0xffffffff, statsUid=-1
06-24 14:05:24.795 12832 12892 D TrafficStats: tagSocket(128) with statsTag=0xffffffff, statsUid=-1
06-24 14:05:24.796 12832 12894 D TrafficStats: tagSocket(129) with statsTag=0xffffffff, statsUid=-1
06-24 14:05:24.799  7205  7223 I FontLog : (REDACTED) Pulling font file for id = %d, cache size = %d
06-24 14:05:24.799 12832 12893 D TrafficStats: tagSocket(127) with statsTag=0xffffffff, statsUid=-1
06-24 14:05:24.810   580  1739 V GrammaticalInflectionUtils: AttributionSource: android.content.AttributionSource@9069dcd0 does not have READ_SYSTEM_GRAMMATICAL_GENDER permission.
06-24 14:05:24.814 12832 12832 D LifecycleMonitor: Lifecycle status change: androidx.activity.ComponentActivity@d877d4c in: PAUSED
06-24 14:05:24.815 12832 12832 V ActivityScenario: Update currentActivityStage to PAUSED, currentActivity=androidx.activity.ComponentActivity@d877d4c
06-24 14:05:24.816   580   600 W WindowOnBackDispatcher: sendCancelIfRunning: isInProgress=false callback=android.view.ViewRootImpl$$ExternalSyntheticLambda11@e957153
06-24 14:05:24.819 12832 12832 D LifecycleMonitor: Lifecycle status change: androidx.test.core.app.InstrumentationActivityInvoker$EmptyActivity@39df805 in: PRE_ON_CREATE
06-24 14:05:24.819 12832 12832 V ActivityScenario: Activity lifecycle changed event received but ignored because the intent does not match. startActivityIntent=Intent { act=android.intent.action.MAIN cat=[android.intent.category.LAUNCHER] flg=0x10008000 cmp=com.example.ud1_modularization_example_2.feature.pokedex.test/androidx.activity.ComponentActivity }, activity.getIntent()=Intent { act=android.intent.action.MAIN cat=[android.intent.category.LAUNCHER] flg=0x10000000 cmp=com.example.ud1_modularization_example_2.feature.pokedex.test/androidx.test.core.app.InstrumentationActivityInvoker$EmptyActivity }, activity=androidx.test.core.app.InstrumentationActivityInvoker$EmptyActivity@39df805
06-24 14:05:24.821   580   600 W InputManager-JNI: Input channel object 'bd38bf DeprecatedTargetSdkVersionDialog (client)' was disposed without first being removed with the input manager!
06-24 14:05:24.824 12832 12832 D LifecycleMonitor: Lifecycle status change: androidx.test.core.app.InstrumentationActivityInvoker$EmptyActivity@39df805 in: CREATED
06-24 14:05:24.824 12832 12832 V ActivityScenario: Activity lifecycle changed event received but ignored because the intent does not match. startActivityIntent=Intent { act=android.intent.action.MAIN cat=[android.intent.category.LAUNCHER] flg=0x10008000 cmp=com.example.ud1_modularization_example_2.feature.pokedex.test/androidx.activity.ComponentActivity }, activity.getIntent()=Intent { act=android.intent.action.MAIN cat=[android.intent.category.LAUNCHER] flg=0x10000000 cmp=com.example.ud1_modularization_example_2.feature.pokedex.test/androidx.test.core.app.InstrumentationActivityInvoker$EmptyActivity }, activity=androidx.test.core.app.InstrumentationActivityInvoker$EmptyActivity@39df805
06-24 14:05:24.825 12832 12832 D LifecycleMonitor: Lifecycle status change: androidx.test.core.app.InstrumentationActivityInvoker$EmptyActivity@39df805 in: STARTED
06-24 14:05:24.825 12832 12832 V ActivityScenario: Activity lifecycle changed event received but ignored because the intent does not match. startActivityIntent=Intent { act=android.intent.action.MAIN cat=[android.intent.category.LAUNCHER] flg=0x10008000 cmp=com.example.ud1_modularization_example_2.feature.pokedex.test/androidx.activity.ComponentActivity }, activity.getIntent()=Intent { act=android.intent.action.MAIN cat=[android.intent.category.LAUNCHER] flg=0x10000000 cmp=com.example.ud1_modularization_example_2.feature.pokedex.test/androidx.test.core.app.InstrumentationActivityInvoker$EmptyActivity }, activity=androidx.test.core.app.InstrumentationActivityInvoker$EmptyActivity@39df805
06-24 14:05:24.825 12832 12832 D LifecycleMonitor: Lifecycle status change: androidx.test.core.app.InstrumentationActivityInvoker$EmptyActivity@39df805 in: RESUMED
06-24 14:05:24.826 12832 12832 V ActivityScenario: Activity lifecycle changed event received but ignored because the intent does not match. startActivityIntent=Intent { act=android.intent.action.MAIN cat=[android.intent.category.LAUNCHER] flg=0x10008000 cmp=com.example.ud1_modularization_example_2.feature.pokedex.test/androidx.activity.ComponentActivity }, activity.getIntent()=Intent { act=android.intent.action.MAIN cat=[android.intent.category.LAUNCHER] flg=0x10000000 cmp=com.example.ud1_modularization_example_2.feature.pokedex.test/androidx.test.core.app.InstrumentationActivityInvoker$EmptyActivity }, activity=androidx.test.core.app.InstrumentationActivityInvoker$EmptyActivity@39df805
06-24 14:05:24.835   414   414 I BpBinder: onLastStrongRef automatically unlinking death recipients:
06-24 14:05:24.847  1239  1239 I TopTaskTracker: onTaskMovedToFront: (moved taskInfo to front) taskId=7, baseIntent=Intent { act=android.intent.action.MAIN cat=[android.intent.category.HOME] flg=0x10000100 cmp=com.google.android.apps.nexuslauncher/.NexusLauncherActivity }
06-24 14:05:24.848 12832 12832 D LifecycleMonitor: Lifecycle status change: androidx.test.core.app.InstrumentationActivityInvoker$EmptyActivity@39df805 in: PAUSED
06-24 14:05:24.848 12832 12832 V ActivityScenario: Activity lifecycle changed event received but ignored because the intent does not match. startActivityIntent=Intent { act=android.intent.action.MAIN cat=[android.intent.category.LAUNCHER] flg=0x10008000 cmp=com.example.ud1_modularization_example_2.feature.pokedex.test/androidx.activity.ComponentActivity }, activity.getIntent()=Intent { act=android.intent.action.MAIN cat=[android.intent.category.LAUNCHER] flg=0x10000000 cmp=com.example.ud1_modularization_example_2.feature.pokedex.test/androidx.test.core.app.InstrumentationActivityInvoker$EmptyActivity }, activity=androidx.test.core.app.InstrumentationActivityInvoker$EmptyActivity@39df805
06-24 14:05:24.850  1239  1239 D VRI[NexusLauncherActivity]: visibilityChanged oldVisibility=false newVisibility=true
06-24 14:05:24.850  1239  1239 D StatsLog: LAUNCHER_ONRESUME
06-24 14:05:24.852  1239  1268 D QuickstepModelDelegate: notifyAppTargetEvent action=1 launchLocation=workspace/0/[-1,-1]/[1,1]
06-24 14:05:24.853  1637  1714 I AiAiEcho: Predicting[0]:  [CONTEXT sampling_count=5 ]
06-24 14:05:24.853  1637  1714 I AiAiEcho: EchoTargets:
06-24 14:05:24.853  1637  1714 I AiAiEcho: Filtered by AiAi flag check:
06-24 14:05:24.853  1637  1714 I AiAiEcho: [CONTEXT ratelimit_period="10 SECONDS" ]
06-24 14:05:24.853  1637  1714 I AiAiEcho: Ranked targets strategy: SORT, count: 0, ranking metadata:  [CONTEXT ratelimit_period="10 SECONDS" ]
06-24 14:05:24.853  1637  1714 I AiAiEcho: #remoteViewsTwiddler: feature disabled.
06-24 14:05:24.853  1239  1239 D NexusLauncherModelDelegate: notifySmartspaceEvent: SmartspaceTargetEvent{mSmartspaceTarget=null, mSmartspaceActionId='null', mEventType=6}
06-24 14:05:24.853  1637  1714 I AiAiEcho: #postPredictionTargets: Sending updates to UISurface home with targets# 0 (types=[])
06-24 14:05:24.854   580  1683 W AppSearchIcing: icing-search-engine.cc:321: Error: 5, Message: Document (com.google.android.googlequicksearchbox$OneSearchZeroStateGoogleSuggestions/default, zp) not found.
06-24 14:05:24.855  1239  2082 D OneSearchSuggestProvider: AppSearch 0-state cache not available, fallback to AGA
06-24 14:05:24.855  1239  2082 D OneSearchSuggestProvider: java.util.concurrent.CompletionException: java.util.NoSuchElementException: No value present
06-24 14:05:24.855  1239  2082 D OneSearchSuggestProvider: 	at java.util.concurrent.CompletableFuture.encodeThrowable(CompletableFuture.java:308)
06-24 14:05:24.855  1239  2082 D OneSearchSuggestProvider: 	at java.util.concurrent.CompletableFuture.completeThrowable(CompletableFuture.java:323)
06-24 14:05:24.855  1239  2082 D OneSearchSuggestProvider: 	at java.util.concurrent.CompletableFuture$UniAccept.tryFire(CompletableFuture.java:684)
06-24 14:05:24.855  1239  2082 D OneSearchSuggestProvider: 	at java.util.concurrent.CompletableFuture.postComplete(CompletableFuture.java:486)
06-24 14:05:24.855  1239  2082 D OneSearchSuggestProvider: 	at java.util.concurrent.CompletableFuture.completeExceptionally(CompletableFuture.java:2138)
06-24 14:05:24.855  1239  2082 D OneSearchSuggestProvider: 	at com.google.android.apps.nexuslauncher.allapps.E0.onResult(go/retraceme 2855a437b73635ce9cad76b9289087e631bbb67fc90008a0da13d343a00e5041:67)
06-24 14:05:24.855  1239  2082 D OneSearchSuggestProvider: 	at android.app.appsearch.SearchSessionUtil$1.lambda$onResult$0(go/retraceme 64eee9e9f568ff45978879ad2ff83146f2618ee8a88278736fbdf5fae931976e:144)
06-24 14:05:24.855  1239  2082 D OneSearchSuggestProvider: 	at android.app.appsearch.SearchSessionUtil$1.$r8$lambda$CEk3q8sDAQVhU3rQwVueB8FAj_M(go/retraceme 64eee9e9f568ff45978879ad2ff83146f2618ee8a88278736fbdf5fae931976e:1)
06-24 14:05:24.855  1239  2082 D OneSearchSuggestProvider: 	at android.app.appsearch.SearchSessionUtil$1$$ExternalSyntheticLambda0.run(go/retraceme 64eee9e9f568ff45978879ad2ff83146f2618ee8a88278736fbdf5fae931976e:22)
06-24 14:05:24.855  1239  2082 D OneSearchSuggestProvider: 	at android.os.Handler.handleCallback(Handler.java:959)
06-24 14:05:24.855  1239  2082 D OneSearchSuggestProvider: 	at android.os.Handler.dispatchMessage(Handler.java:100)
06-24 14:05:24.855  1239  2082 D OneSearchSuggestProvider: 	at android.os.Looper.loopOnce(Looper.java:232)
06-24 14:05:24.855  1239  2082 D OneSearchSuggestProvider: 	at android.os.Looper.loop(Looper.java:317)
06-24 14:05:24.855  1239  2082 D OneSearchSuggestProvider: 	at android.os.HandlerThread.run(HandlerThread.java:85)
06-24 14:05:24.855  1239  2082 D OneSearchSuggestProvider: Caused by: java.util.NoSuchElementException: No value present
06-24 14:05:24.855  1239  2082 D OneSearchSuggestProvider: 	at java.util.Optional.get(Optional.java:143)
06-24 14:05:24.855  1239  2082 D OneSearchSuggestProvider: 	at com.google.android.apps.nexuslauncher.allapps.E0.onResult(go/retraceme 2855a437b73635ce9cad76b9289087e631bbb67fc90008a0da13d343a00e5041:28)
06-24 14:05:24.855  1239  2082 D OneSearchSuggestProvider: 	... 8 more
06-24 14:05:24.855  1239  2082 D OneSearchSuggestProvider: Created the binder channel successfully for end point service =com.google.android.apps.search.googleapp.search.suggest.plugins.onesearch.server.OneSearchSuggestService , mChannel=i1{delegate=f{logId=213, target=directaddress:///AndroidComponentAddress%5BIntent%20%7B%20act=grpc.io.action.BIND%20cmp=com.google.android.googlequicksearchbox/com.google.android.apps.search.googleapp.search.suggest.plugins.onesearch.server.OneSearchSuggestService%20%7D%5D}} , mOneSearchConnection=l2.Z@5aeef01
06-24 14:05:24.856  1239  1239 D BaseDepthController: setSurface:
06-24 14:05:24.856  1239  1239 D BaseDepthController: 	mWaitingOnSurfaceValidity: false
06-24 14:05:24.856  1239  1239 D BaseDepthController: 	mSurface: Surface(name=com.google.android.apps.nexuslauncher/com.google.android.apps.nexuslauncher.NexusLauncherActivity)/@0xa9cf4ae
06-24 14:05:24.861  1239  1239 D SsBaseTemplateCard: No text view can be set up
06-24 14:05:24.861  1239  1239 D SsBaseTemplateCard: Passed-in item info is null
06-24 14:05:24.861  1239  1239 D SsBaseTemplateCard: Passed-in item info is null
06-24 14:05:24.861  1239  1239 D SsBaseTemplateCard: Passed-in item info is null
06-24 14:05:24.861  1239  1239 I SsBaseTemplateCard: Secondary card pane is null
06-24 14:05:24.862  7368  7368 I A       : (REDACTED) Created gRPC endpoint for service %s
06-24 14:05:24.868  1239  1239 D StateManager: createAtomicAnimation - fromState: Background, toState: Normal, partial trace:
06-24 14:05:24.868  1239  1239 D StateManager: 	at com.android.quickstep.util.WorkspaceRevealAnim.prepareToAnimate(go/retraceme 2855a437b73635ce9cad76b9289087e631bbb67fc90008a0da13d343a00e5041:22)
06-24 14:05:24.868  1239  1239 D StateManager: 	at com.android.quickstep.util.WorkspaceRevealAnim.<init>(go/retraceme 2855a437b73635ce9cad76b9289087e631bbb67fc90008a0da13d343a00e5041:11)
06-24 14:05:24.868  1239  1239 D StateManager: 	at com.android.launcher3.QuickstepTransitionManager.createWallpaperOpenAnimations(go/retraceme 2855a437b73635ce9cad76b9289087e631bbb67fc90008a0da13d343a00e5041:735)
06-24 14:05:24.886   387   387 I RanchuHwc: logCompositionFallbackIfChanged: layer 488 CompositionType fallback from 2 to 1
06-24 14:05:24.886   387   387 I RanchuHwc: logCompositionFallbackIfChanged: layer 485 CompositionType fallback from 2 to 1
06-24 14:05:24.886   387   387 I RanchuHwc: logCompositionFallbackIfChanged: layer 486 CompositionType fallback from 3 to 1
06-24 14:05:24.886   387   387 I RanchuHwc: logCompositionFallbackIfChanged: layer 489 CompositionType fallback from 2 to 1
06-24 14:05:24.886   387   387 I RanchuHwc: logCompositionFallbackIfChanged: layer 490 CompositionType fallback from 2 to 1
06-24 14:05:24.886  1239  1239 D SearchTargetUtil: queryLength=0 size=15
06-24 14:05:24.887  1239  1239 D SearchTargetUtil: layoutType=short_icon_row resultType=131072 packageName=com.google.android.googlequicksearchbox extras=Bundle{suggestion_type=33,suggest_truncate_start=false,is_answer=false,is_entity=false,is_personal=false,suggest_raw_text=benson boone american heart album review,input_query=android.app.search.Query@356118c,group_id=web7396655,response_id=7ed4d4a8-2f19-4225-b056-e7ed96b18fb4,support_query_builder=false,} searchAction=benson boone american heart album review searchActionExtras=Bundle{learn_more_url=https://support.google.com/websearch/answer/106230?hl=106230,suggestion_action_text=Report this,should_start_for_result=true,allow_pinning=true,skip_logging_in_target_handler=true,suggestion_action_rpc=2,}ParentID: null targetID: b0a9be85-0bc1-429c-a2ac-aa407036ffa6
06-24 14:05:24.887  1239  1239 D SearchTargetUtil: layoutType=short_icon_row resultType=131072 packageName=com.google.android.googlequicksearchbox extras=Bundle{suggestion_type=33,suggest_truncate_start=false,is_answer=false,is_entity=false,is_personal=false,suggest_raw_text=inter miami fifa club world cup,input_query=android.app.search.Query@356118c,group_id=web7396655,response_id=7ed4d4a8-2f19-4225-b056-e7ed96b18fb4,support_query_builder=false,} searchAction=inter miami fifa club world cup searchActionExtras=Bundle{learn_more_url=https://support.google.com/websearch/answer/106230?hl=106230,suggestion_action_text=Report this,should_start_for_result=true,allow_pinning=true,skip_logging_in_target_handler=true,suggestion_action_rpc=2,}ParentID: null targetID: ac0c8942-922e-438a-81ae-7a98752323ab
06-24 14:05:24.887  1239  1239 D SearchTargetUtil: layoutType=short_icon_row resultType=131072 packageName=com.google.android.googlequicksearchbox extras=Bundle{suggestion_type=33,suggest_truncate_start=false,is_answer=false,is_entity=false,is_personal=false,suggest_raw_text=morrissey cancels concert,input_query=android.app.search.Query@356118c,group_id=web7396655,response_id=7ed4d4a8-2f19-4225-b056-e7ed96b18fb4,support_query_builder=false,} searchAction=morrissey cancels concert searchActionExtras=Bundle{learn_more_url=https://support.google.com/websearch/answer/106230?hl=106230,suggestion_action_text=Report this,should_start_for_result=true,allow_pinning=true,skip_logging_in_target_handler=true,suggestion_action_rpc=2,}ParentID: null targetID: c9c77f7c-252d-4b97-84ee-4c109a6bb6a6
06-24 14:05:24.887  1239  1239 D SearchTargetUtil: layoutType=short_icon_row resultType=131072 packageName=com.google.android.googlequicksearchbox extras=Bundle{suggestion_type=33,suggest_truncate_start=false,is_answer=false,is_entity=false,is_personal=false,suggest_raw_text=paramount+ showtime rebranding,input_query=android.app.search.Query@356118c,group_id=web7396655,response_id=7ed4d4a8-2f19-4225-b056-e7ed96b18fb4,support_query_builder=false,} searchAction=paramount+ showtime rebranding searchActionExtras=Bundle{learn_more_url=https://support.google.com/websearch/answer/106230?hl=106230,suggestion_action_text=Report this,should_start_for_result=true,allow_pinning=true,skip_logging_in_target_handler=true,suggestion_action_rpc=2,}ParentID: null targetID: 603bc843-0bbd-4ef3-bdf5-13314916b4f6
06-24 14:05:24.887  1239  1239 D SearchTargetUtil: layoutType=short_icon_row resultType=131072 packageName=com.google.android.googlequicksearchbox extras=Bundle{suggestion_type=33,suggest_truncate_start=false,is_answer=false,is_entity=false,is_personal=false,suggest_raw_text=kroger stores closing,input_query=android.app.search.Query@356118c,group_id=web7396655,response_id=7ed4d4a8-2f19-4225-b056-e7ed96b18fb4,support_query_builder=false,} searchAction=kroger stores closing searchActionExtras=Bundle{learn_more_url=https://support.google.com/websearch/answer/106230?hl=106230,suggestion_action_text=Report this,should_start_for_result=true,allow_pinning=true,skip_logging_in_target_handler=true,suggestion_action_rpc=2,}ParentID: null targetID: 6ba05ea9-c47e-4c0d-b2cd-2eeb2bb44bf9
06-24 14:05:24.887  1239  1239 D SearchTargetUtil: layoutType=extra_tall_icon_row resultType=131072 packageName=com.google.android.googlequicksearchbox extras=Bundle{bitmap_url=data:image/jpeg;base64,/9j/4AAQSkZJRgABAQAAAQABAAD/2wCEAAkGBwgHBgkIBwgKCgkLDRYPDQwMDRsUFRAWIB0iIiAdHx8kKDQsJCYxJx8fLT0tMTU3Ojo6Iys/RD84QzQ5OjcBCgoKDQwNGg8PGjclHyU3Nzc3Nzc3Nzc3Nzc3Nzc3Nzc3Nzc3Nzc3Nzc3Nzc3Nzc3Nzc3Nzc3Nzc3Nzc3Nzc3N//AABEIAHwAfAMBIgACEQEDEQH/xAAcAAACAwEBAQEAAAAAAAAAAAAFBgMEBwIBAAj/xAA9EAACAQMCBAQDBgIJBQEAAAABAgMABBEFIQYSMUETIlFhcYGRBxRCobHBIzIVM1KCotHh8PEkYnJzwiX/xAAZAQADAQEBAAAAAAAAAAAAAAABAgMABAX/xAAnEQACAgICAAUEAwAAAAAAAAAAAQIRAyESMQQiQeHwBVFhcROBkf/aAAwDAQACEQMRAD8A1KzvLa8TME8Mp7+G4OKs4r866TxJf6HJm35om6b9PpTppX2qOkAF/EJmB3cYUn6bUwKNYFfcwHU0m6Nx/YapKIyngE9DJIADTXGySqGjYMD3BrAJi9eZrkLXu9Ax7XnyrwnAJOwFDZNRlLkW8IKD8T7ZoOSXY0YuXQlfbbCzaHZywhfFErArjzMvIT19j2/7qVpRbyQrpLzGPTtIs1Mr+IUD3UnKQ2em3Nj26dDWhcQ2llrsccGtaaLiOMkpiRgUyNyOUg0ncT8H+DaxR6Szm1nvI5boSsHKIFx/eXZdj3/KWTzLTKKLi9iJrWl3vD9ykdwOaGcFo5V6Pg4IPuPSqcAtzdRSgEkOOdNwOXO49tvSinEV1qllYWuianByR2xLWsp7oewP+yOnpS9CeQnqB8apjbcdsSWmbFd3Fvqg0/TOGuJNN0vT5AB4VuhSfnG+D/a3xkbH1zU32S2Ktqus38uPHj5YeUdBzElvzUD5VlXDN39312xuJmwsNzHK59FVwWPw5c5py+y2fUZdSv57LldWRMqZeQLuc5XuenyJpMcODaNKXI3Df4VC17aKcPeW6kdjKo/elaW01e6MsVw1pHbPlSDlmdD64xyn64qnBwhbGPmujb+KSS3hxnl9urZ6VSxTMzNHMCJkBPTpVSewhkH8I8p9qhjnEuG79qsq3k360EyjQPeC6gG2WX29KYeE+M73QblV5i9uxAeJ99vb0NUI5VdhzLkdc1FNFEx8ygqPqKNi0b3o3Eema0iGxuo2lYZ8EsA4/u0V3HWvzKFmt357KZ0Ofwtg0x6L9o2t6SRFO5uYx+GQ/v1oi0bRrF4LSFFyOaU8oycUFluhGuZJlB7YOc1nHEv2g6rrUMCWFmiFASzRq7HPpt8vWvtR0rXbvhaxuIp2hvXy88Yfw8Kfc7jHx71HInfZ04WlHoffv8ci+V1YA+ZkbJFXWMV/AyqxCPHjmHoRWd8Jabq9g8kt/dZRwByklz9T0+VMMkp5f4HixvzqOePOcHrt0qakouisoOaT6ESbiZoBPouv2pv7S3leJZpADICGIyezfHY0p6qLWK+f+jpBJZthoxvlfUHO+Qc/lWyraWT3T2Ou6fZ3X3mESxzlAjEnqC3qCD123HTc0Lfh3QJbe4tbrQopzGP+jubUtC8gKqQHxt1dRzYx7dAa44KLtKiE0+uzJUnC5wRuMbntTFwLrk+ja4s1pyr46mGRJFLIQSDkehBA/OmS4+zKBpZk0e/kR4nC+Hfcp5iQpADoevnUfy9SKFLw/qegahbPqtj4UZnCpLEwZCcZ3+lWeiDG1eMtdeRF5YkDMASsHTOPXPrVY8YcQk58dx7eFGP2qrFZWgMRVnJBXqPh/lVcaZFje6/w/wCtLoWxHguTGRj50SSctj1oKpD9Dg1NFMUYZoFwwk5H7VOkysN+poWjgjfpUyvjfrisAulebdOvcVG8LSg5GTjbNdROHww6/rVqNV5ck/KtZqItISewupJbcbshUA9j7Uah1SOOZTdXzCMDzQSXITt/ZzzEfLFDnnFugwA8smREh6e7H2H60XsmieNWL2aONm8aIMw+Bx0qUquzoxWlVnEF281y72xkjtTnlDAgE+2aNafez3LmCE+c+TAGSc9qo6hc2xROSUSODuQMCm7grR0sFfWb8eEAhdEbbkXG7N6bdqnGPOWik58I7AVzxFHd2pZSoaylWW2kGxdM7g++M49fj1Oas8bLNcALzpEzK2BkFRkEfD0+lZQNREl3NMnlWSRnUHpgkkD86ZtP1bxrJ4Z3k5gB1XmDJnfON8gZ9f3rtklRwRltWO8MKZFwrOkpw7IuACcLjoNweVR17Ch3FjtfvpllFOqzvIJhk45sDHyzk0IPFmmRE+NqMIYDmKDyk5645sde49dxih15qdtqkgvLxpI7FF5bZ4YVmaRuhJDYwuB8Pep5ZJRN26Da8M30ZEklzbhQcn+N2+ldnhe/7zW2f/ef8qX7C60621GDToZ9OmiuhyxXVrAIWR9iFkQbYJx8987V1dwW8k7C8s4HlTyHxIVYrjtuKSOVSdDPFWxH4g4X1Th4JLeLG9u7cqzRNkZ9x1HUUJVs71qfEKJe6baKbc3HPbtlF6gssB39P5T8xWa6rp02lXQhmKkMvMpU5+XxFNa6Ck6s9herccgI3OTQpGwKuWyTTAtDGzKOrdFHxJ2HzrBWy8HCDmXpVuCYCPxpQRF+Fc4Mh9vb3/2BiSQwHBYXEpP8q58NT7n8X6e5qRTLPL4kjEn37fCh2NpdliS6PitK+GmbbYbKOwFGOELW11m7v7S+cI33JpYZG/A4ZQNu/U7fGlYseZx38Q0y8FwN497d5IjjQRZA7nf9M1aMVVEJSd2OuhcLJpzQ3OpSR3EvKGjhi3UZ3z71T+0fiq4hsv6FgxG1yuZvUR56f3sfTPrR3Rry303h+TUNRn5kiVmz1IA6IPXtj4isd1O/n1TUbi+uj/FncsQDso7KPYDA+VNxUdG5uW2RqdqvWl48DBlYjFDV5ubc+XsK7L+lAAbgWzkkeQxojHzeWPJJojwnqtsmuNZyoLm1vlaMrcQLmM4JAG52PQ+u3pSotyydDjFSW16Y9Qt70rl4JkkIG3OAQSPjtXP4jD/JjlFeqK4p8JJsctX0vRtWivP6CXwNSseZpoFiZA4BIOB0yCNiP3BorpNqvFOnQal43JccgiuMfikXbm+Y5T86n0vTNNm1deJLDUGIuAeaLblORgg9wcgHHqKQL/UXsNUv4dJuZI7Q3DlAuw/42wPYCvF8NKea8eKTTjW36X3F/wB9HoZYxx+eaVP7ev2ZdjmaZ18LUrMnGRG0jAHI7jGD1/3tXN1YXF1EYrhbJUBxgRFSMHqMY6/mKH3t3PZzNcQXLeMw5GYbZxtRHg+8++6j4Wor48HV+YkHHfcEGvYjGtHNkbFm6kawumhFtEkkZyG5Ac+hGc1Xub25u3zcTSSHtzNnHw9KbOPrfSVn5dMiZGVQ6sZC2Qeo3+tJijcVTikyPNtFq1XJoxbqDih1quB0ojE3hr1wBvmiAHspSVweoc/rTrwJb82iXkhz/FusfRR/rSXI3M7N6mnjhu+TSeClvJRkh5GC/wBpixA/arQIzKfHWq4jh0WBsRxeecDux6L9MH5j0pQ6DJrqaV7iaSeduaSRizNjqTua536n6Vm7ClR4CRknv2r7m2qN5PNyivC3QepoBPS3aukPpUTsq9Oteof+7PwoGGbTNN06eBkRJLic4JXIORj8Ixn4kZ79Kil0u1cjEGowEbFI7cyjOT+IGo7G0e40+NzCGiyfNJIAu23fA2rs3RhCxxXlqiKNlWePA3/8q4fNydS+fPweu1CWJeRL589SnewPDYvcSJzIJCAp6YHKD+ZNMGgadbwxzT3cNxHGgGHt+VlIG5yD5s9N6GJMl5w8kLHLB51b1BY5
06-24 14:05:24.889  1239  1239 D SearchTargetUtil: layoutType=short_icon_row resultType=131072 packageName=com.google.android.googlequicksearchbox extras=Bundle{suggestion_type=33,suggest_truncate_start=false,is_answer=false,is_entity=false,is_personal=false,suggest_raw_text=nascar 23xi racing lawsuit,input_query=android.app.search.Query@356118c,group_id=web7396655,response_id=7ed4d4a8-2f19-4225-b056-e7ed96b18fb4,support_query_builder=false,} searchAction=nascar 23xi racing lawsuit searchActionExtras=Bundle{learn_more_url=https://support.google.com/websearch/answer/106230?hl=106230,suggestion_action_text=Report this,should_start_for_result=true,allow_pinning=true,skip_logging_in_target_handler=true,suggestion_action_rpc=2,}ParentID: null targetID: 4fcb8df8-2f4b-4aaf-b6b5-43be1d5229e6
06-24 14:05:24.889  1239  1239 D SearchTargetUtil: layoutType=short_icon_row resultType=131072 packageName=com.google.android.googlequicksearchbox extras=Bundle{suggestion_type=33,suggest_truncate_start=false,is_answer=false,is_entity=false,is_personal=false,suggest_raw_text=red lobster seafood boils,input_query=android.app.search.Query@356118c,group_id=web7396655,response_id=7ed4d4a8-2f19-4225-b056-e7ed96b18fb4,support_query_builder=false,} searchAction=red lobster seafood boils searchActionExtras=Bundle{learn_more_url=https://support.google.com/websearch/answer/106230?hl=106230,suggestion_action_text=Report this,should_start_for_result=true,allow_pinning=true,skip_logging_in_target_handler=true,suggestion_action_rpc=2,}ParentID: null targetID: e4bf1a24-b59d-4e10-af22-fb374e99c64d
06-24 14:05:24.889  1239  1239 D SearchTargetUtil: layoutType=short_icon_row resultType=131072 packageName=com.google.android.googlequicksearchbox extras=Bundle{suggestion_type=33,suggest_truncate_start=false,is_answer=false,is_entity=false,is_personal=false,suggest_raw_text=alpha zombies,input_query=android.app.search.Query@356118c,group_id=web7396655,response_id=7ed4d4a8-2f19-4225-b056-e7ed96b18fb4,support_query_builder=false,} searchAction=alpha zombies searchActionExtras=Bundle{learn_more_url=https://support.google.com/websearch/answer/106230?hl=106230,suggestion_action_text=Report this,should_start_for_result=true,allow_pinning=true,skip_logging_in_target_handler=true,suggestion_action_rpc=2,}ParentID: null targetID: cf859642-195b-4f52-8109-a0a6ce84964a
06-24 14:05:24.889  1239  1239 D SearchTargetUtil: layoutType=short_icon_row resultType=131072 packageName=com.google.android.googlequicksearchbox extras=Bundle{suggestion_type=33,suggest_truncate_start=false,is_answer=false,is_entity=false,is_personal=false,suggest_raw_text=madison woodmans roof collapse,input_query=android.app.search.Query@356118c,group_id=web7396655,response_id=7ed4d4a8-2f19-4225-b056-e7ed96b18fb4,support_query_builder=false,} searchAction=madison woodmans roof collapse searchActionExtras=Bundle{learn_more_url=https://support.google.com/websearch/answer/106230?hl=106230,suggestion_action_text=Report this,should_start_for_result=true,allow_pinning=true,skip_logging_in_target_handler=true,suggestion_action_rpc=2,}ParentID: null targetID: 87639386-db33-4b0c-b7f0-78173c15469c
06-24 14:05:24.889  1239  1239 D SearchTargetUtil: layoutType=short_icon_row resultType=131072 packageName=com.google.android.googlequicksearchbox extras=Bundle{suggestion_type=33,suggest_truncate_start=false,is_answer=false,is_entity=false,is_personal=false,suggest_raw_text=chinese satellite pulverizes starlink,input_query=android.app.search.Query@356118c,group_id=web7396655,response_id=7ed4d4a8-2f19-4225-b056-e7ed96b18fb4,support_query_builder=false,} searchAction=chinese satellite pulverizes starlink searchActionExtras=Bundle{learn_more_url=https://support.google.com/websearch/answer/106230?hl=106230,suggestion_action_text=Report this,should_start_for_result=true,allow_pinning=true,skip_logging_in_target_handler=true,suggestion_action_rpc=2,}ParentID: null targetID: 03cd7457-e544-40ca-83f4-e017d51485aa
06-24 14:05:24.889  1239  1239 D SearchTargetUtil: layoutType=short_icon_row resultType=131072 packageName=com.google.android.googlequicksearchbox extras=Bundle{suggestion_type=33,suggest_truncate_start=false,is_answer=false,is_entity=false,is_personal=false,suggest_raw_text=samsung galaxy z fold 7,input_query=android.app.search.Query@356118c,group_id=web7396655,response_id=7ed4d4a8-2f19-4225-b056-e7ed96b18fb4,support_query_builder=false,} searchAction=samsung galaxy z fold 7 searchActionExtras=Bundle{learn_more_url=https://support.google.com/websearch/answer/106230?hl=106230,suggestion_action_text=Report this,should_start_for_result=true,allow_pinning=true,skip_logging_in_target_handler=true,suggestion_action_rpc=2,}ParentID: null targetID: e3b0b147-01b6-4d6d-bb87-efc1dfc46159
06-24 14:05:24.889  1239  1239 D SearchTargetUtil: layoutType=short_icon_row resultType=131072 packageName=com.google.android.googlequicksearchbox extras=Bundle{suggestion_type=33,suggest_truncate_start=false,is_answer=false,is_entity=false,is_personal=false,suggest_raw_text=inert grenade tsa detroit airport,input_query=android.app.search.Query@356118c,group_id=web7396655,response_id=7ed4d4a8-2f19-4225-b056-e7ed96b18fb4,support_query_builder=false,} searchAction=inert grenade tsa detroit airport searchActionExtras=Bundle{learn_more_url=https://support.google.com/websearch/answer/106230?hl=106230,suggestion_action_text=Report this,should_start_for_result=true,allow_pinning=true,skip_logging_in_target_handler=true,suggestion_action_rpc=2,}ParentID: null targetID: b217ad35-92f3-4865-a658-b37f99be0a96
06-24 14:05:24.889  1239  1239 D SearchTargetUtil: layoutType=short_icon_row resultType=131072 packageName=com.google.android.googlequicksearchbox extras=Bundle{suggestion_type=33,suggest_truncate_start=false,is_answer=false,is_entity=false,is_personal=false,suggest_raw_text=nyt crossword answers,input_query=android.app.search.Query@356118c,group_id=web7396655,response_id=7ed4d4a8-2f19-4225-b056-e7ed96b18fb4,support_query_builder=false,} searchAction=nyt crossword answers searchActionExtras=Bundle{learn_more_url=https://support.google.com/websearch/answer/106230?hl=106230,suggestion_action_text=Report this,should_start_for_result=true,allow_pinning=true,skip_logging_in_target_handler=true,suggestion_action_rpc=2,}ParentID: null targetID: 0352cce5-f773-4d40-a9ea-ac1f95742303
06-24 14:05:24.889  1239  1239 D SearchTargetUtil: layoutType=short_icon_row resultType=131072 packageName=com.google.android.googlequicksearchbox extras=Bundle{suggestion_type=33,suggest_truncate_start=false,is_answer=false,is_entity=false,is_personal=false,suggest_raw_text=south carolina driver's license redesign,input_query=android.app.search.Query@356118c,group_id=web7396655,response_id=7ed4d4a8-2f19-4225-b056-e7ed96b18fb4,support_query_builder=false,} searchAction=south carolina driver's license redesign searchActionExtras=Bundle{learn_more_url=https://support.google.com/websearch/answer/106230?hl=106230,suggestion_action_text=Report this,should_start_for_result=true,allow_pinning=true,skip_logging_in_target_handler=true,suggestion_action_rpc=2,}ParentID: null targetID: 7a150bc0-ed61-41c5-ab15-8238fa9026eb
06-24 14:05:24.902   387   387 I RanchuHwc: logCompositionFallbackIfChanged: layer 491 CompositionType fallback from 3 to 1
06-24 14:05:25.222 12832 12832 D VRI[ComponentActivity]: visibilityChanged oldVisibility=true newVisibility=false
06-24 14:05:25.241 12832 12832 D LifecycleMonitor: Lifecycle status change: androidx.activity.ComponentActivity@d877d4c in: STOPPED
06-24 14:05:25.241 12832 12832 V ActivityScenario: Update currentActivityStage to STOPPED, currentActivity=androidx.activity.ComponentActivity@d877d4c
06-24 14:05:25.253 12832 12832 D LifecycleMonitor: Lifecycle status change: androidx.activity.ComponentActivity@d877d4c in: DESTROYED
06-24 14:05:25.253 12832 12832 V ActivityScenario: Update currentActivityStage to DESTROYED, currentActivity=null
06-24 14:05:25.253 12832 12832 W WindowOnBackDispatcher: sendCancelIfRunning: isInProgress=false callback=android.view.ViewRootImpl$$ExternalSyntheticLambda11@5eada12
06-24 14:05:25.256   580  1792 W InputManager-JNI: Input channel object '1cffd16 com.example.ud1_modularization_example_2.feature.pokedex.test/androidx.activity.ComponentActivity (client)' was disposed without first being removed with the input manager!
06-24 14:05:25.258   580   600 W InputManager-JNI: Input channel object 'Letterbox_fullWindow_ActivityRecord{18e7f8a u0 com.example.ud1_modularization_example_2.feature.pokedex.test/androidx.activity.ComponentActivity t57} (client)' was disposed without first being removed with the input manager!
06-24 14:05:25.259 12832 12832 D LifecycleMonitor: Lifecycle status change: androidx.test.core.app.InstrumentationActivityInvoker$EmptyActivity@39df805 in: STOPPED
06-24 14:05:25.262 12832 12832 D LifecycleMonitor: Lifecycle status change: androidx.test.core.app.InstrumentationActivityInvoker$EmptyActivity@39df805 in: DESTROYED
06-24 14:05:25.262 12832 12832 W WindowOnBackDispatcher: sendCancelIfRunning: isInProgress=false callback=android.view.ViewRootImpl$$ExternalSyntheticLambda11@d020803
06-24 14:05:25.264   580  1792 W InputManager-JNI: Input channel object '8b2f362 com.example.ud1_modularization_example_2.feature.pokedex.test/androidx.test.core.app.InstrumentationActivityInvoker$EmptyActivity (client)' was disposed without first being removed with the input manager!
06-24 14:05:25.266   580   600 W InputManager-JNI: Input channel object 'Letterbox_fullWindow_ActivityRecord{9b3be76 u0 com.example.ud1_modularization_example_2.feature.pokedex.test/androidx.test.core.app.InstrumentationActivityInvoker$EmptyActivity t57} (client)' was disposed without first being removed with the input manager!
06-24 14:05:25.269  1239  1239 I TopTaskTracker: onTaskRemoved: taskId=57
06-24 14:05:25.269  1239  1239 I TopTaskTracker: onTaskRemoved: taskId=57
06-24 14:05:25.273 12832 12872 D IdlingRegistry: Unregistering idling resources: [androidx.compose.ui.test.EspressoLink@30d2e8f]
06-24 14:05:25.273 12832 12872 I TestRunner: finished: pokedexScreen_displaysPokemonIds_whenDataLoaded(com.example.ud1_modularization_example_2.feature.pokedex.PokedexScreenTest)
