06-24 14:05:27.005 12832 12872 I TestRunner: started: pokedexScreen_searchIsCaseInsensitive(com.example.ud1_modularization_example_2.feature.pokedex.PokedexScreenTest)
06-24 14:05:27.006  1239  1239 I TopTaskTracker: onTaskRemoved: taskId=59
06-24 14:05:27.006  1239  1239 I TopTaskTracker: onTaskRemoved: taskId=59
06-24 14:05:27.007 12832 12872 D IdlingRegistry: Registering idling resources: [androidx.compose.ui.test.EspressoLink@321d93f]
06-24 14:05:27.009 12832 12872 W Settings: Setting always_finish_activities has moved from android.provider.Settings.System to android.provider.Settings.Global, returning read-only value.
06-24 14:05:27.011   580  3138 V GrammaticalInflectionUtils: AttributionSource: android.content.AttributionSource@9069dcd0 does not have READ_SYSTEM_GRAMMATICAL_GENDER permission.
06-24 14:05:27.016  1239  1239 W SplitSelectStateCtor: Missing session instanceIds
06-24 14:05:27.016  1239  1239 D StatsLog: LAUNCHER_SPLIT_SELECTION_EXIT_INTERRUPTED
06-24 14:05:27.018   580   600 W WindowOnBackDispatcher: sendCancelIfRunning: isInProgress=false callback=android.view.ViewRootImpl$$ExternalSyntheticLambda11@1e3a100
06-24 14:05:27.019   414   414 I BpBinder: onLastStrongRef automatically unlinking death recipients:
06-24 14:05:27.020  1239  1239 I TopTaskTracker: onTaskMovedToFront: (moved taskInfo to front) taskId=60, baseIntent=Intent { act=android.intent.action.MAIN cat=[android.intent.category.LAUNCHER] flg=0x10008000 cmp=com.example.ud1_modularization_example_2.feature.pokedex.test/androidx.activity.ComponentActivity }
06-24 14:05:27.024   580   600 W InputManager-JNI: Input channel object 'd0f1f85 DeprecatedTargetSdkVersionDialog (client)' was disposed without first being removed with the input manager!
06-24 14:05:27.029 12832 12832 D LifecycleMonitor: Lifecycle status change: androidx.activity.ComponentActivity@997d7c2 in: PRE_ON_CREATE
06-24 14:05:27.029 12832 12832 V ActivityScenario: Activity lifecycle changed event received but ignored because the reported transition was not ON_CREATE while the last known transition was PRE_ON_CREATE
06-24 14:05:27.034 12832 12832 D LifecycleMonitor: Lifecycle status change: androidx.activity.ComponentActivity@997d7c2 in: CREATED
06-24 14:05:27.034 12832 12832 V ActivityScenario: Update currentActivityStage to CREATED, currentActivity=androidx.activity.ComponentActivity@997d7c2
06-24 14:05:27.034 12832 12832 D LifecycleMonitor: Lifecycle status change: androidx.activity.ComponentActivity@997d7c2 in: STARTED
06-24 14:05:27.034 12832 12832 V ActivityScenario: Update currentActivityStage to STARTED, currentActivity=androidx.activity.ComponentActivity@997d7c2
06-24 14:05:27.035 12832 12832 D LifecycleMonitor: Lifecycle status change: androidx.activity.ComponentActivity@997d7c2 in: RESUMED
06-24 14:05:27.035 12832 12832 V ActivityScenario: Update currentActivityStage to RESUMED, currentActivity=androidx.activity.ComponentActivity@997d7c2
06-24 14:05:27.065   580   599 W ziparchive: Unable to open '/data/app/~~-mWJtftXxdZ7r57Kw54WNQ==/com.example.ud1_modularization_example_2.feature.pokedex.test-ZpFtPZS3_rKuy1dCp76tBw==/base.dm': No such file or directory
06-24 14:05:27.066   580   599 I ActivityTaskManager: Displayed com.example.ud1_modularization_example_2.feature.pokedex.test/androidx.activity.ComponentActivity for user 0: +54ms
06-24 14:05:27.266  1239  1246 W System  : A resource failed to call release.
06-24 14:05:27.266  1239  1246 W System  : A resource failed to call release.
06-24 14:05:27.266  1239  1246 W System  : A resource failed to call release.
06-24 14:05:27.266  1239  1246 W System  : A resource failed to call release.
06-24 14:05:27.266  1239  1246 W System  : A resource failed to call release.
06-24 14:05:27.266  1239  1246 W System  : A resource failed to call release.
06-24 14:05:27.266  1239  1246 W System  : A resource failed to call release.
06-24 14:05:27.266  1239  1246 W System  : A resource failed to call release.
06-24 14:05:27.266  1239  1246 W System  : A resource failed to call release.
06-24 14:05:27.266  1239  1246 W System  : A resource failed to call release.
06-24 14:05:27.266  1239  1246 W System  : A resource failed to call release.
06-24 14:05:27.266  1239  1246 W System  : A resource failed to call release.
06-24 14:05:27.337  1239  1802 D EGL_emulation: app_time_stats: avg=19.37ms min=12.63ms max=133.73ms count=52
06-24 14:05:27.338  1239  1239 D VRI[NexusLauncherActivity]: visibilityChanged oldVisibility=true newVisibility=false
06-24 14:05:27.340   972  1043 W WindowOnBackDispatcher: sendCancelIfRunning: isInProgress=false callback=android.view.ViewRootImpl$$ExternalSyntheticLambda11@aabd7f2
06-24 14:05:27.340   580  1127 W InputManager-JNI: Input channel object '9a444c1 Splash Screen com.example.ud1_modularization_example_2.feature.pokedex.test (client)' was disposed without first being removed with the input manager!
06-24 14:05:27.353  1239  1239 D NexusLauncherModelDelegate: notifySmartspaceEvent: SmartspaceTargetEvent{mSmartspaceTarget=null, mSmartspaceActionId='null', mEventType=7}
06-24 14:05:27.356  1239  1239 D BaseDepthController: setSurface:
06-24 14:05:27.356  1239  1239 D BaseDepthController: 	mWaitingOnSurfaceValidity: false
06-24 14:05:27.356  1239  1239 D BaseDepthController: 	mSurface: null
06-24 14:05:27.356  1239  1239 D BaseDepthController: mSurface is null and mCurrentBlur is: 0
06-24 14:05:27.357  1239  1239 D StateManager: goToState - fromState: Normal, toState: Normal, partial trace:
06-24 14:05:27.357  1239  1239 D StateManager: 	at com.android.launcher3.statemanager.StateManager.moveToRestState(go/retraceme 2855a437b73635ce9cad76b9289087e631bbb67fc90008a0da13d343a00e5041:4)
06-24 14:05:27.357  1239  1239 D StateManager: 	at com.android.launcher3.statemanager.StateManager.moveToRestState(go/retraceme 2855a437b73635ce9cad76b9289087e631bbb67fc90008a0da13d343a00e5041:1)
06-24 14:05:27.357  1239  1239 D StateManager: 	at com.android.launcher3.statemanager.StatefulActivity.onStop(go/retraceme 2855a437b73635ce9cad76b9289087e631bbb67fc90008a0da13d343a00e5041:34)
06-24 14:05:27.357  1239  1239 D StatsLog: LAUNCHER_ONSTOP
06-24 14:05:27.357  1239  1239 D StatsLog: LAUNCHER_GOOGLE_SEARCH_RESTORE_LIST_SIZE_AFTER_ACTIVITY_RESTART
06-24 14:05:27.357  1239  2082 D OneSearchSuggestProvider: Shut down the binder channel
06-24 14:05:27.358  1239  1248 I IPCThreadState: oneway function results for code 2 on binder at 0xb4000071e056d960 will be dropped but finished with status UNKNOWN_TRANSACTION
06-24 14:05:27.410   580  1127 V GrammaticalInflectionUtils: AttributionSource: android.content.AttributionSource@9069dcd0 does not have READ_SYSTEM_GRAMMATICAL_GENDER permission.
06-24 14:05:27.413 12832 12832 D LifecycleMonitor: Lifecycle status change: androidx.activity.ComponentActivity@997d7c2 in: PAUSED
06-24 14:05:27.413 12832 12832 V ActivityScenario: Update currentActivityStage to PAUSED, currentActivity=androidx.activity.ComponentActivity@997d7c2
06-24 14:05:27.414   580   600 W WindowOnBackDispatcher: sendCancelIfRunning: isInProgress=false callback=android.view.ViewRootImpl$$ExternalSyntheticLambda11@4ccef9e
06-24 14:05:27.415 12832 12832 D LifecycleMonitor: Lifecycle status change: androidx.test.core.app.InstrumentationActivityInvoker$EmptyActivity@82f52b9 in: PRE_ON_CREATE
06-24 14:05:27.415 12832 12832 V ActivityScenario: Activity lifecycle changed event received but ignored because the intent does not match. startActivityIntent=Intent { act=android.intent.action.MAIN cat=[android.intent.category.LAUNCHER] flg=0x10008000 cmp=com.example.ud1_modularization_example_2.feature.pokedex.test/androidx.activity.ComponentActivity }, activity.getIntent()=Intent { act=android.intent.action.MAIN cat=[android.intent.category.LAUNCHER] flg=0x10000000 cmp=com.example.ud1_modularization_example_2.feature.pokedex.test/androidx.test.core.app.InstrumentationActivityInvoker$EmptyActivity }, activity=androidx.test.core.app.InstrumentationActivityInvoker$EmptyActivity@82f52b9
06-24 14:05:27.416   580   600 W InputManager-JNI: Input channel object 'f65421c DeprecatedTargetSdkVersionDialog (client)' was disposed without first being removed with the input manager!
06-24 14:05:27.418 12832 12832 D LifecycleMonitor: Lifecycle status change: androidx.test.core.app.InstrumentationActivityInvoker$EmptyActivity@82f52b9 in: CREATED
06-24 14:05:27.418 12832 12832 V ActivityScenario: Activity lifecycle changed event received but ignored because the intent does not match. startActivityIntent=Intent { act=android.intent.action.MAIN cat=[android.intent.category.LAUNCHER] flg=0x10008000 cmp=com.example.ud1_modularization_example_2.feature.pokedex.test/androidx.activity.ComponentActivity }, activity.getIntent()=Intent { act=android.intent.action.MAIN cat=[android.intent.category.LAUNCHER] flg=0x10000000 cmp=com.example.ud1_modularization_example_2.feature.pokedex.test/androidx.test.core.app.InstrumentationActivityInvoker$EmptyActivity }, activity=androidx.test.core.app.InstrumentationActivityInvoker$EmptyActivity@82f52b9
06-24 14:05:27.418 12832 12832 D LifecycleMonitor: Lifecycle status change: androidx.test.core.app.InstrumentationActivityInvoker$EmptyActivity@82f52b9 in: STARTED
06-24 14:05:27.418 12832 12832 V ActivityScenario: Activity lifecycle changed event received but ignored because the intent does not match. startActivityIntent=Intent { act=android.intent.action.MAIN cat=[android.intent.category.LAUNCHER] flg=0x10008000 cmp=com.example.ud1_modularization_example_2.feature.pokedex.test/androidx.activity.ComponentActivity }, activity.getIntent()=Intent { act=android.intent.action.MAIN cat=[android.intent.category.LAUNCHER] flg=0x10000000 cmp=com.example.ud1_modularization_example_2.feature.pokedex.test/androidx.test.core.app.InstrumentationActivityInvoker$EmptyActivity }, activity=androidx.test.core.app.InstrumentationActivityInvoker$EmptyActivity@82f52b9
06-24 14:05:27.419   414   414 I BpBinder: onLastStrongRef automatically unlinking death recipients:
06-24 14:05:27.421 12832 12832 D LifecycleMonitor: Lifecycle status change: androidx.test.core.app.InstrumentationActivityInvoker$EmptyActivity@82f52b9 in: RESUMED
06-24 14:05:27.422 12832 12832 V ActivityScenario: Activity lifecycle changed event received but ignored because the intent does not match. startActivityIntent=Intent { act=android.intent.action.MAIN cat=[android.intent.category.LAUNCHER] flg=0x10008000 cmp=com.example.ud1_modularization_example_2.feature.pokedex.test/androidx.activity.ComponentActivity }, activity.getIntent()=Intent { act=android.intent.action.MAIN cat=[android.intent.category.LAUNCHER] flg=0x10000000 cmp=com.example.ud1_modularization_example_2.feature.pokedex.test/androidx.test.core.app.InstrumentationActivityInvoker$EmptyActivity }, activity=androidx.test.core.app.InstrumentationActivityInvoker$EmptyActivity@82f52b9
06-24 14:05:27.442   580   599 I ActivityTaskManager: Displayed com.example.ud1_modularization_example_2.feature.pokedex.test/androidx.test.core.app.InstrumentationActivityInvoker$EmptyActivity for user 0: +31ms
06-24 14:05:27.444  1239  1239 I TopTaskTracker: onTaskMovedToFront: (moved taskInfo to front) taskId=7, baseIntent=Intent { act=android.intent.action.MAIN cat=[android.intent.category.HOME] flg=0x10000100 cmp=com.google.android.apps.nexuslauncher/.NexusLauncherActivity }
06-24 14:05:27.446 12832 12832 D LifecycleMonitor: Lifecycle status change: androidx.test.core.app.InstrumentationActivityInvoker$EmptyActivity@82f52b9 in: PAUSED
06-24 14:05:27.446 12832 12832 V ActivityScenario: Activity lifecycle changed event received but ignored because the intent does not match. startActivityIntent=Intent { act=android.intent.action.MAIN cat=[android.intent.category.LAUNCHER] flg=0x10008000 cmp=com.example.ud1_modularization_example_2.feature.pokedex.test/androidx.activity.ComponentActivity }, activity.getIntent()=Intent { act=android.intent.action.MAIN cat=[android.intent.category.LAUNCHER] flg=0x10000000 cmp=com.example.ud1_modularization_example_2.feature.pokedex.test/androidx.test.core.app.InstrumentationActivityInvoker$EmptyActivity }, activity=androidx.test.core.app.InstrumentationActivityInvoker$EmptyActivity@82f52b9
06-24 14:05:27.447 12832 12832 D VRI[ComponentActivity]: visibilityChanged oldVisibility=true newVisibility=false
06-24 14:05:27.448  1239  1239 D StatsLog: LAUNCHER_ONRESUME
06-24 14:05:27.449   580  1683 W AppSearchIcing: icing-search-engine.cc:321: Error: 5, Message: Document (com.google.android.googlequicksearchbox$OneSearchZeroStateGoogleSuggestions/default, zp) not found.
06-24 14:05:27.450  1239  2082 D OneSearchSuggestProvider: AppSearch 0-state cache not available, fallback to AGA
06-24 14:05:27.450  1239  2082 D OneSearchSuggestProvider: java.util.concurrent.CompletionException: java.util.NoSuchElementException: No value present
06-24 14:05:27.450  1239  2082 D OneSearchSuggestProvider: 	at java.util.concurrent.CompletableFuture.encodeThrowable(CompletableFuture.java:308)
06-24 14:05:27.450  1239  2082 D OneSearchSuggestProvider: 	at java.util.concurrent.CompletableFuture.completeThrowable(CompletableFuture.java:323)
06-24 14:05:27.450  1239  2082 D OneSearchSuggestProvider: 	at java.util.concurrent.CompletableFuture$UniAccept.tryFire(CompletableFuture.java:684)
06-24 14:05:27.450  1239  2082 D OneSearchSuggestProvider: 	at java.util.concurrent.CompletableFuture.postComplete(CompletableFuture.java:486)
06-24 14:05:27.450  1239  2082 D OneSearchSuggestProvider: 	at java.util.concurrent.CompletableFuture.completeExceptionally(CompletableFuture.java:2138)
06-24 14:05:27.450  1239  2082 D OneSearchSuggestProvider: 	at com.google.android.apps.nexuslauncher.allapps.E0.onResult(go/retraceme 2855a437b73635ce9cad76b9289087e631bbb67fc90008a0da13d343a00e5041:67)
06-24 14:05:27.450  1239  2082 D OneSearchSuggestProvider: 	at android.app.appsearch.SearchSessionUtil$1.lambda$onResult$0(go/retraceme 64eee9e9f568ff45978879ad2ff83146f2618ee8a88278736fbdf5fae931976e:144)
06-24 14:05:27.450  1239  2082 D OneSearchSuggestProvider: 	at android.app.appsearch.SearchSessionUtil$1.$r8$lambda$CEk3q8sDAQVhU3rQwVueB8FAj_M(go/retraceme 64eee9e9f568ff45978879ad2ff83146f2618ee8a88278736fbdf5fae931976e:1)
06-24 14:05:27.450  1239  2082 D OneSearchSuggestProvider: 	at android.app.appsearch.SearchSessionUtil$1$$ExternalSyntheticLambda0.run(go/retraceme 64eee9e9f568ff45978879ad2ff83146f2618ee8a88278736fbdf5fae931976e:22)
06-24 14:05:27.450  1239  2082 D OneSearchSuggestProvider: 	at android.os.Handler.handleCallback(Handler.java:959)
06-24 14:05:27.450  1239  2082 D OneSearchSuggestProvider: 	at android.os.Handler.dispatchMessage(Handler.java:100)
06-24 14:05:27.450  1239  2082 D OneSearchSuggestProvider: 	at android.os.Looper.loopOnce(Looper.java:232)
06-24 14:05:27.450  1239  2082 D OneSearchSuggestProvider: 	at android.os.Looper.loop(Looper.java:317)
06-24 14:05:27.450  1239  2082 D OneSearchSuggestProvider: 	at android.os.HandlerThread.run(HandlerThread.java:85)
06-24 14:05:27.450  1239  2082 D OneSearchSuggestProvider: Caused by: java.util.NoSuchElementException: No value present
06-24 14:05:27.450  1239  2082 D OneSearchSuggestProvider: 	at java.util.Optional.get(Optional.java:143)
06-24 14:05:27.450  1239  2082 D OneSearchSuggestProvider: 	at com.google.android.apps.nexuslauncher.allapps.E0.onResult(go/retraceme 2855a437b73635ce9cad76b9289087e631bbb67fc90008a0da13d343a00e5041:28)
06-24 14:05:27.450  1239  2082 D OneSearchSuggestProvider: 	... 8 more
06-24 14:05:27.450  1239  2082 D OneSearchSuggestProvider: Created the binder channel successfully for end point service =com.google.android.apps.search.googleapp.search.suggest.plugins.onesearch.server.OneSearchSuggestService , mChannel=i1{delegate=f{logId=225, target=directaddress:///AndroidComponentAddress%5BIntent%20%7B%20act=grpc.io.action.BIND%20cmp=com.google.android.googlequicksearchbox/com.google.android.apps.search.googleapp.search.suggest.plugins.onesearch.server.OneSearchSuggestService%20%7D%5D}} , mOneSearchConnection=l2.Z@3d41d4
06-24 14:05:27.451  1239  1268 D QuickstepModelDelegate: notifyAppTargetEvent action=1 launchLocation=workspace/0/[-1,-1]/[1,1]
06-24 14:05:27.452   414   414 I BpBinder: onLastStrongRef automatically unlinking death recipients:
06-24 14:05:27.453  1239  1239 D NexusLauncherModelDelegate: notifySmartspaceEvent: SmartspaceTargetEvent{mSmartspaceTarget=null, mSmartspaceActionId='null', mEventType=6}
06-24 14:05:27.455  7368  7368 I A       : (REDACTED) Created gRPC endpoint for service %s
06-24 14:05:27.456  1239  1239 D BaseDepthController: setSurface:
06-24 14:05:27.456  1239  1239 D BaseDepthController: 	mWaitingOnSurfaceValidity: false
06-24 14:05:27.456  1239  1239 D BaseDepthController: 	mSurface: Surface(name=com.google.android.apps.nexuslauncher/com.google.android.apps.nexuslauncher.NexusLauncherActivity)/@0xa9cf4ae
06-24 14:05:27.457  1637  1714 I AiAiEcho: Predicting[0]:  [CONTEXT sampling_count=5 ]
06-24 14:05:27.457  1637  1714 I AiAiEcho: EchoTargets:
06-24 14:05:27.457  1637  1714 I AiAiEcho: Filtered by AiAi flag check:
06-24 14:05:27.457  1637  1714 I AiAiEcho: [CONTEXT ratelimit_period="10 SECONDS" ]
06-24 14:05:27.457  1637  1714 I AiAiEcho: Ranked targets strategy: SORT, count: 0, ranking metadata:  [CONTEXT ratelimit_period="10 SECONDS" ]
06-24 14:05:27.458  1637  1714 I AiAiEcho: #remoteViewsTwiddler: feature disabled.
06-24 14:05:27.458  1637  1714 I AiAiEcho: #postPredictionTargets: Sending updates to UISurface home with targets# 0 (types=[])
06-24 14:05:27.461  1239  1239 D SsBaseTemplateCard: No text view can be set up
06-24 14:05:27.461  1239  1239 D SsBaseTemplateCard: Passed-in item info is null
06-24 14:05:27.461  1239  1239 D SsBaseTemplateCard: Passed-in item info is null
06-24 14:05:27.461  1239  1239 D SsBaseTemplateCard: Passed-in item info is null
06-24 14:05:27.461  1239  1239 I SsBaseTemplateCard: Secondary card pane is null
06-24 14:05:27.466  1239  1239 D StateManager: createAtomicAnimation - fromState: Background, toState: Normal, partial trace:
06-24 14:05:27.466  1239  1239 D StateManager: 	at com.android.quickstep.util.WorkspaceRevealAnim.prepareToAnimate(go/retraceme 2855a437b73635ce9cad76b9289087e631bbb67fc90008a0da13d343a00e5041:22)
06-24 14:05:27.466  1239  1239 D StateManager: 	at com.android.quickstep.util.WorkspaceRevealAnim.<init>(go/retraceme 2855a437b73635ce9cad76b9289087e631bbb67fc90008a0da13d343a00e5041:11)
06-24 14:05:27.466  1239  1239 D StateManager: 	at com.android.launcher3.QuickstepTransitionManager.createWallpaperOpenAnimations(go/retraceme 2855a437b73635ce9cad76b9289087e631bbb67fc90008a0da13d343a00e5041:735)
06-24 14:05:27.472  1239  1239 D SearchTargetUtil: queryLength=0 size=15
06-24 14:05:27.472  1239  1239 D SearchTargetUtil: layoutType=short_icon_row resultType=131072 packageName=com.google.android.googlequicksearchbox extras=Bundle{suggestion_type=33,suggest_truncate_start=false,is_answer=false,is_entity=false,is_personal=false,suggest_raw_text=benson boone american heart album review,input_query=android.app.search.Query@57eb52a,group_id=web7399253,response_id=7bc762bc-f38d-4331-a279-4ace8e49c39a,support_query_builder=false,} searchAction=benson boone american heart album review searchActionExtras=Bundle{learn_more_url=https://support.google.com/websearch/answer/106230?hl=106230,suggestion_action_text=Report this,should_start_for_result=true,allow_pinning=true,skip_logging_in_target_handler=true,suggestion_action_rpc=2,}ParentID: null targetID: f5eb9755-4b47-4199-a5bf-9417d5a73820
06-24 14:05:27.472  1239  1239 D SearchTargetUtil: layoutType=short_icon_row resultType=131072 packageName=com.google.android.googlequicksearchbox extras=Bundle{suggestion_type=33,suggest_truncate_start=false,is_answer=false,is_entity=false,is_personal=false,suggest_raw_text=inter miami fifa club world cup,input_query=android.app.search.Query@57eb52a,group_id=web7399253,response_id=7bc762bc-f38d-4331-a279-4ace8e49c39a,support_query_builder=false,} searchAction=inter miami fifa club world cup searchActionExtras=Bundle{learn_more_url=https://support.google.com/websearch/answer/106230?hl=106230,suggestion_action_text=Report this,should_start_for_result=true,allow_pinning=true,skip_logging_in_target_handler=true,suggestion_action_rpc=2,}ParentID: null targetID: 04e8ccb0-e4b1-4381-947b-2a52eafe5299
06-24 14:05:27.472  1239  1239 D SearchTargetUtil: layoutType=short_icon_row resultType=131072 packageName=com.google.android.googlequicksearchbox extras=Bundle{suggestion_type=33,suggest_truncate_start=false,is_answer=false,is_entity=false,is_personal=false,suggest_raw_text=morrissey cancels concert,input_query=android.app.search.Query@57eb52a,group_id=web7399253,response_id=7bc762bc-f38d-4331-a279-4ace8e49c39a,support_query_builder=false,} searchAction=morrissey cancels concert searchActionExtras=Bundle{learn_more_url=https://support.google.com/websearch/answer/106230?hl=106230,suggestion_action_text=Report this,should_start_for_result=true,allow_pinning=true,skip_logging_in_target_handler=true,suggestion_action_rpc=2,}ParentID: null targetID: 51b6c44f-723d-4fb9-a612-9d2f321944ff
06-24 14:05:27.472  1239  1239 D SearchTargetUtil: layoutType=short_icon_row resultType=131072 packageName=com.google.android.googlequicksearchbox extras=Bundle{suggestion_type=33,suggest_truncate_start=false,is_answer=false,is_entity=false,is_personal=false,suggest_raw_text=paramount+ showtime rebranding,input_query=android.app.search.Query@57eb52a,group_id=web7399253,response_id=7bc762bc-f38d-4331-a279-4ace8e49c39a,support_query_builder=false,} searchAction=paramount+ showtime rebranding searchActionExtras=Bundle{learn_more_url=https://support.google.com/websearch/answer/106230?hl=106230,suggestion_action_text=Report this,should_start_for_result=true,allow_pinning=true,skip_logging_in_target_handler=true,suggestion_action_rpc=2,}ParentID: null targetID: 24f45c89-5bde-4e60-bafc-6459f99c28ed
06-24 14:05:27.472  1239  1239 D SearchTargetUtil: layoutType=short_icon_row resultType=131072 packageName=com.google.android.googlequicksearchbox extras=Bundle{suggestion_type=33,suggest_truncate_start=false,is_answer=false,is_entity=false,is_personal=false,suggest_raw_text=kroger stores closing,input_query=android.app.search.Query@57eb52a,group_id=web7399253,response_id=7bc762bc-f38d-4331-a279-4ace8e49c39a,support_query_builder=false,} searchAction=kroger stores closing searchActionExtras=Bundle{learn_more_url=https://support.google.com/websearch/answer/106230?hl=106230,suggestion_action_text=Report this,should_start_for_result=true,allow_pinning=true,skip_logging_in_target_handler=true,suggestion_action_rpc=2,}ParentID: null targetID: 30f26aad-fd80-4d40-9b3b-b0eeebb182fb
06-24 14:05:27.473  1239  1239 D SearchTargetUtil: layoutType=extra_tall_icon_row resultType=131072 packageName=com.google.android.googlequicksearchbox extras=Bundle{bitmap_url=data:image/jpeg;base64,/9j/4AAQSkZJRgABAQAAAQABAAD/2wCEAAkGBwgHBgkIBwgKCgkLDRYPDQwMDRsUFRAWIB0iIiAdHx8kKDQsJCYxJx8fLT0tMTU3Ojo6Iys/RD84QzQ5OjcBCgoKDQwNGg8PGjclHyU3Nzc3Nzc3Nzc3Nzc3Nzc3Nzc3Nzc3Nzc3Nzc3Nzc3Nzc3Nzc3Nzc3Nzc3Nzc3Nzc3N//AABEIAHwAfAMBIgACEQEDEQH/xAAcAAACAwEBAQEAAAAAAAAAAAAFBgMEBwIBAAj/xAA9EAACAQMCBAQDBgIJBQEAAAABAgMABBEFIQYSMUETIlFhcYGRBxRCobHBIzIVM1KCotHh8PEkYnJzwiX/xAAZAQADAQEBAAAAAAAAAAAAAAABAgMABAX/xAAnEQACAgICAAUEAwAAAAAAAAAAAQIRAyESMQQiQeHwBVFhcROBkf/aAAwDAQACEQMRAD8A1KzvLa8TME8Mp7+G4OKs4r866TxJf6HJm35om6b9PpTppX2qOkAF/EJmB3cYUn6bUwKNYFfcwHU0m6Nx/YapKIyngE9DJIADTXGySqGjYMD3BrAJi9eZrkLXu9Ax7XnyrwnAJOwFDZNRlLkW8IKD8T7ZoOSXY0YuXQlfbbCzaHZywhfFErArjzMvIT19j2/7qVpRbyQrpLzGPTtIs1Mr+IUD3UnKQ2em3Nj26dDWhcQ2llrsccGtaaLiOMkpiRgUyNyOUg0ncT8H+DaxR6Szm1nvI5boSsHKIFx/eXZdj3/KWTzLTKKLi9iJrWl3vD9ykdwOaGcFo5V6Pg4IPuPSqcAtzdRSgEkOOdNwOXO49tvSinEV1qllYWuianByR2xLWsp7oewP+yOnpS9CeQnqB8apjbcdsSWmbFd3Fvqg0/TOGuJNN0vT5AB4VuhSfnG+D/a3xkbH1zU32S2Ktqus38uPHj5YeUdBzElvzUD5VlXDN39312xuJmwsNzHK59FVwWPw5c5py+y2fUZdSv57LldWRMqZeQLuc5XuenyJpMcODaNKXI3Df4VC17aKcPeW6kdjKo/elaW01e6MsVw1pHbPlSDlmdD64xyn64qnBwhbGPmujb+KSS3hxnl9urZ6VSxTMzNHMCJkBPTpVSewhkH8I8p9qhjnEuG79qsq3k360EyjQPeC6gG2WX29KYeE+M73QblV5i9uxAeJ99vb0NUI5VdhzLkdc1FNFEx8ygqPqKNi0b3o3Eema0iGxuo2lYZ8EsA4/u0V3HWvzKFmt357KZ0Ofwtg0x6L9o2t6SRFO5uYx+GQ/v1oi0bRrF4LSFFyOaU8oycUFluhGuZJlB7YOc1nHEv2g6rrUMCWFmiFASzRq7HPpt8vWvtR0rXbvhaxuIp2hvXy88Yfw8Kfc7jHx71HInfZ04WlHoffv8ci+V1YA+ZkbJFXWMV/AyqxCPHjmHoRWd8Jabq9g8kt/dZRwByklz9T0+VMMkp5f4HixvzqOePOcHrt0qakouisoOaT6ESbiZoBPouv2pv7S3leJZpADICGIyezfHY0p6qLWK+f+jpBJZthoxvlfUHO+Qc/lWyraWT3T2Ou6fZ3X3mESxzlAjEnqC3qCD123HTc0Lfh3QJbe4tbrQopzGP+jubUtC8gKqQHxt1dRzYx7dAa44KLtKiE0+uzJUnC5wRuMbntTFwLrk+ja4s1pyr46mGRJFLIQSDkehBA/OmS4+zKBpZk0e/kR4nC+Hfcp5iQpADoevnUfy9SKFLw/qegahbPqtj4UZnCpLEwZCcZ3+lWeiDG1eMtdeRF5YkDMASsHTOPXPrVY8YcQk58dx7eFGP2qrFZWgMRVnJBXqPh/lVcaZFje6/w/wCtLoWxHguTGRj50SSctj1oKpD9Dg1NFMUYZoFwwk5H7VOkysN+poWjgjfpUyvjfrisAulebdOvcVG8LSg5GTjbNdROHww6/rVqNV5ck/KtZqItISewupJbcbshUA9j7Uah1SOOZTdXzCMDzQSXITt/ZzzEfLFDnnFugwA8smREh6e7H2H60XsmieNWL2aONm8aIMw+Bx0qUquzoxWlVnEF281y72xkjtTnlDAgE+2aNafez3LmCE+c+TAGSc9qo6hc2xROSUSODuQMCm7grR0sFfWb8eEAhdEbbkXG7N6bdqnGPOWik58I7AVzxFHd2pZSoaylWW2kGxdM7g++M49fj1Oas8bLNcALzpEzK2BkFRkEfD0+lZQNREl3NMnlWSRnUHpgkkD86ZtP1bxrJ4Z3k5gB1XmDJnfON8gZ9f3rtklRwRltWO8MKZFwrOkpw7IuACcLjoNweVR17Ch3FjtfvpllFOqzvIJhk45sDHyzk0IPFmmRE+NqMIYDmKDyk5645sde49dxih15qdtqkgvLxpI7FF5bZ4YVmaRuhJDYwuB8Pep5ZJRN26Da8M30ZEklzbhQcn+N2+ldnhe/7zW2f/ef8qX7C60621GDToZ9OmiuhyxXVrAIWR9iFkQbYJx8987V1dwW8k7C8s4HlTyHxIVYrjtuKSOVSdDPFWxH4g4X1Th4JLeLG9u7cqzRNkZ9x1HUUJVs71qfEKJe6baKbc3HPbtlF6gssB39P5T8xWa6rp02lXQhmKkMvMpU5+XxFNa6Ck6s9herccgI3OTQpGwKuWyTTAtDGzKOrdFHxJ2HzrBWy8HCDmXpVuCYCPxpQRF+Fc4Mh9vb3/2BiSQwHBYXEpP8q58NT7n8X6e5qRTLPL4kjEn37fCh2NpdliS6PitK+GmbbYbKOwFGOELW11m7v7S+cI33JpYZG/A4ZQNu/U7fGlYseZx38Q0y8FwN497d5IjjQRZA7nf9M1aMVVEJSd2OuhcLJpzQ3OpSR3EvKGjhi3UZ3z71T+0fiq4hsv6FgxG1yuZvUR56f3sfTPrR3Rry303h+TUNRn5kiVmz1IA6IPXtj4isd1O/n1TUbi+uj/FncsQDso7KPYDA+VNxUdG5uW2RqdqvWl48DBlYjFDV5ubc+XsK7L+lAAbgWzkkeQxojHzeWPJJojwnqtsmuNZyoLm1vlaMrcQLmM4JAG52PQ+u3pSotyydDjFSW16Y9Qt70rl4JkkIG3OAQSPjtXP4jD/JjlFeqK4p8JJsctX0vRtWivP6CXwNSseZpoFiZA4BIOB0yCNiP3BorpNqvFOnQal43JccgiuMfikXbm+Y5T86n0vTNNm1deJLDUGIuAeaLblORgg9wcgHHqKQL/UXsNUv4dJuZI7Q3DlAuw/42wPYCvF8NKea8eKTTjW36X3F/wB9HoZYxx+eaVP7ev2ZdjmaZ18LUrMnGRG0jAHI7jGD1/3tXN1YXF1EYrhbJUBxgRFSMHqMY6/mKH3t3PZzNcQXLeMw5GYbZxtRHg+8++6j4Wor48HV+YkHHfcEGvYjGtHNkbFm6kawumhFtEkkZyG5Ac+hGc1Xub25u3zcTSSHtzNnHw9KbOPrfSVn5dMiZGVQ6sZC2Qeo3+tJijcVTikyPNtFq1XJoxbqDih1quB0ojE3hr1wBvmiAHspSVweoc/rTrwJb82iXkhz/FusfRR/rSXI3M7N6mnjhu+TSeClvJRkh5GC/wBpixA/arQIzKfHWq4jh0WBsRxeecDux6L9MH5j0pQ6DJrqaV7iaSeduaSRizNjqTua536n6Vm7ClR4CRknv2r7m2qN5PNyivC3QepoBPS3aukPpUTsq9Oteof+7PwoGGbTNN06eBkRJLic4JXIORj8Ixn4kZ79Kil0u1cjEGowEbFI7cyjOT+IGo7G0e40+NzCGiyfNJIAu23fA2rs3RhCxxXlqiKNlWePA3/8q4fNydS+fPweu1CWJeRL589SnewPDYvcSJzIJCAp6YHKD+ZNMGgadbwxzT3cNxHGgGHt+VlIG5yD5s9N6GJMl5w8kLHLB51b1BY5
06-24 14:05:27.473  1239  1239 D SearchTargetUtil: layoutType=short_icon_row resultType=131072 packageName=com.google.android.googlequicksearchbox extras=Bundle{suggestion_type=33,suggest_truncate_start=false,is_answer=false,is_entity=false,is_personal=false,suggest_raw_text=nascar 23xi racing lawsuit,input_query=android.app.search.Query@57eb52a,group_id=web7399253,response_id=7bc762bc-f38d-4331-a279-4ace8e49c39a,support_query_builder=false,} searchAction=nascar 23xi racing lawsuit searchActionExtras=Bundle{learn_more_url=https://support.google.com/websearch/answer/106230?hl=106230,suggestion_action_text=Report this,should_start_for_result=true,allow_pinning=true,skip_logging_in_target_handler=true,suggestion_action_rpc=2,}ParentID: null targetID: caa39338-3602-4330-b7f8-abd37432dbfa
06-24 14:05:27.473  1239  1239 D SearchTargetUtil: layoutType=short_icon_row resultType=131072 packageName=com.google.android.googlequicksearchbox extras=Bundle{suggestion_type=33,suggest_truncate_start=false,is_answer=false,is_entity=false,is_personal=false,suggest_raw_text=red lobster seafood boils,input_query=android.app.search.Query@57eb52a,group_id=web7399253,response_id=7bc762bc-f38d-4331-a279-4ace8e49c39a,support_query_builder=false,} searchAction=red lobster seafood boils searchActionExtras=Bundle{learn_more_url=https://support.google.com/websearch/answer/106230?hl=106230,suggestion_action_text=Report this,should_start_for_result=true,allow_pinning=true,skip_logging_in_target_handler=true,suggestion_action_rpc=2,}ParentID: null targetID: 1f3e95a6-3189-4249-9def-4c1a3e5cb314
06-24 14:05:27.473  1239  1239 D SearchTargetUtil: layoutType=short_icon_row resultType=131072 packageName=com.google.android.googlequicksearchbox extras=Bundle{suggestion_type=33,suggest_truncate_start=false,is_answer=false,is_entity=false,is_personal=false,suggest_raw_text=alpha zombies,input_query=android.app.search.Query@57eb52a,group_id=web7399253,response_id=7bc762bc-f38d-4331-a279-4ace8e49c39a,support_query_builder=false,} searchAction=alpha zombies searchActionExtras=Bundle{learn_more_url=https://support.google.com/websearch/answer/106230?hl=106230,suggestion_action_text=Report this,should_start_for_result=true,allow_pinning=true,skip_logging_in_target_handler=true,suggestion_action_rpc=2,}ParentID: null targetID: 0646428f-00ee-48e8-b0b3-3d24acebb71c
06-24 14:05:27.473  1239  1239 D SearchTargetUtil: layoutType=short_icon_row resultType=131072 packageName=com.google.android.googlequicksearchbox extras=Bundle{suggestion_type=33,suggest_truncate_start=false,is_answer=false,is_entity=false,is_personal=false,suggest_raw_text=madison woodmans roof collapse,input_query=android.app.search.Query@57eb52a,group_id=web7399253,response_id=7bc762bc-f38d-4331-a279-4ace8e49c39a,support_query_builder=false,} searchAction=madison woodmans roof collapse searchActionExtras=Bundle{learn_more_url=https://support.google.com/websearch/answer/106230?hl=106230,suggestion_action_text=Report this,should_start_for_result=true,allow_pinning=true,skip_logging_in_target_handler=true,suggestion_action_rpc=2,}ParentID: null targetID: a8d24dcc-b5cf-43aa-8929-4a79929b5c4e
06-24 14:05:27.473  1239  1239 D SearchTargetUtil: layoutType=short_icon_row resultType=131072 packageName=com.google.android.googlequicksearchbox extras=Bundle{suggestion_type=33,suggest_truncate_start=false,is_answer=false,is_entity=false,is_personal=false,suggest_raw_text=chinese satellite pulverizes starlink,input_query=android.app.search.Query@57eb52a,group_id=web7399253,response_id=7bc762bc-f38d-4331-a279-4ace8e49c39a,support_query_builder=false,} searchAction=chinese satellite pulverizes starlink searchActionExtras=Bundle{learn_more_url=https://support.google.com/websearch/answer/106230?hl=106230,suggestion_action_text=Report this,should_start_for_result=true,allow_pinning=true,skip_logging_in_target_handler=true,suggestion_action_rpc=2,}ParentID: null targetID: 7a6e912b-4ac4-4db8-a6a3-215db3f069f7
06-24 14:05:27.473  1239  1239 D SearchTargetUtil: layoutType=short_icon_row resultType=131072 packageName=com.google.android.googlequicksearchbox extras=Bundle{suggestion_type=33,suggest_truncate_start=false,is_answer=false,is_entity=false,is_personal=false,suggest_raw_text=samsung galaxy z fold 7,input_query=android.app.search.Query@57eb52a,group_id=web7399253,response_id=7bc762bc-f38d-4331-a279-4ace8e49c39a,support_query_builder=false,} searchAction=samsung galaxy z fold 7 searchActionExtras=Bundle{learn_more_url=https://support.google.com/websearch/answer/106230?hl=106230,suggestion_action_text=Report this,should_start_for_result=true,allow_pinning=true,skip_logging_in_target_handler=true,suggestion_action_rpc=2,}ParentID: null targetID: 15213004-6625-44c3-a899-ff523846d8b2
06-24 14:05:27.473  1239  1239 D SearchTargetUtil: layoutType=short_icon_row resultType=131072 packageName=com.google.android.googlequicksearchbox extras=Bundle{suggestion_type=33,suggest_truncate_start=false,is_answer=false,is_entity=false,is_personal=false,suggest_raw_text=inert grenade tsa detroit airport,input_query=android.app.search.Query@57eb52a,group_id=web7399253,response_id=7bc762bc-f38d-4331-a279-4ace8e49c39a,support_query_builder=false,} searchAction=inert grenade tsa detroit airport searchActionExtras=Bundle{learn_more_url=https://support.google.com/websearch/answer/106230?hl=106230,suggestion_action_text=Report this,should_start_for_result=true,allow_pinning=true,skip_logging_in_target_handler=true,suggestion_action_rpc=2,}ParentID: null targetID: 33c64aef-9d51-4e05-8dd0-d71bb8019c27
06-24 14:05:27.473  1239  1239 D SearchTargetUtil: layoutType=short_icon_row resultType=131072 packageName=com.google.android.googlequicksearchbox extras=Bundle{suggestion_type=33,suggest_truncate_start=false,is_answer=false,is_entity=false,is_personal=false,suggest_raw_text=nyt crossword answers,input_query=android.app.search.Query@57eb52a,group_id=web7399253,response_id=7bc762bc-f38d-4331-a279-4ace8e49c39a,support_query_builder=false,} searchAction=nyt crossword answers searchActionExtras=Bundle{learn_more_url=https://support.google.com/websearch/answer/106230?hl=106230,suggestion_action_text=Report this,should_start_for_result=true,allow_pinning=true,skip_logging_in_target_handler=true,suggestion_action_rpc=2,}ParentID: null targetID: 73f21378-2704-43d8-9332-a4bd1a997694
06-24 14:05:27.473  1239  1239 D SearchTargetUtil: layoutType=short_icon_row resultType=131072 packageName=com.google.android.googlequicksearchbox extras=Bundle{suggestion_type=33,suggest_truncate_start=false,is_answer=false,is_entity=false,is_personal=false,suggest_raw_text=south carolina driver's license redesign,input_query=android.app.search.Query@57eb52a,group_id=web7399253,response_id=7bc762bc-f38d-4331-a279-4ace8e49c39a,support_query_builder=false,} searchAction=south carolina driver's license redesign searchActionExtras=Bundle{learn_more_url=https://support.google.com/websearch/answer/106230?hl=106230,suggestion_action_text=Report this,should_start_for_result=true,allow_pinning=true,skip_logging_in_target_handler=true,suggestion_action_rpc=2,}ParentID: null targetID: 684e4f00-df6e-43c3-9f16-2a14d1be8c3c
06-24 14:05:27.486   387   387 I RanchuHwc: logCompositionFallbackIfChanged: layer 521 CompositionType fallback from 2 to 1
06-24 14:05:27.486   387   387 I RanchuHwc: logCompositionFallbackIfChanged: layer 517 CompositionType fallback from 2 to 1
06-24 14:05:27.486   387   387 I RanchuHwc: logCompositionFallbackIfChanged: layer 518 CompositionType fallback from 3 to 1
06-24 14:05:27.486   387   387 I RanchuHwc: logCompositionFallbackIfChanged: layer 522 CompositionType fallback from 3 to 1
06-24 14:05:27.486   387   387 I RanchuHwc: logCompositionFallbackIfChanged: layer 523 CompositionType fallback from 2 to 1
06-24 14:05:27.486   387   387 I RanchuHwc: logCompositionFallbackIfChanged: layer 524 CompositionType fallback from 2 to 1
06-24 14:05:27.822 12832 12832 D VRI[InstrumentationActivityInvoker$EmptyActivity]: visibilityChanged oldVisibility=true newVisibility=false
06-24 14:05:27.839 12832 12832 D LifecycleMonitor: Lifecycle status change: androidx.activity.ComponentActivity@997d7c2 in: STOPPED
06-24 14:05:27.839 12832 12832 V ActivityScenario: Update currentActivityStage to STOPPED, currentActivity=androidx.activity.ComponentActivity@997d7c2
06-24 14:05:27.842 12832 12832 D LifecycleMonitor: Lifecycle status change: androidx.activity.ComponentActivity@997d7c2 in: DESTROYED
06-24 14:05:27.842 12832 12832 V ActivityScenario: Update currentActivityStage to DESTROYED, currentActivity=null
06-24 14:05:27.842 12832 12832 W WindowOnBackDispatcher: sendCancelIfRunning: isInProgress=false callback=android.view.ViewRootImpl$$ExternalSyntheticLambda11@3d770e6
06-24 14:05:27.843   580  1127 W InputManager-JNI: Input channel object 'c079a95 com.example.ud1_modularization_example_2.feature.pokedex.test/androidx.activity.ComponentActivity (client)' was disposed without first being removed with the input manager!
06-24 14:05:27.845   580   600 W InputManager-JNI: Input channel object 'Letterbox_fullWindow_ActivityRecord{1f06daf u0 com.example.ud1_modularization_example_2.feature.pokedex.test/androidx.activity.ComponentActivity t60} (client)' was disposed without first being removed with the input manager!
06-24 14:05:27.845 12832 12832 D LifecycleMonitor: Lifecycle status change: androidx.test.core.app.InstrumentationActivityInvoker$EmptyActivity@82f52b9 in: STOPPED
06-24 14:05:27.846 12832 12832 D LifecycleMonitor: Lifecycle status change: androidx.test.core.app.InstrumentationActivityInvoker$EmptyActivity@82f52b9 in: DESTROYED
06-24 14:05:27.846 12832 12832 W WindowOnBackDispatcher: sendCancelIfRunning: isInProgress=false callback=android.view.ViewRootImpl$$ExternalSyntheticLambda11@5c9aa57
06-24 14:05:27.847   580  1127 W InputManager-JNI: Input channel object '1e2e909 com.example.ud1_modularization_example_2.feature.pokedex.test/androidx.test.core.app.InstrumentationActivityInvoker$EmptyActivity (client)' was disposed without first being removed with the input manager!
06-24 14:05:27.848   580   600 W InputManager-JNI: Input channel object 'Letterbox_fullWindow_ActivityRecord{91ee962 u0 com.example.ud1_modularization_example_2.feature.pokedex.test/androidx.test.core.app.InstrumentationActivityInvoker$EmptyActivity t60} (client)' was disposed without first being removed with the input manager!
06-24 14:05:27.850  1239  1239 I TopTaskTracker: onTaskRemoved: taskId=60
06-24 14:05:27.850  1239  1239 I TopTaskTracker: onTaskRemoved: taskId=60
06-24 14:05:27.850 12832 12872 D IdlingRegistry: Unregistering idling resources: [androidx.compose.ui.test.EspressoLink@321d93f]
06-24 14:05:27.850 12832 12872 I TestRunner: finished: pokedexScreen_searchIsCaseInsensitive(com.example.ud1_modularization_example_2.feature.pokedex.PokedexScreenTest)
